Archive member included to satisfy reference by file (symbol)

/usr/lib/gcc/arm-none-eabi/10.2.0/thumb/v7e-m/nofp/libgcc.a(_aeabi_uldivmod.o)
                              CMakeFiles/fsm-pump-controller-v1.elf.dir/Drivers/STM32F4xx_HAL_Driver/Src/stm32f4xx_hal_rcc.c.obj (__aeabi_uldivmod)
/usr/lib/gcc/arm-none-eabi/10.2.0/thumb/v7e-m/nofp/libgcc.a(_udivmoddi4.o)
                              /usr/lib/gcc/arm-none-eabi/10.2.0/thumb/v7e-m/nofp/libgcc.a(_aeabi_uldivmod.o) (__udivmoddi4)
/usr/lib/gcc/arm-none-eabi/10.2.0/thumb/v7e-m/nofp/libgcc.a(_dvmd_tls.o)
                              /usr/lib/gcc/arm-none-eabi/10.2.0/thumb/v7e-m/nofp/libgcc.a(_aeabi_uldivmod.o) (__aeabi_ldiv0)
/usr/lib/gcc/arm-none-eabi/10.2.0/../../../../arm-none-eabi/lib/thumb/v7e-m/nofp/libg.a(lib_a-atexit.o)
                              /usr/lib/gcc/arm-none-eabi/10.2.0/../../../../arm-none-eabi/lib/thumb/v7e-m/nofp/crt0.o (atexit)
/usr/lib/gcc/arm-none-eabi/10.2.0/../../../../arm-none-eabi/lib/thumb/v7e-m/nofp/libg.a(lib_a-errno.o)
                              CMakeFiles/fsm-pump-controller-v1.elf.dir/Core/Src/syscalls.c.obj (__errno)
/usr/lib/gcc/arm-none-eabi/10.2.0/../../../../arm-none-eabi/lib/thumb/v7e-m/nofp/libg.a(lib_a-exit.o)
                              /usr/lib/gcc/arm-none-eabi/10.2.0/../../../../arm-none-eabi/lib/thumb/v7e-m/nofp/crt0.o (exit)
/usr/lib/gcc/arm-none-eabi/10.2.0/../../../../arm-none-eabi/lib/thumb/v7e-m/nofp/libg.a(lib_a-fini.o)
                              /usr/lib/gcc/arm-none-eabi/10.2.0/../../../../arm-none-eabi/lib/thumb/v7e-m/nofp/crt0.o (__libc_fini_array)
/usr/lib/gcc/arm-none-eabi/10.2.0/../../../../arm-none-eabi/lib/thumb/v7e-m/nofp/libg.a(lib_a-impure.o)
                              /usr/lib/gcc/arm-none-eabi/10.2.0/../../../../arm-none-eabi/lib/thumb/v7e-m/nofp/libg.a(lib_a-exit.o) (_global_impure_ptr)
/usr/lib/gcc/arm-none-eabi/10.2.0/../../../../arm-none-eabi/lib/thumb/v7e-m/nofp/libg.a(lib_a-init.o)
                              /usr/lib/gcc/arm-none-eabi/10.2.0/../../../../arm-none-eabi/lib/thumb/v7e-m/nofp/crt0.o (__libc_init_array)
/usr/lib/gcc/arm-none-eabi/10.2.0/../../../../arm-none-eabi/lib/thumb/v7e-m/nofp/libg.a(lib_a-memset.o)
                              /usr/lib/gcc/arm-none-eabi/10.2.0/../../../../arm-none-eabi/lib/thumb/v7e-m/nofp/crt0.o (memset)
/usr/lib/gcc/arm-none-eabi/10.2.0/../../../../arm-none-eabi/lib/thumb/v7e-m/nofp/libg.a(lib_a-strlen.o)
                              CMakeFiles/fsm-pump-controller-v1.elf.dir/Core/Src/lcdhitachi.c.obj (strlen)
/usr/lib/gcc/arm-none-eabi/10.2.0/../../../../arm-none-eabi/lib/thumb/v7e-m/nofp/libg.a(lib_a-vsprintf.o)
                              CMakeFiles/fsm-pump-controller-v1.elf.dir/Core/Src/lcdhitachi.c.obj (vsprintf)
/usr/lib/gcc/arm-none-eabi/10.2.0/../../../../arm-none-eabi/lib/thumb/v7e-m/nofp/libg.a(lib_a-__atexit.o)
                              /usr/lib/gcc/arm-none-eabi/10.2.0/../../../../arm-none-eabi/lib/thumb/v7e-m/nofp/libg.a(lib_a-atexit.o) (__register_exitproc)
/usr/lib/gcc/arm-none-eabi/10.2.0/../../../../arm-none-eabi/lib/thumb/v7e-m/nofp/libg.a(lib_a-__call_atexit.o)
                              /usr/lib/gcc/arm-none-eabi/10.2.0/../../../../arm-none-eabi/lib/thumb/v7e-m/nofp/libg.a(lib_a-exit.o) (__call_exitprocs)
/usr/lib/gcc/arm-none-eabi/10.2.0/../../../../arm-none-eabi/lib/thumb/v7e-m/nofp/libg.a(lib_a-lock.o)
                              /usr/lib/gcc/arm-none-eabi/10.2.0/../../../../arm-none-eabi/lib/thumb/v7e-m/nofp/libg.a(lib_a-__atexit.o) (__retarget_lock_acquire_recursive)
/usr/lib/gcc/arm-none-eabi/10.2.0/../../../../arm-none-eabi/lib/thumb/v7e-m/nofp/libg.a(lib_a-svfprintf.o)
                              /usr/lib/gcc/arm-none-eabi/10.2.0/../../../../arm-none-eabi/lib/thumb/v7e-m/nofp/libg.a(lib_a-vsprintf.o) (_svfprintf_r)
/usr/lib/gcc/arm-none-eabi/10.2.0/../../../../arm-none-eabi/lib/thumb/v7e-m/nofp/libg.a(lib_a-dtoa.o)
                              /usr/lib/gcc/arm-none-eabi/10.2.0/../../../../arm-none-eabi/lib/thumb/v7e-m/nofp/libg.a(lib_a-svfprintf.o) (_dtoa_r)
/usr/lib/gcc/arm-none-eabi/10.2.0/../../../../arm-none-eabi/lib/thumb/v7e-m/nofp/libg.a(lib_a-freer.o)
                              /usr/lib/gcc/arm-none-eabi/10.2.0/../../../../arm-none-eabi/lib/thumb/v7e-m/nofp/libg.a(lib_a-svfprintf.o) (_free_r)
/usr/lib/gcc/arm-none-eabi/10.2.0/../../../../arm-none-eabi/lib/thumb/v7e-m/nofp/libg.a(lib_a-localeconv.o)
                              /usr/lib/gcc/arm-none-eabi/10.2.0/../../../../arm-none-eabi/lib/thumb/v7e-m/nofp/libg.a(lib_a-svfprintf.o) (_localeconv_r)
/usr/lib/gcc/arm-none-eabi/10.2.0/../../../../arm-none-eabi/lib/thumb/v7e-m/nofp/libg.a(lib_a-locale.o)
                              /usr/lib/gcc/arm-none-eabi/10.2.0/../../../../arm-none-eabi/lib/thumb/v7e-m/nofp/libg.a(lib_a-localeconv.o) (__global_locale)
/usr/lib/gcc/arm-none-eabi/10.2.0/../../../../arm-none-eabi/lib/thumb/v7e-m/nofp/libg.a(lib_a-mallocr.o)
[...]
Memory Configuration

Name             Origin             Length             Attributes
CCMRAM           0x0000000010000000 0x0000000000010000 xrw
RAM              0x0000000020000000 0x0000000000020000 xrw
FLASH            0x0000000008000000 0x0000000000100000 xr
*default*        0x0000000000000000 0xffffffffffffffff

Linker script and memory map

LOAD /usr/lib/gcc/arm-none-eabi/10.2.0/thumb/v7e-m/nofp/crti.o
LOAD /usr/lib/gcc/arm-none-eabi/10.2.0/thumb/v7e-m/nofp/crtbegin.o
LOAD /usr/lib/gcc/arm-none-eabi/10.2.0/../../../../arm-none-eabi/lib/thumb/v7e-m/nofp/crt0.o
LOAD CMakeFiles/fsm-pump-controller-v1.elf.dir/Core/Src/bsp.c.obj
LOAD CMakeFiles/fsm-pump-controller-v1.elf.dir/Core/Src/fsm.c.obj
LOAD CMakeFiles/fsm-pump-controller-v1.elf.dir/Core/Src/fsm_v2.c.obj
LOAD CMakeFiles/fsm-pump-controller-v1.elf.dir/Core/Src/lcdhitachi.c.obj
LOAD CMakeFiles/fsm-pump-controller-v1.elf.dir/Core/Src/main.c.obj
LOAD CMakeFiles/fsm-pump-controller-v1.elf.dir/Core/Src/stm32f4xx_hal_msp.c.obj
LOAD CMakeFiles/fsm-pump-controller-v1.elf.dir/Core/Src/stm32f4xx_it.c.obj
LOAD CMakeFiles/fsm-pump-controller-v1.elf.dir/Core/Src/syscalls.c.obj
LOAD CMakeFiles/fsm-pump-controller-v1.elf.dir/Core/Src/sysmem.c.obj
LOAD CMakeFiles/fsm-pump-controller-v1.elf.dir/Core/Src/system_stm32f4xx.c.obj
LOAD CMakeFiles/fsm-pump-controller-v1.elf.dir/Core/Startup/startup_stm32f407vgtx.s.obj
LOAD CMakeFiles/fsm-pump-controller-v1.elf.dir/Drivers/STM32F4xx_HAL_Driver/Src/stm32f4xx_hal.c.obj
LOAD CMakeFiles/fsm-pump-controller-v1.elf.dir/Drivers/STM32F4xx_HAL_Driver/Src/stm32f4xx_hal_adc.c.obj
LOAD CMakeFiles/fsm-pump-controller-v1.elf.dir/Drivers/STM32F4xx_HAL_Driver/Src/stm32f4xx_hal_adc_ex.c.obj
LOAD CMakeFiles/fsm-pump-controller-v1.elf.dir/Drivers/STM32F4xx_HAL_Driver/Src/stm32f4xx_hal_cortex.c.obj
LOAD CMakeFiles/fsm-pump-controller-v1.elf.dir/Drivers/STM32F4xx_HAL_Driver/Src/stm32f4xx_hal_dma.c.obj
LOAD CMakeFiles/fsm-pump-controller-v1.elf.dir/Drivers/STM32F4xx_HAL_Driver/Src/stm32f4xx_hal_dma_ex.c.obj
LOAD CMakeFiles/fsm-pump-controller-v1.elf.dir/Drivers/STM32F4xx_HAL_Driver/Src/stm32f4xx_hal_exti.c.obj
LOAD CMakeFiles/fsm-pump-controller-v1.elf.dir/Drivers/STM32F4xx_HAL_Driver/Src/stm32f4xx_hal_flash.c.obj
LOAD CMakeFiles/fsm-pump-controller-v1.elf.dir/Drivers/STM32F4xx_HAL_Driver/Src/stm32f4xx_hal_flash_ex.c.obj
LOAD CMakeFiles/fsm-pump-controller-v1.elf.dir/Drivers/STM32F4xx_HAL_Driver/Src/stm32f4xx_hal_flash_ramfunc.c.obj
LOAD CMakeFiles/fsm-pump-controller-v1.elf.dir/Drivers/STM32F4xx_HAL_Driver/Src/stm32f4xx_hal_gpio.c.obj
LOAD CMakeFiles/fsm-pump-controller-v1.elf.dir/Drivers/STM32F4xx_HAL_Driver/Src/stm32f4xx_hal_i2c.c.obj
LOAD CMakeFiles/fsm-pump-controller-v1.elf.dir/Drivers/STM32F4xx_HAL_Driver/Src/stm32f4xx_hal_i2c_ex.c.obj
LOAD CMakeFiles/fsm-pump-controller-v1.elf.dir/Drivers/STM32F4xx_HAL_Driver/Src/stm32f4xx_hal_pwr.c.obj
LOAD CMakeFiles/fsm-pump-controller-v1.elf.dir/Drivers/STM32F4xx_HAL_Driver/Src/stm32f4xx_hal_pwr_ex.c.obj
LOAD CMakeFiles/fsm-pump-controller-v1.elf.dir/Drivers/STM32F4xx_HAL_Driver/Src/stm32f4xx_hal_rcc.c.obj
LOAD CMakeFiles/fsm-pump-controller-v1.elf.dir/Drivers/STM32F4xx_HAL_Driver/Src/stm32f4xx_hal_rcc_ex.c.obj
LOAD CMakeFiles/fsm-pump-controller-v1.elf.dir/Drivers/STM32F4xx_HAL_Driver/Src/stm32f4xx_hal_rtc.c.obj
LOAD CMakeFiles/fsm-pump-controller-v1.elf.dir/Drivers/STM32F4xx_HAL_Driver/Src/stm32f4xx_hal_rtc_ex.c.obj
LOAD CMakeFiles/fsm-pump-controller-v1.elf.dir/Drivers/STM32F4xx_HAL_Driver/Src/stm32f4xx_hal_spi.c.obj
LOAD CMakeFiles/fsm-pump-controller-v1.elf.dir/Drivers/STM32F4xx_HAL_Driver/Src/stm32f4xx_hal_tim.c.obj
LOAD CMakeFiles/fsm-pump-controller-v1.elf.dir/Drivers/STM32F4xx_HAL_Driver/Src/stm32f4xx_hal_tim_ex.c.obj
LOAD CMakeFiles/fsm-pump-controller-v1.elf.dir/Drivers/STM32F4xx_HAL_Driver/Src/stm32f4xx_hal_uart.c.obj
START GROUP
LOAD /usr/lib/gcc/arm-none-eabi/10.2.0/thumb/v7e-m/nofp/libgcc.a
LOAD /usr/lib/gcc/arm-none-eabi/10.2.0/../../../../arm-none-eabi/lib/thumb/v7e-m/nofp/libg.a
LOAD /usr/lib/gcc/arm-none-eabi/10.2.0/../../../../arm-none-eabi/lib/thumb/v7e-m/nofp/libc.a
END GROUP
LOAD /usr/lib/gcc/arm-none-eabi/10.2.0/thumb/v7e-m/nofp/crtend.o
LOAD /usr/lib/gcc/arm-none-eabi/10.2.0/thumb/v7e-m/nofp/crtn.o
                0x0000000020020000                _estack = (ORIGIN (RAM) + LENGTH (RAM))
                0x0000000000000200                _Min_Heap_Size = 0x200
                0x0000000000000400                _Min_Stack_Size = 0x400

.isr_vector     0x0000000008000000      0x188
                0x0000000008000000                . = ALIGN (0x4)
 *(.isr_vector)
 .isr_vector    0x0000000008000000      0x188 CMakeFiles/fsm-pump-controller-v1.elf.dir/Core/Startup/startup_stm32f407vgtx.s.obj
                0x0000000008000000                g_pfnVectors
                0x0000000008000188                . = ALIGN (0x4)

.text           0x00000000080001c0     0x9298
                0x00000000080001c0                . = ALIGN (0x4)
 *(.text)
 .text          0x00000000080001c0       0x30 /usr/lib/gcc/arm-none-eabi/10.2.0/thumb/v7e-m/nofp/libgcc.a(_aeabi_uldivmod.o)
                0x00000000080001c0                __aeabi_uldivmod
 .text          0x00000000080001f0        0x4 /usr/lib/gcc/arm-none-eabi/10.2.0/thumb/v7e-m/nofp/libgcc.a(_dvmd_tls.o)
                0x00000000080001f0                __aeabi_ldiv0
                0x00000000080001f0                __aeabi_idiv0
 *fill*         0x00000000080001f4        0xc 
 .text          0x0000000008000200       0xdc /usr/lib/gcc/arm-none-eabi/10.2.0/../../../../arm-none-eabi/lib/thumb/v7e-m/nofp/libg.a(lib_a-strlen.o)
                0x0000000008000200                strlen
 *fill*         0x00000000080002dc        0x4 
 .text          0x00000000080002e0       0xa0 /usr/lib/gcc/arm-none-eabi/10.2.0/../../../../arm-none-eabi/lib/thumb/v7e-m/nofp/libg.a(lib_a-memchr.o)
                0x00000000080002e0                memchr
 .text          0x0000000008000380      0x134 /usr/lib/gcc/arm-none-eabi/10.2.0/../../../../arm-none-eabi/lib/thumb/v7e-m/nofp/libg.a(lib_a-memcpy.o)
                0x0000000008000380                memcpy
 .text          0x00000000080004b4      0x378 /usr/lib/gcc/arm-none-eabi/10.2.0/thumb/v7e-m/nofp/libgcc.a(_arm_addsubdf3.o)
                0x00000000080004b4                __aeabi_drsub
                0x00000000080004bc                __aeabi_dsub
                0x00000000080004bc                __subdf3
                0x00000000080004c0                __adddf3
                0x00000000080004c0                __aeabi_dadd
                0x0000000008000738                __aeabi_ui2d
                0x0000000008000738                __floatunsidf
                0x0000000008000758                __floatsidf
                0x0000000008000758                __aeabi_i2d
                0x000000000800077c                __extendsfdf2
                0x000000000800077c                __aeabi_f2d
                0x00000000080007c0                __aeabi_ul2d
                0x00000000080007c0                __floatundidf
                0x00000000080007d0                __floatdidf
                0x00000000080007d0                __aeabi_l2d
 .text          0x000000000800082c      0x424 /usr/lib/gcc/arm-none-eabi/10.2.0/thumb/v7e-m/nofp/libgcc.a(_arm_muldivdf3.o)
                0x000000000800082c                __aeabi_dmul
                0x000000000800082c                __muldf3
                0x0000000008000a80                __aeabi_ddiv
                0x0000000008000a80                __divdf3
 .text          0x0000000008000c50      0x110 /usr/lib/gcc/arm-none-eabi/10.2.0/thumb/v7e-m/nofp/libgcc.a(_arm_cmpdf2.o)
                0x0000000008000c50                __gtdf2
                0x0000000008000c50                __gedf2
                0x0000000008000c58                __ltdf2
                0x0000000008000c58                __ledf2
                0x0000000008000c60                __cmpdf2
                0x0000000008000c60                __eqdf2
                0x0000000008000c60                __nedf2
                0x0000000008000cdc                __aeabi_cdrcmple
                0x0000000008000cec                __aeabi_cdcmple
                0x0000000008000cec                __aeabi_cdcmpeq
                0x0000000008000cfc                __aeabi_dcmpeq
                0x0000000008000d10                __aeabi_dcmplt
                0x0000000008000d24                __aeabi_dcmple
                0x0000000008000d38                __aeabi_dcmpge
                0x0000000008000d4c                __aeabi_dcmpgt
 .text          0x0000000008000d60       0x2c /usr/lib/gcc/arm-none-eabi/10.2.0/thumb/v7e-m/nofp/libgcc.a(_arm_unorddf2.o)
                0x0000000008000d60                __aeabi_dcmpun
                0x0000000008000d60                __unorddf2
 .text          0x0000000008000d8c       0x50 /usr/lib/gcc/arm-none-eabi/10.2.0/thumb/v7e-m/nofp/libgcc.a(_arm_fixdfsi.o)
                0x0000000008000d8c                __fixdfsi
                0x0000000008000d8c                __aeabi_d2iz
 *(.text*)
 .text.__do_global_dtors_aux
                0x0000000008000ddc       0x24 /usr/lib/gcc/arm-none-eabi/10.2.0/thumb/v7e-m/nofp/crtbegin.o
 .text.frame_dummy
                0x0000000008000e00       0x1c /usr/lib/gcc/arm-none-eabi/10.2.0/thumb/v7e-m/nofp/crtbegin.o
 .text.SystemClock_Config
                0x0000000008000e1c       0xb0 CMakeFiles/fsm-pump-controller-v1.elf.dir/Core/Src/bsp.c.obj
 .text.MX_TIM4_Init
                0x0000000008000ecc       0x5c CMakeFiles/fsm-pump-controller-v1.elf.dir/Core/Src/bsp.c.obj
 .text.MX_GPIO_Init
                0x0000000008000f28       0x5c CMakeFiles/fsm-pump-controller-v1.elf.dir/Core/Src/bsp.c.obj
 .text.MX_I2C1_Init
                0x0000000008000f84       0x34 CMakeFiles/fsm-pump-controller-v1.elf.dir/Core/Src/bsp.c.obj
 .text.MX_ADC1_Init
                0x0000000008000fb8       0x5c CMakeFiles/fsm-pump-controller-v1.elf.dir/Core/Src/bsp.c.obj
 .text.MX_RTC_Init
                0x0000000008001014       0x28 CMakeFiles/fsm-pump-controller-v1.elf.dir/Core/Src/bsp.c.obj
 .text.MX_SPI1_Init
                0x000000000800103c       0x38 CMakeFiles/fsm-pump-controller-v1.elf.dir/Core/Src/bsp.c.obj
 .text.MX_USART2_UART_Init
                0x0000000008001074       0x2c CMakeFiles/fsm-pump-controller-v1.elf.dir/Core/Src/bsp.c.obj
 .text.LCD_writeLine2
                0x00000000080010a0       0x10 CMakeFiles/fsm-pump-controller-v1.elf.dir/Core/Src/bsp.c.obj
                0x00000000080010a0                LCD_writeLine2
 .text.SYSTEM_init
                0x00000000080010b0       0x34 CMakeFiles/fsm-pump-controller-v1.elf.dir/Core/Src/bsp.c.obj
                0x00000000080010b0                SYSTEM_init
 .text.SYSTEM_set_button_callback
                0x00000000080010e4        0xc CMakeFiles/fsm-pump-controller-v1.elf.dir/Core/Src/bsp.c.obj
                0x00000000080010e4                SYSTEM_set_button_callback
 .text.SYSTEM_set_tick_callback
                0x00000000080010f0        0xc CMakeFiles/fsm-pump-controller-v1.elf.dir/Core/Src/bsp.c.obj
                0x00000000080010f0                SYSTEM_set_tick_callback
 .text.SYSTEM_set_tank_millivolts_callback
                0x00000000080010fc        0xc CMakeFiles/fsm-pump-controller-v1.elf.dir/Core/Src/bsp.c.obj
                0x00000000080010fc                SYSTEM_set_tank_millivolts_callback
 .text.HAL_GPIO_EXTI_Callback
                0x0000000008001108       0x2c CMakeFiles/fsm-pump-controller-v1.elf.dir/Core/Src/bsp.c.obj
                0x0000000008001108                HAL_GPIO_EXTI_Callback
 .text.HAL_ADC_ConvCpltCallback
                0x0000000008001134       0x1c CMakeFiles/fsm-pump-controller-v1.elf.dir/Core/Src/bsp.c.obj
                0x0000000008001134                HAL_ADC_ConvCpltCallback
 .text.TIM3_IRQHandler
                0x0000000008001150       0x30 CMakeFiles/fsm-pump-controller-v1.elf.dir/Core/Src/bsp.c.obj
                0x0000000008001150                TIM3_IRQHandler
 .text.pumpfsm_handle_event
                0x0000000008001180       0x20 CMakeFiles/fsm-pump-controller-v1.elf.dir/Core/Src/fsm.c.obj
                0x0000000008001180                pumpfsm_handle_event
 .text.debug2   0x00000000080011a0        0x8 CMakeFiles/fsm-pump-controller-v1.elf.dir/Core/Src/fsm.c.obj
                0x00000000080011a0                debug2
 .text.no_action_handler
                0x00000000080011a8        0xa CMakeFiles/fsm-pump-controller-v1.elf.dir/Core/Src/fsm.c.obj
 *fill*         0x00000000080011b2        0x2 
 .text.LCD_sendCommand
                0x00000000080011b4       0x50 CMakeFiles/fsm-pump-controller-v1.elf.dir/Core/Src/lcdhitachi.c.obj
 .text.LCD_sendData
                0x0000000008001204       0x50 CMakeFiles/fsm-pump-controller-v1.elf.dir/Core/Src/lcdhitachi.c.obj
 .text.LCD_init
                0x0000000008001254       0xc0 CMakeFiles/fsm-pump-controller-v1.elf.dir/Core/Src/lcdhitachi.c.obj
                0x0000000008001254                LCD_init
 .text.LCD_setCursor
                0x0000000008001314       0x1c CMakeFiles/fsm-pump-controller-v1.elf.dir/Core/Src/lcdhitachi.c.obj
                0x0000000008001314                LCD_setCursor
 .text.LCD_2ndLine
                0x0000000008001330        0xc CMakeFiles/fsm-pump-controller-v1.elf.dir/Core/Src/lcdhitachi.c.obj
                0x0000000008001330                LCD_2ndLine
 .text.LCD_printf
                0x000000000800133c       0x40 CMakeFiles/fsm-pump-controller-v1.elf.dir/Core/Src/lcdhitachi.c.obj
                0x000000000800133c                LCD_printf
 .text.callback_button
                0x000000000800137c       0x18 CMakeFiles/fsm-pump-controller-v1.elf.dir/Core/Src/main.c.obj
                0x000000000800137c                callback_button
 .text.tick_callback
                0x0000000008001394        0xc CMakeFiles/fsm-pump-controller-v1.elf.dir/Core/Src/main.c.obj
                0x0000000008001394                tick_callback
 .text.tank_callback
                0x00000000080013a0       0x14 CMakeFiles/fsm-pump-controller-v1.elf.dir/Core/Src/main.c.obj
                0x00000000080013a0                tank_callback
 .text.main     0x00000000080013b4       0x38 CMakeFiles/fsm-pump-controller-v1.elf.dir/Core/Src/main.c.obj
                0x00000000080013b4                main
 .text.HAL_MspInit
                0x00000000080013ec       0x40 CMakeFiles/fsm-pump-controller-v1.elf.dir/Core/Src/stm32f4xx_hal_msp.c.obj
                0x00000000080013ec                HAL_MspInit
 .text.HAL_ADC_MspInit
                0x000000000800142c       0x78 CMakeFiles/fsm-pump-controller-v1.elf.dir/Core/Src/stm32f4xx_hal_msp.c.obj
                0x000000000800142c                HAL_ADC_MspInit
 .text.HAL_I2C_MspInit
                0x00000000080014a4       0x70 CMakeFiles/fsm-pump-controller-v1.elf.dir/Core/Src/stm32f4xx_hal_msp.c.obj
                0x00000000080014a4                HAL_I2C_MspInit
 .text.HAL_RTC_MspInit
                0x0000000008001514       0x1c CMakeFiles/fsm-pump-controller-v1.elf.dir/Core/Src/stm32f4xx_hal_msp.c.obj
                0x0000000008001514                HAL_RTC_MspInit
 .text.HAL_SPI_MspInit
                0x0000000008001530       0x6c CMakeFiles/fsm-pump-controller-v1.elf.dir/Core/Src/stm32f4xx_hal_msp.c.obj
                0x0000000008001530                HAL_SPI_MspInit
 .text.HAL_UART_MspInit
                0x000000000800159c       0x98 CMakeFiles/fsm-pump-controller-v1.elf.dir/Core/Src/stm32f4xx_hal_msp.c.obj
                0x000000000800159c                HAL_UART_MspInit
 .text.NMI_Handler
                0x0000000008001634        0x2 CMakeFiles/fsm-pump-controller-v1.elf.dir/Core/Src/stm32f4xx_it.c.obj
                0x0000000008001634                NMI_Handler
 .text.HardFault_Handler
                0x0000000008001636        0x2 CMakeFiles/fsm-pump-controller-v1.elf.dir/Core/Src/stm32f4xx_it.c.obj
                0x0000000008001636                HardFault_Handler
 .text.MemManage_Handler
                0x0000000008001638        0x2 CMakeFiles/fsm-pump-controller-v1.elf.dir/Core/Src/stm32f4xx_it.c.obj
                0x0000000008001638                MemManage_Handler
 .text.BusFault_Handler
                0x000000000800163a        0x2 CMakeFiles/fsm-pump-controller-v1.elf.dir/Core/Src/stm32f4xx_it.c.obj
                0x000000000800163a                BusFault_Handler
 .text.UsageFault_Handler
                0x000000000800163c        0x2 CMakeFiles/fsm-pump-controller-v1.elf.dir/Core/Src/stm32f4xx_it.c.obj
                0x000000000800163c                UsageFault_Handler
 .text.SVC_Handler
                0x000000000800163e        0x2 CMakeFiles/fsm-pump-controller-v1.elf.dir/Core/Src/stm32f4xx_it.c.obj
                0x000000000800163e                SVC_Handler
 .text.DebugMon_Handler
                0x0000000008001640        0x2 CMakeFiles/fsm-pump-controller-v1.elf.dir/Core/Src/stm32f4xx_it.c.obj
                0x0000000008001640                DebugMon_Handler
 .text.PendSV_Handler
                0x0000000008001642        0x2 CMakeFiles/fsm-pump-controller-v1.elf.dir/Core/Src/stm32f4xx_it.c.obj
                0x0000000008001642                PendSV_Handler
 .text.SysTick_Handler
                0x0000000008001644        0x8 CMakeFiles/fsm-pump-controller-v1.elf.dir/Core/Src/stm32f4xx_it.c.obj
                0x0000000008001644                SysTick_Handler
 .text.EXTI0_IRQHandler
                0x000000000800164c        0xa CMakeFiles/fsm-pump-controller-v1.elf.dir/Core/Src/stm32f4xx_it.c.obj
                0x000000000800164c                EXTI0_IRQHandler
 *fill*         0x0000000008001656        0x2 
 .text.ADC_IRQHandler
                0x0000000008001658       0x10 CMakeFiles/fsm-pump-controller-v1.elf.dir/Core/Src/stm32f4xx_it.c.obj
                0x0000000008001658                ADC_IRQHandler
 .text._getpid  0x0000000008001668        0x4 CMakeFiles/fsm-pump-controller-v1.elf.dir/Core/Src/syscalls.c.obj
                0x0000000008001668                _getpid
 .text._kill    0x000000000800166c       0x10 CMakeFiles/fsm-pump-controller-v1.elf.dir/Core/Src/syscalls.c.obj
                0x000000000800166c                _kill
 .text._exit    0x000000000800167c        0xc CMakeFiles/fsm-pump-controller-v1.elf.dir/Core/Src/syscalls.c.obj
                0x000000000800167c                _exit
 .text._read    0x0000000008001688       0x20 CMakeFiles/fsm-pump-controller-v1.elf.dir/Core/Src/syscalls.c.obj
                0x0000000008001688                _read
 .text._write   0x00000000080016a8       0x1c CMakeFiles/fsm-pump-controller-v1.elf.dir/Core/Src/syscalls.c.obj
                0x00000000080016a8                _write
 .text._close   0x00000000080016c4        0x6 CMakeFiles/fsm-pump-controller-v1.elf.dir/Core/Src/syscalls.c.obj
                0x00000000080016c4                _close
 .text._fstat   0x00000000080016ca        0xa CMakeFiles/fsm-pump-controller-v1.elf.dir/Core/Src/syscalls.c.obj
                0x00000000080016ca                _fstat
 .text._isatty  0x00000000080016d4        0x4 CMakeFiles/fsm-pump-controller-v1.elf.dir/Core/Src/syscalls.c.obj
                0x00000000080016d4                _isatty
 .text._lseek   0x00000000080016d8        0x4 CMakeFiles/fsm-pump-controller-v1.elf.dir/Core/Src/syscalls.c.obj
                0x00000000080016d8                _lseek
 .text._sbrk    0x00000000080016dc       0x48 CMakeFiles/fsm-pump-controller-v1.elf.dir/Core/Src/sysmem.c.obj
                0x00000000080016dc                _sbrk
 .text.SystemInit
                0x0000000008001724       0x10 CMakeFiles/fsm-pump-controller-v1.elf.dir/Core/Src/system_stm32f4xx.c.obj
                0x0000000008001724                SystemInit
 .text.Reset_Handler
                0x0000000008001734       0x50 CMakeFiles/fsm-pump-controller-v1.elf.dir/Core/Startup/startup_stm32f407vgtx.s.obj
                0x0000000008001734                Reset_Handler
 .text.Default_Handler
                0x0000000008001784        0x2 CMakeFiles/fsm-pump-controller-v1.elf.dir/Core/Startup/startup_stm32f407vgtx.s.obj
                0x0000000008001784                RTC_Alarm_IRQHandler
                0x0000000008001784                HASH_RNG_IRQHandler
                0x0000000008001784                EXTI2_IRQHandler
                0x0000000008001784                TIM8_CC_IRQHandler
                0x0000000008001784                TIM1_CC_IRQHandler
                0x0000000008001784                DMA2_Stream5_IRQHandler
                0x0000000008001784                DMA1_Stream5_IRQHandler
                0x0000000008001784                PVD_IRQHandler
                0x0000000008001784                SDIO_IRQHandler
                0x0000000008001784                TAMP_STAMP_IRQHandler
                0x0000000008001784                CAN2_RX1_IRQHandler
                0x0000000008001784                EXTI3_IRQHandler
                0x0000000008001784                TIM8_TRG_COM_TIM14_IRQHandler
                0x0000000008001784                TIM1_UP_TIM10_IRQHandler
                0x0000000008001784                TIM8_UP_TIM13_IRQHandler
                0x0000000008001784                I2C3_ER_IRQHandler
                0x0000000008001784                I2C2_EV_IRQHandler
                0x0000000008001784                DMA1_Stream2_IRQHandler
                0x0000000008001784                CAN1_RX0_IRQHandler
                0x0000000008001784                FPU_IRQHandler
                0x0000000008001784                OTG_HS_WKUP_IRQHandler
                0x0000000008001784                CAN2_SCE_IRQHandler
                0x0000000008001784                DMA2_Stream2_IRQHandler
                0x0000000008001784                SPI1_IRQHandler
                0x0000000008001784                TIM6_DAC_IRQHandler
                0x0000000008001784                TIM1_BRK_TIM9_IRQHandler
                0x0000000008001784                DCMI_IRQHandler
                0x0000000008001784                CAN2_RX0_IRQHandler
                0x0000000008001784                DMA2_Stream3_IRQHandler
                0x0000000008001784                USART6_IRQHandler
                0x0000000008001784                USART3_IRQHandler
                0x0000000008001784                CAN1_RX1_IRQHandler
                0x0000000008001784                UART5_IRQHandler
                0x0000000008001784                DMA2_Stream0_IRQHandler
                0x0000000008001784                TIM4_IRQHandler
                0x0000000008001784                I2C1_EV_IRQHandler
                0x0000000008001784                DMA1_Stream6_IRQHandler
                0x0000000008001784                DMA1_Stream1_IRQHandler
                0x0000000008001784                UART4_IRQHandler
                0x0000000008001784                RCC_IRQHandler
                0x0000000008001784                TIM8_BRK_TIM12_IRQHandler
                0x0000000008001784                Default_Handler
                0x0000000008001784                EXTI15_10_IRQHandler
                0x0000000008001784                DMA1_Stream7_IRQHandler
                0x0000000008001784                TIM7_IRQHandler
                0x0000000008001784                CAN2_TX_IRQHandler
                0x0000000008001784                TIM5_IRQHandler
                0x0000000008001784                DMA2_Stream7_IRQHandler
                0x0000000008001784                I2C3_EV_IRQHandler
                0x0000000008001784                EXTI9_5_IRQHandler
                0x0000000008001784                RTC_WKUP_IRQHandler
                0x0000000008001784                ETH_WKUP_IRQHandler
                0x0000000008001784                SPI2_IRQHandler
                0x0000000008001784                OTG_HS_EP1_IN_IRQHandler
                0x0000000008001784                DMA1_Stream0_IRQHandler
                0x0000000008001784                CAN1_TX_IRQHandler
                0x0000000008001784                EXTI4_IRQHandler
                0x0000000008001784                FSMC_IRQHandler
                0x0000000008001784                ETH_IRQHandler
                0x0000000008001784                OTG_HS_EP1_OUT_IRQHandler
                0x0000000008001784                WWDG_IRQHandler
                0x0000000008001784                TIM2_IRQHandler
                0x0000000008001784                OTG_FS_WKUP_IRQHandler
                0x0000000008001784                TIM1_TRG_COM_TIM11_IRQHandler
                0x0000000008001784                OTG_HS_IRQHandler
                0x0000000008001784                EXTI1_IRQHandler
                0x0000000008001784                USART2_IRQHandler
                0x0000000008001784                I2C2_ER_IRQHandler
                0x0000000008001784                DMA2_Stream1_IRQHandler
                0x0000000008001784                CAN1_SCE_IRQHandler
                0x0000000008001784                FLASH_IRQHandler
                0x0000000008001784                DMA2_Stream4_IRQHandler
                0x0000000008001784                USART1_IRQHandler
                0x0000000008001784                OTG_FS_IRQHandler
                0x0000000008001784                SPI3_IRQHandler
                0x0000000008001784                DMA1_Stream4_IRQHandler
                0x0000000008001784                I2C1_ER_IRQHandler
                0x0000000008001784                DMA2_Stream6_IRQHandler
                0x0000000008001784                DMA1_Stream3_IRQHandler
 *fill*         0x0000000008001786        0x2 
 .text.HAL_InitTick
                0x0000000008001788       0x4c CMakeFiles/fsm-pump-controller-v1.elf.dir/Drivers/STM32F4xx_HAL_Driver/Src/stm32f4xx_hal.c.obj
                0x0000000008001788                HAL_InitTick
 .text.HAL_Init
                0x00000000080017d4       0x34 CMakeFiles/fsm-pump-controller-v1.elf.dir/Drivers/STM32F4xx_HAL_Driver/Src/stm32f4xx_hal.c.obj
                0x00000000080017d4                HAL_Init
 .text.HAL_IncTick
                0x0000000008001808       0x18 CMakeFiles/fsm-pump-controller-v1.elf.dir/Drivers/STM32F4xx_HAL_Driver/Src/stm32f4xx_hal.c.obj
                0x0000000008001808                HAL_IncTick
 .text.HAL_GetTick
                0x0000000008001820        0xc CMakeFiles/fsm-pump-controller-v1.elf.dir/Drivers/STM32F4xx_HAL_Driver/Src/stm32f4xx_hal.c.obj
                0x0000000008001820                HAL_GetTick
 .text.HAL_Delay
                0x000000000800182c       0x28 CMakeFiles/fsm-pump-controller-v1.elf.dir/Drivers/STM32F4xx_HAL_Driver/Src/stm32f4xx_hal.c.obj
                0x000000000800182c                HAL_Delay
 .text.ADC_Init
                0x0000000008001854      0x134 CMakeFiles/fsm-pump-controller-v1.elf.dir/Drivers/STM32F4xx_HAL_Driver/Src/stm32f4xx_hal_adc.c.obj
 .text.HAL_ADC_Init
                0x0000000008001988       0x56 CMakeFiles/fsm-pump-controller-v1.elf.dir/Drivers/STM32F4xx_HAL_Driver/Src/stm32f4xx_hal_adc.c.obj
                0x0000000008001988                HAL_ADC_Init
 .text.HAL_ADC_GetValue
                0x00000000080019de        0x6 CMakeFiles/fsm-pump-controller-v1.elf.dir/Drivers/STM32F4xx_HAL_Driver/Src/stm32f4xx_hal_adc.c.obj
                0x00000000080019de                HAL_ADC_GetValue
 .text.HAL_ADC_LevelOutOfWindowCallback
                0x00000000080019e4        0x2 CMakeFiles/fsm-pump-controller-v1.elf.dir/Drivers/STM32F4xx_HAL_Driver/Src/stm32f4xx_hal_adc.c.obj
                0x00000000080019e4                HAL_ADC_LevelOutOfWindowCallback
 .text.HAL_ADC_ErrorCallback
                0x00000000080019e6        0x2 CMakeFiles/fsm-pump-controller-v1.elf.dir/Drivers/STM32F4xx_HAL_Driver/Src/stm32f4xx_hal_adc.c.obj
                0x00000000080019e6                HAL_ADC_ErrorCallback
 .text.HAL_ADC_IRQHandler
                0x00000000080019e8      0x14e CMakeFiles/fsm-pump-controller-v1.elf.dir/Drivers/STM32F4xx_HAL_Driver/Src/stm32f4xx_hal_adc.c.obj
                0x00000000080019e8                HAL_ADC_IRQHandler
 *fill*         0x0000000008001b36        0x2 
 .text.HAL_ADC_ConfigChannel
                0x0000000008001b38      0x198 CMakeFiles/fsm-pump-controller-v1.elf.dir/Drivers/STM32F4xx_HAL_Driver/Src/stm32f4xx_hal_adc.c.obj
                0x0000000008001b38                HAL_ADC_ConfigChannel
 .text.HAL_ADCEx_InjectedConvCpltCallback
                0x0000000008001cd0        0x2 CMakeFiles/fsm-pump-controller-v1.elf.dir/Drivers/STM32F4xx_HAL_Driver/Src/stm32f4xx_hal_adc_ex.c.obj
                0x0000000008001cd0                HAL_ADCEx_InjectedConvCpltCallback
 *fill*         0x0000000008001cd2        0x2 
 .text.HAL_NVIC_SetPriorityGrouping
                0x0000000008001cd4       0x24 CMakeFiles/fsm-pump-controller-v1.elf.dir/Drivers/STM32F4xx_HAL_Driver/Src/stm32f4xx_hal_cortex.c.obj
                0x0000000008001cd4                HAL_NVIC_SetPriorityGrouping
 .text.HAL_NVIC_SetPriority
                0x0000000008001cf8       0x70 CMakeFiles/fsm-pump-controller-v1.elf.dir/Drivers/STM32F4xx_HAL_Driver/Src/stm32f4xx_hal_cortex.c.obj
                0x0000000008001cf8                HAL_NVIC_SetPriority
 .text.HAL_NVIC_EnableIRQ
                0x0000000008001d68       0x1c CMakeFiles/fsm-pump-controller-v1.elf.dir/Drivers/STM32F4xx_HAL_Driver/Src/stm32f4xx_hal_cortex.c.obj
                0x0000000008001d68                HAL_NVIC_EnableIRQ
 .text.HAL_SYSTICK_Config
                0x0000000008001d84       0x28 CMakeFiles/fsm-pump-controller-v1.elf.dir/Drivers/STM32F4xx_HAL_Driver/Src/stm32f4xx_hal_cortex.c.obj
                0x0000000008001d84                HAL_SYSTICK_Config
 .text.HAL_GPIO_Init
                0x0000000008001dac      0x1d0 CMakeFiles/fsm-pump-controller-v1.elf.dir/Drivers/STM32F4xx_HAL_Driver/Src/stm32f4xx_hal_gpio.c.obj
                0x0000000008001dac                HAL_GPIO_Init
 .text.HAL_GPIO_EXTI_IRQHandler
                0x0000000008001f7c       0x1c CMakeFiles/fsm-pump-controller-v1.elf.dir/Drivers/STM32F4xx_HAL_Driver/Src/stm32f4xx_hal_gpio.c.obj
                0x0000000008001f7c                HAL_GPIO_EXTI_IRQHandler
 .text.I2C_IsAcknowledgeFailed
                0x0000000008001f98       0x32 CMakeFiles/fsm-pump-controller-v1.elf.dir/Drivers/STM32F4xx_HAL_Driver/Src/stm32f4xx_hal_i2c.c.obj
 .text.I2C_WaitOnFlagUntilTimeout
                0x0000000008001fca       0x7c CMakeFiles/fsm-pump-controller-v1.elf.dir/Drivers/STM32F4xx_HAL_Driver/Src/stm32f4xx_hal_i2c.c.obj
 .text.I2C_WaitOnMasterAddressFlagUntilTimeout
                0x0000000008002046       0xaa CMakeFiles/fsm-pump-controller-v1.elf.dir/Drivers/STM32F4xx_HAL_Driver/Src/stm32f4xx_hal_i2c.c.obj
 .text.I2C_MasterRequestWrite
                0x00000000080020f0       0xb4 CMakeFiles/fsm-pump-controller-v1.elf.dir/Drivers/STM32F4xx_HAL_Driver/Src/stm32f4xx_hal_i2c.c.obj
 .text.I2C_WaitOnTXEFlagUntilTimeout
                0x00000000080021a4       0x54 CMakeFiles/fsm-pump-controller-v1.elf.dir/Drivers/STM32F4xx_HAL_Driver/Src/stm32f4xx_hal_i2c.c.obj
 .text.I2C_WaitOnBTFFlagUntilTimeout
                0x00000000080021f8       0x54 CMakeFiles/fsm-pump-controller-v1.elf.dir/Drivers/STM32F4xx_HAL_Driver/Src/stm32f4xx_hal_i2c.c.obj
 .text.HAL_I2C_Init
                0x000000000800224c      0x1bc CMakeFiles/fsm-pump-controller-v1.elf.dir/Drivers/STM32F4xx_HAL_Driver/Src/stm32f4xx_hal_i2c.c.obj
                0x000000000800224c                HAL_I2C_Init
 .text.HAL_I2C_Master_Transmit
                0x0000000008002408      0x178 CMakeFiles/fsm-pump-controller-v1.elf.dir/Drivers/STM32F4xx_HAL_Driver/Src/stm32f4xx_hal_i2c.c.obj
                0x0000000008002408                HAL_I2C_Master_Transmit
 .text.HAL_I2C_IsDeviceReady
                0x0000000008002580      0x194 CMakeFiles/fsm-pump-controller-v1.elf.dir/Drivers/STM32F4xx_HAL_Driver/Src/stm32f4xx_hal_i2c.c.obj
                0x0000000008002580                HAL_I2C_IsDeviceReady
 .text.HAL_RCC_OscConfig
                0x0000000008002714      0x3ec CMakeFiles/fsm-pump-controller-v1.elf.dir/Drivers/STM32F4xx_HAL_Driver/Src/stm32f4xx_hal_rcc.c.obj
                0x0000000008002714                HAL_RCC_OscConfig
 .text.HAL_RCC_GetSysClockFreq
                0x0000000008002b00       0xd4 CMakeFiles/fsm-pump-controller-v1.elf.dir/Drivers/STM32F4xx_HAL_Driver/Src/stm32f4xx_hal_rcc.c.obj
                0x0000000008002b00                HAL_RCC_GetSysClockFreq
 .text.HAL_RCC_ClockConfig
                0x0000000008002bd4      0x160 CMakeFiles/fsm-pump-controller-v1.elf.dir/Drivers/STM32F4xx_HAL_Driver/Src/stm32f4xx_hal_rcc.c.obj
                0x0000000008002bd4                HAL_RCC_ClockConfig
 .text.HAL_RCC_GetHCLKFreq
                0x0000000008002d34        0xc CMakeFiles/fsm-pump-controller-v1.elf.dir/Drivers/STM32F4xx_HAL_Driver/Src/stm32f4xx_hal_rcc.c.obj
                0x0000000008002d34                HAL_RCC_GetHCLKFreq
 .text.HAL_RCC_GetPCLK1Freq
                0x0000000008002d40       0x20 CMakeFiles/fsm-pump-controller-v1.elf.dir/Drivers/STM32F4xx_HAL_Driver/Src/stm32f4xx_hal_rcc.c.obj
                0x0000000008002d40                HAL_RCC_GetPCLK1Freq
 .text.HAL_RCC_GetPCLK2Freq
                0x0000000008002d60       0x20 CMakeFiles/fsm-pump-controller-v1.elf.dir/Drivers/STM32F4xx_HAL_Driver/Src/stm32f4xx_hal_rcc.c.obj
                0x0000000008002d60                HAL_RCC_GetPCLK2Freq
 .text.HAL_RCCEx_PeriphCLKConfig
                0x0000000008002d80      0x154 CMakeFiles/fsm-pump-controller-v1.elf.dir/Drivers/STM32F4xx_HAL_Driver/Src/stm32f4xx_hal_rcc_ex.c.obj
                0x0000000008002d80                HAL_RCCEx_PeriphCLKConfig
 .text.HAL_RTC_WaitForSynchro
                0x0000000008002ed4       0x32 CMakeFiles/fsm-pump-controller-v1.elf.dir/Drivers/STM32F4xx_HAL_Driver/Src/stm32f4xx_hal_rtc.c.obj
                0x0000000008002ed4                HAL_RTC_WaitForSynchro
 .text.RTC_EnterInitMode
                0x0000000008002f06       0x3c CMakeFiles/fsm-pump-controller-v1.elf.dir/Drivers/STM32F4xx_HAL_Driver/Src/stm32f4xx_hal_rtc.c.obj
                0x0000000008002f06                RTC_EnterInitMode
 .text.HAL_RTC_Init
                0x0000000008002f42       0xc4 CMakeFiles/fsm-pump-controller-v1.elf.dir/Drivers/STM32F4xx_HAL_Driver/Src/stm32f4xx_hal_rtc.c.obj
                0x0000000008002f42                HAL_RTC_Init
 .text.HAL_SPI_Init
                0x0000000008003006       0x80 CMakeFiles/fsm-pump-controller-v1.elf.dir/Drivers/STM32F4xx_HAL_Driver/Src/stm32f4xx_hal_spi.c.obj
                0x0000000008003006                HAL_SPI_Init
 .text.HAL_TIM_Base_MspInit
                0x0000000008003086        0x2 CMakeFiles/fsm-pump-controller-v1.elf.dir/Drivers/STM32F4xx_HAL_Driver/Src/stm32f4xx_hal_tim.c.obj
                0x0000000008003086                HAL_TIM_Base_MspInit
 .text.HAL_TIM_Base_Start_IT
                0x0000000008003088       0x22 CMakeFiles/fsm-pump-controller-v1.elf.dir/Drivers/STM32F4xx_HAL_Driver/Src/stm32f4xx_hal_tim.c.obj
                0x0000000008003088                HAL_TIM_Base_Start_IT
 *fill*         0x00000000080030aa        0x2 
 .text.TIM_Base_SetConfig
                0x00000000080030ac       0xc8 CMakeFiles/fsm-pump-controller-v1.elf.dir/Drivers/STM32F4xx_HAL_Driver/Src/stm32f4xx_hal_tim.c.obj
                0x00000000080030ac                TIM_Base_SetConfig
 .text.HAL_TIM_Base_Init
                0x0000000008003174       0x34 CMakeFiles/fsm-pump-controller-v1.elf.dir/Drivers/STM32F4xx_HAL_Driver/Src/stm32f4xx_hal_tim.c.obj
                0x0000000008003174                HAL_TIM_Base_Init
 .text.UART_SetConfig
                0x00000000080031a8      0x1d4 CMakeFiles/fsm-pump-controller-v1.elf.dir/Drivers/STM32F4xx_HAL_Driver/Src/stm32f4xx_hal_uart.c.obj
 .text.HAL_UART_Init
                0x000000000800337c       0x5e CMakeFiles/fsm-pump-controller-v1.elf.dir/Drivers/STM32F4xx_HAL_Driver/Src/stm32f4xx_hal_uart.c.obj
                0x000000000800337c                HAL_UART_Init
 .text.__udivmoddi4
                0x00000000080033da      0x2a6 /usr/lib/gcc/arm-none-eabi/10.2.0/thumb/v7e-m/nofp/libgcc.a(_udivmoddi4.o)
                0x00000000080033da                __udivmoddi4
 .text.atexit   0x0000000008003680        0xc /usr/lib/gcc/arm-none-eabi/10.2.0/../../../../arm-none-eabi/lib/thumb/v7e-m/nofp/libg.a(lib_a-atexit.o)
                0x0000000008003680                atexit
 .text.__errno  0x000000000800368c        0xc /usr/lib/gcc/arm-none-eabi/10.2.0/../../../../arm-none-eabi/lib/thumb/v7e-m/nofp/libg.a(lib_a-errno.o)
                0x000000000800368c                __errno
 .text.__libc_fini_array
                0x0000000008003698       0x2c /usr/lib/gcc/arm-none-eabi/10.2.0/../../../../arm-none-eabi/lib/thumb/v7e-m/nofp/libg.a(lib_a-fini.o)
                0x0000000008003698                __libc_fini_array
 .text.__libc_init_array
                0x00000000080036c4       0x48 /usr/lib/gcc/arm-none-eabi/10.2.0/../../../../arm-none-eabi/lib/thumb/v7e-m/nofp/libg.a(lib_a-init.o)
                0x00000000080036c4                __libc_init_array
 .text.memset   0x000000000800370c       0xa0 /usr/lib/gcc/arm-none-eabi/10.2.0/../../../../arm-none-eabi/lib/thumb/v7e-m/nofp/libg.a(lib_a-memset.o)
                0x000000000800370c                memset
 .text._vsprintf_r
                0x00000000080037ac       0x28 /usr/lib/gcc/arm-none-eabi/10.2.0/../../../../arm-none-eabi/lib/thumb/v7e-m/nofp/libg.a(lib_a-vsprintf.o)
                0x00000000080037ac                _vsprintf_r
 .text.vsprintf
                0x00000000080037d4       0x18 /usr/lib/gcc/arm-none-eabi/10.2.0/../../../../arm-none-eabi/lib/thumb/v7e-m/nofp/libg.a(lib_a-vsprintf.o)
                0x00000000080037d4                vsprintf
 .text.__register_exitproc
                0x00000000080037ec       0x88 /usr/lib/gcc/arm-none-eabi/10.2.0/../../../../arm-none-eabi/lib/thumb/v7e-m/nofp/libg.a(lib_a-__atexit.o)
                0x00000000080037ec                __register_exitproc
 .text.startup.register_fini
                0x0000000008003874       0x14 /usr/lib/gcc/arm-none-eabi/10.2.0/../../../../arm-none-eabi/lib/thumb/v7e-m/nofp/libg.a(lib_a-__call_atexit.o)
 .text.__retarget_lock_init_recursive
                0x0000000008003888        0x4 /usr/lib/gcc/arm-none-eabi/10.2.0/../../../../arm-none-eabi/lib/thumb/v7e-m/nofp/libg.a(lib_a-lock.o)
                0x0000000008003888                __retarget_lock_init_recursive
 .text.__retarget_lock_close_recursive
                0x000000000800388c        0x4 /usr/lib/gcc/arm-none-eabi/10.2.0/../../../../arm-none-eabi/lib/thumb/v7e-m/nofp/libg.a(lib_a-lock.o)
                0x000000000800388c                __retarget_lock_close_recursive
 .text.__retarget_lock_acquire_recursive
                0x0000000008003890        0x4 /usr/lib/gcc/arm-none-eabi/10.2.0/../../../../arm-none-eabi/lib/thumb/v7e-m/nofp/libg.a(lib_a-lock.o)
                0x0000000008003890                __retarget_lock_acquire_recursive
 .text.__retarget_lock_release_recursive
                0x0000000008003894        0x4 /usr/lib/gcc/arm-none-eabi/10.2.0/../../../../arm-none-eabi/lib/thumb/v7e-m/nofp/libg.a(lib_a-lock.o)
                0x0000000008003894                __retarget_lock_release_recursive
 .text._svfprintf_r
                0x0000000008003898     0x1a54 /usr/lib/gcc/arm-none-eabi/10.2.0/../../../../arm-none-eabi/lib/thumb/v7e-m/nofp/libg.a(lib_a-svfprintf.o)
                0x0000000008003898                _svfprintf_r
 .text.quorem   0x00000000080052ec      0x11c /usr/lib/gcc/arm-none-eabi/10.2.0/../../../../arm-none-eabi/lib/thumb/v7e-m/nofp/libg.a(lib_a-dtoa.o)
 .text._dtoa_r  0x0000000008005408      0xef0 /usr/lib/gcc/arm-none-eabi/10.2.0/../../../../arm-none-eabi/lib/thumb/v7e-m/nofp/libg.a(lib_a-dtoa.o)
                0x0000000008005408                _dtoa_r
 .text._malloc_trim_r
                0x00000000080062f8       0xa0 /usr/lib/gcc/arm-none-eabi/10.2.0/../../../../arm-none-eabi/lib/thumb/v7e-m/nofp/libg.a(lib_a-freer.o)
                0x00000000080062f8                _malloc_trim_r
 .text._free_r  0x0000000008006398      0x214 /usr/lib/gcc/arm-none-eabi/10.2.0/../../../../arm-none-eabi/lib/thumb/v7e-m/nofp/libg.a(lib_a-freer.o)
                0x0000000008006398                _free_r
 .text._localeconv_r
                0x00000000080065ac        0x8 /usr/lib/gcc/arm-none-eabi/10.2.0/../../../../arm-none-eabi/lib/thumb/v7e-m/nofp/libg.a(lib_a-localeconv.o)
                0x00000000080065ac                _localeconv_r
 .text.__locale_mb_cur_max
                0x00000000080065b4        0xc /usr/lib/gcc/arm-none-eabi/10.2.0/../../../../arm-none-eabi/lib/thumb/v7e-m/nofp/libg.a(lib_a-locale.o)
                0x00000000080065b4                __locale_mb_cur_max
 .text._malloc_r
                0x00000000080065c0      0x578 /usr/lib/gcc/arm-none-eabi/10.2.0/../../../../arm-none-eabi/lib/thumb/v7e-m/nofp/libg.a(lib_a-mallocr.o)
                0x00000000080065c0                _malloc_r
 .text.__ascii_mbtowc
                0x0000000008006b38       0x2c /usr/lib/gcc/arm-none-eabi/10.2.0/../../../../arm-none-eabi/lib/thumb/v7e-m/nofp/libg.a(lib_a-mbtowc_r.o)
                0x0000000008006b38                __ascii_mbtowc
 .text.__malloc_lock
                0x0000000008006b64        0xc /usr/lib/gcc/arm-none-eabi/10.2.0/../../../../arm-none-eabi/lib/thumb/v7e-m/nofp/libg.a(lib_a-mlock.o)
                0x0000000008006b64                __malloc_lock
 .text.__malloc_unlock
                0x0000000008006b70        0xc /usr/lib/gcc/arm-none-eabi/10.2.0/../../../../arm-none-eabi/lib/thumb/v7e-m/nofp/libg.a(lib_a-mlock.o)
                0x0000000008006b70                __malloc_unlock
 .text._Balloc  0x0000000008006b7c       0x4c /usr/lib/gcc/arm-none-eabi/10.2.0/../../../../arm-none-eabi/lib/thumb/v7e-m/nofp/libg.a(lib_a-mprec.o)
                0x0000000008006b7c                _Balloc
 .text._Bfree   0x0000000008006bc8       0x14 /usr/lib/gcc/arm-none-eabi/10.2.0/../../../../arm-none-eabi/lib/thumb/v7e-m/nofp/libg.a(lib_a-mprec.o)
                0x0000000008006bc8                _Bfree
 .text.__multadd
                0x0000000008006bdc       0xa0 /usr/lib/gcc/arm-none-eabi/10.2.0/../../../../arm-none-eabi/lib/thumb/v7e-m/nofp/libg.a(lib_a-mprec.o)
                0x0000000008006bdc                __multadd
 .text.__hi0bits
                0x0000000008006c7c       0x40 /usr/lib/gcc/arm-none-eabi/10.2.0/../../../../arm-none-eabi/lib/thumb/v7e-m/nofp/libg.a(lib_a-mprec.o)
                0x0000000008006c7c                __hi0bits
 .text.__lo0bits
                0x0000000008006cbc       0x60 /usr/lib/gcc/arm-none-eabi/10.2.0/../../../../arm-none-eabi/lib/thumb/v7e-m/nofp/libg.a(lib_a-mprec.o)
                0x0000000008006cbc                __lo0bits
 .text.__i2b    0x0000000008006d1c       0x2c /usr/lib/gcc/arm-none-eabi/10.2.0/../../../../arm-none-eabi/lib/thumb/v7e-m/nofp/libg.a(lib_a-mprec.o)
                0x0000000008006d1c                __i2b
 .text.__multiply
                0x0000000008006d48      0x160 /usr/lib/gcc/arm-none-eabi/10.2.0/../../../../arm-none-eabi/lib/thumb/v7e-m/nofp/libg.a(lib_a-mprec.o)
                0x0000000008006d48                __multiply
 .text.__pow5mult
                0x0000000008006ea8       0x98 /usr/lib/gcc/arm-none-eabi/10.2.0/../../../../arm-none-eabi/lib/thumb/v7e-m/nofp/libg.a(lib_a-mprec.o)
                0x0000000008006ea8                __pow5mult
 .text.__lshift
                0x0000000008006f40       0xe8 /usr/lib/gcc/arm-none-eabi/10.2.0/../../../../arm-none-eabi/lib/thumb/v7e-m/nofp/libg.a(lib_a-mprec.o)
                0x0000000008006f40                __lshift
 .text.__mcmp   0x0000000008007028       0x3c /usr/lib/gcc/arm-none-eabi/10.2.0/../../../../arm-none-eabi/lib/thumb/v7e-m/nofp/libg.a(lib_a-mprec.o)
                0x0000000008007028                __mcmp
 .text.__mdiff  0x0000000008007064      0x148 /usr/lib/gcc/arm-none-eabi/10.2.0/../../../../arm-none-eabi/lib/thumb/v7e-m/nofp/libg.a(lib_a-mprec.o)
                0x0000000008007064                __mdiff
 .text.__d2b    0x00000000080071ac       0xc4 /usr/lib/gcc/arm-none-eabi/10.2.0/../../../../arm-none-eabi/lib/thumb/v7e-m/nofp/libg.a(lib_a-mprec.o)
                0x00000000080071ac                __d2b
 .text._sbrk_r  0x0000000008007270       0x24 /usr/lib/gcc/arm-none-eabi/10.2.0/../../../../arm-none-eabi/lib/thumb/v7e-m/nofp/libg.a(lib_a-sbrkr.o)
                0x0000000008007270                _sbrk_r
 .text.frexp    0x0000000008007294       0x70 /usr/lib/gcc/arm-none-eabi/10.2.0/../../../../arm-none-eabi/lib/thumb/v7e-m/nofp/libg.a(lib_a-s_frexp.o)
                0x0000000008007294                frexp
 .text.strncpy  0x0000000008007304       0x68 /usr/lib/gcc/arm-none-eabi/10.2.0/../../../../arm-none-eabi/lib/thumb/v7e-m/nofp/libg.a(lib_a-strncpy.o)
                0x0000000008007304                strncpy
 .text.__ssprint_r
                0x000000000800736c       0xf8 /usr/lib/gcc/arm-none-eabi/10.2.0/../../../../arm-none-eabi/lib/thumb/v7e-m/nofp/libg.a(lib_a-svfiprintf.o)
                0x000000000800736c                __ssprint_r
 .text.__ascii_wctomb
                0x0000000008007464       0x1c /usr/lib/gcc/arm-none-eabi/10.2.0/../../../../arm-none-eabi/lib/thumb/v7e-m/nofp/libg.a(lib_a-wctomb_r.o)
                0x0000000008007464                __ascii_wctomb
 .text.__assert_func
                0x0000000008007480       0x3c /usr/lib/gcc/arm-none-eabi/10.2.0/../../../../arm-none-eabi/lib/thumb/v7e-m/nofp/libg.a(lib_a-assert.o)
                0x0000000008007480                __assert_func
 .text._calloc_r
                0x00000000080074bc       0x60 /usr/lib/gcc/arm-none-eabi/10.2.0/../../../../arm-none-eabi/lib/thumb/v7e-m/nofp/libg.a(lib_a-callocr.o)
                0x00000000080074bc                _calloc_r
 .text.fiprintf
                0x000000000800751c       0x28 /usr/lib/gcc/arm-none-eabi/10.2.0/../../../../arm-none-eabi/lib/thumb/v7e-m/nofp/libg.a(lib_a-fiprintf.o)
                0x000000000800751c                fiprintf
 .text.memmove  0x0000000008007544       0xd8 /usr/lib/gcc/arm-none-eabi/10.2.0/../../../../arm-none-eabi/lib/thumb/v7e-m/nofp/libg.a(lib_a-memmove.o)
                0x0000000008007544                memmove
 .text._realloc_r
                0x000000000800761c      0x37c /usr/lib/gcc/arm-none-eabi/10.2.0/../../../../arm-none-eabi/lib/thumb/v7e-m/nofp/libg.a(lib_a-reallocr.o)
                0x000000000800761c                _realloc_r
 .text.__sprint_r.part.0
                0x0000000008007998       0x78 /usr/lib/gcc/arm-none-eabi/10.2.0/../../../../arm-none-eabi/lib/thumb/v7e-m/nofp/libg.a(lib_a-vfiprintf.o)
 .text._vfiprintf_r
                0x0000000008007a10      0xd50 /usr/lib/gcc/arm-none-eabi/10.2.0/../../../../arm-none-eabi/lib/thumb/v7e-m/nofp/libg.a(lib_a-vfiprintf.o)
                0x0000000008007a10                _vfiprintf_r
 .text.__sbprintf
                0x0000000008008760       0x84 /usr/lib/gcc/arm-none-eabi/10.2.0/../../../../arm-none-eabi/lib/thumb/v7e-m/nofp/libg.a(lib_a-vfiprintf.o)
 .text.__swsetup_r
                0x00000000080087e4       0xd0 /usr/lib/gcc/arm-none-eabi/10.2.0/../../../../arm-none-eabi/lib/thumb/v7e-m/nofp/libg.a(lib_a-wsetup.o)
                0x00000000080087e4                __swsetup_r
 .text.abort    0x00000000080088b4       0x10 /usr/lib/gcc/arm-none-eabi/10.2.0/../../../../arm-none-eabi/lib/thumb/v7e-m/nofp/libg.a(lib_a-abort.o)
                0x00000000080088b4                abort
 .text.__sflush_r
                0x00000000080088c4      0x14c /usr/lib/gcc/arm-none-eabi/10.2.0/../../../../arm-none-eabi/lib/thumb/v7e-m/nofp/libg.a(lib_a-fflush.o)
                0x00000000080088c4                __sflush_r
 .text._fflush_r
                0x0000000008008a10       0x5c /usr/lib/gcc/arm-none-eabi/10.2.0/../../../../arm-none-eabi/lib/thumb/v7e-m/nofp/libg.a(lib_a-fflush.o)
                0x0000000008008a10                _fflush_r
 .text.std      0x0000000008008a6c       0x50 /usr/lib/gcc/arm-none-eabi/10.2.0/../../../../arm-none-eabi/lib/thumb/v7e-m/nofp/libg.a(lib_a-findfp.o)
 .text._cleanup_r
                0x0000000008008abc        0xc /usr/lib/gcc/arm-none-eabi/10.2.0/../../../../arm-none-eabi/lib/thumb/v7e-m/nofp/libg.a(lib_a-findfp.o)
                0x0000000008008abc                _cleanup_r
 .text.__sinit  0x0000000008008ac8       0x54 /usr/lib/gcc/arm-none-eabi/10.2.0/../../../../arm-none-eabi/lib/thumb/v7e-m/nofp/libg.a(lib_a-findfp.o)
                0x0000000008008ac8                __sinit
 .text.__sfp_lock_acquire
                0x0000000008008b1c        0xc /usr/lib/gcc/arm-none-eabi/10.2.0/../../../../arm-none-eabi/lib/thumb/v7e-m/nofp/libg.a(lib_a-findfp.o)
                0x0000000008008b1c                __sfp_lock_acquire
 .text.__sfp_lock_release
                0x0000000008008b28        0xc /usr/lib/gcc/arm-none-eabi/10.2.0/../../../../arm-none-eabi/lib/thumb/v7e-m/nofp/libg.a(lib_a-findfp.o)
                0x0000000008008b28                __sfp_lock_release
 .text.__fputwc
                0x0000000008008b34       0xa8 /usr/lib/gcc/arm-none-eabi/10.2.0/../../../../arm-none-eabi/lib/thumb/v7e-m/nofp/libg.a(lib_a-fputwc.o)
                0x0000000008008b34                __fputwc
 .text._fputwc_r
                0x0000000008008bdc       0x64 /usr/lib/gcc/arm-none-eabi/10.2.0/../../../../arm-none-eabi/lib/thumb/v7e-m/nofp/libg.a(lib_a-fputwc.o)
                0x0000000008008bdc                _fputwc_r
 .text.__sfvwrite_r
                0x0000000008008c40      0x2f4 /usr/lib/gcc/arm-none-eabi/10.2.0/../../../../arm-none-eabi/lib/thumb/v7e-m/nofp/libg.a(lib_a-fvwrite.o)
                0x0000000008008c40                __sfvwrite_r
 .text._fwalk_reent
                0x0000000008008f34       0x48 /usr/lib/gcc/arm-none-eabi/10.2.0/../../../../arm-none-eabi/lib/thumb/v7e-m/nofp/libg.a(lib_a-fwalk.o)
                0x0000000008008f34                _fwalk_reent
 .text.__swhatbuf_r
                0x0000000008008f7c       0x5c /usr/lib/gcc/arm-none-eabi/10.2.0/../../../../arm-none-eabi/lib/thumb/v7e-m/nofp/libg.a(lib_a-makebuf.o)
                0x0000000008008f7c                __swhatbuf_r
 .text.__smakebuf_r
                0x0000000008008fd8       0x98 /usr/lib/gcc/arm-none-eabi/10.2.0/../../../../arm-none-eabi/lib/thumb/v7e-m/nofp/libg.a(lib_a-makebuf.o)
                0x0000000008008fd8                __smakebuf_r
 .text._raise_r
                0x0000000008009070       0x58 /usr/lib/gcc/arm-none-eabi/10.2.0/../../../../arm-none-eabi/lib/thumb/v7e-m/nofp/libg.a(lib_a-signal.o)
                0x0000000008009070                _raise_r
 .text.raise    0x00000000080090c8       0x10 /usr/lib/gcc/arm-none-eabi/10.2.0/../../../../arm-none-eabi/lib/thumb/v7e-m/nofp/libg.a(lib_a-signal.o)
                0x00000000080090c8                raise
 .text._kill_r  0x00000000080090d8       0x2c /usr/lib/gcc/arm-none-eabi/10.2.0/../../../../arm-none-eabi/lib/thumb/v7e-m/nofp/libg.a(lib_a-signalr.o)
                0x00000000080090d8                _kill_r
 .text._getpid_r
                0x0000000008009104        0x4 /usr/lib/gcc/arm-none-eabi/10.2.0/../../../../arm-none-eabi/lib/thumb/v7e-m/nofp/libg.a(lib_a-signalr.o)
                0x0000000008009104                _getpid_r
 .text.__sread  0x0000000008009108       0x24 /usr/lib/gcc/arm-none-eabi/10.2.0/../../../../arm-none-eabi/lib/thumb/v7e-m/nofp/libg.a(lib_a-stdio.o)
                0x0000000008009108                __sread
 .text.__swrite
                0x000000000800912c       0x40 /usr/lib/gcc/arm-none-eabi/10.2.0/../../../../arm-none-eabi/lib/thumb/v7e-m/nofp/libg.a(lib_a-stdio.o)
                0x000000000800912c                __swrite
 .text.__sseek  0x000000000800916c       0x20 /usr/lib/gcc/arm-none-eabi/10.2.0/../../../../arm-none-eabi/lib/thumb/v7e-m/nofp/libg.a(lib_a-stdio.o)
                0x000000000800916c                __sseek
 .text.__sclose
                0x000000000800918c        0x8 /usr/lib/gcc/arm-none-eabi/10.2.0/../../../../arm-none-eabi/lib/thumb/v7e-m/nofp/libg.a(lib_a-stdio.o)
                0x000000000800918c                __sclose
 .text.__swbuf_r
                0x0000000008009194       0xb0 /usr/lib/gcc/arm-none-eabi/10.2.0/../../../../arm-none-eabi/lib/thumb/v7e-m/nofp/libg.a(lib_a-wbuf.o)
                0x0000000008009194                __swbuf_r
 .text._wcrtomb_r
                0x0000000008009244       0x34 /usr/lib/gcc/arm-none-eabi/10.2.0/../../../../arm-none-eabi/lib/thumb/v7e-m/nofp/libg.a(lib_a-wcrtomb.o)
                0x0000000008009244                _wcrtomb_r
 .text._write_r
                0x0000000008009278       0x2c /usr/lib/gcc/arm-none-eabi/10.2.0/../../../../arm-none-eabi/lib/thumb/v7e-m/nofp/libg.a(lib_a-writer.o)
                0x0000000008009278                _write_r
 .text._close_r
                0x00000000080092a4       0x24 /usr/lib/gcc/arm-none-eabi/10.2.0/../../../../arm-none-eabi/lib/thumb/v7e-m/nofp/libg.a(lib_a-closer.o)
                0x00000000080092a4                _close_r
 .text._fclose_r
                0x00000000080092c8       0xd0 /usr/lib/gcc/arm-none-eabi/10.2.0/../../../../arm-none-eabi/lib/thumb/v7e-m/nofp/libg.a(lib_a-fclose.o)
                0x00000000080092c8                _fclose_r
 .text._fstat_r
                0x0000000008009398       0x2c /usr/lib/gcc/arm-none-eabi/10.2.0/../../../../arm-none-eabi/lib/thumb/v7e-m/nofp/libg.a(lib_a-fstatr.o)
                0x0000000008009398                _fstat_r
 .text._isatty_r
                0x00000000080093c4       0x24 /usr/lib/gcc/arm-none-eabi/10.2.0/../../../../arm-none-eabi/lib/thumb/v7e-m/nofp/libg.a(lib_a-isattyr.o)
                0x00000000080093c4                _isatty_r
 .text._lseek_r
                0x00000000080093e8       0x2c /usr/lib/gcc/arm-none-eabi/10.2.0/../../../../arm-none-eabi/lib/thumb/v7e-m/nofp/libg.a(lib_a-lseekr.o)
                0x00000000080093e8                _lseek_r
 .text._read_r  0x0000000008009414       0x2c /usr/lib/gcc/arm-none-eabi/10.2.0/../../../../arm-none-eabi/lib/thumb/v7e-m/nofp/libg.a(lib_a-readr.o)
                0x0000000008009414                _read_r
 *(.glue_7)
 .glue_7        0x0000000008009440        0x0 linker stubs
 *(.glue_7t)
 .glue_7t       0x0000000008009440        0x0 linker stubs
 *(.eh_frame)
 .eh_frame      0x0000000008009440        0x0 /usr/lib/gcc/arm-none-eabi/10.2.0/thumb/v7e-m/nofp/crtbegin.o
 *(.init)
 .init          0x0000000008009440        0x4 /usr/lib/gcc/arm-none-eabi/10.2.0/thumb/v7e-m/nofp/crti.o
                0x0000000008009440                _init
 .init          0x0000000008009444        0x8 /usr/lib/gcc/arm-none-eabi/10.2.0/thumb/v7e-m/nofp/crtn.o
 *(.fini)
 .fini          0x000000000800944c        0x4 /usr/lib/gcc/arm-none-eabi/10.2.0/thumb/v7e-m/nofp/crti.o
                0x000000000800944c                _fini
 .fini          0x0000000008009450        0x8 /usr/lib/gcc/arm-none-eabi/10.2.0/thumb/v7e-m/nofp/crtn.o
                0x0000000008009458                . = ALIGN (0x4)
                0x0000000008009458                _etext = .

.vfp11_veneer   0x0000000008009458        0x0
 .vfp11_veneer  0x0000000008009458        0x0 linker stubs

.v4_bx          0x0000000008009458        0x0
 .v4_bx         0x0000000008009458        0x0 linker stubs

.iplt           0x0000000008009458        0x0
 .iplt          0x0000000008009458        0x0 /usr/lib/gcc/arm-none-eabi/10.2.0/thumb/v7e-m/nofp/crtbegin.o

.rodata         0x0000000008009458      0x470
                0x0000000008009458                . = ALIGN (0x4)
 *(.rodata)
 *(.rodata*)
 .rodata.pumpfsm_handler
                0x0000000008009458       0xd8 CMakeFiles/fsm-pump-controller-v1.elf.dir/Core/Src/fsm.c.obj
 .rodata.main.str1.4
                0x0000000008009530        0x4 CMakeFiles/fsm-pump-controller-v1.elf.dir/Core/Src/main.c.obj
 .rodata.AHBPrescTable
                0x0000000008009534       0x10 CMakeFiles/fsm-pump-controller-v1.elf.dir/Core/Src/system_stm32f4xx.c.obj
                0x0000000008009534                AHBPrescTable
 .rodata.APBPrescTable
                0x0000000008009544        0x8 CMakeFiles/fsm-pump-controller-v1.elf.dir/Core/Src/system_stm32f4xx.c.obj
                0x0000000008009544                APBPrescTable
 .rodata._global_impure_ptr
                0x000000000800954c        0x4 /usr/lib/gcc/arm-none-eabi/10.2.0/../../../../arm-none-eabi/lib/thumb/v7e-m/nofp/libg.a(lib_a-impure.o)
                0x000000000800954c                _global_impure_ptr
 .rodata._svfprintf_r.str1.4
                0x0000000008009550       0x42 /usr/lib/gcc/arm-none-eabi/10.2.0/../../../../arm-none-eabi/lib/thumb/v7e-m/nofp/libg.a(lib_a-svfprintf.o)
 *fill*         0x0000000008009592        0x2 
 .rodata.blanks.7335
                0x0000000008009594       0x10 /usr/lib/gcc/arm-none-eabi/10.2.0/../../../../arm-none-eabi/lib/thumb/v7e-m/nofp/libg.a(lib_a-svfprintf.o)
 .rodata.zeroes.7336
                0x00000000080095a4       0x10 /usr/lib/gcc/arm-none-eabi/10.2.0/../../../../arm-none-eabi/lib/thumb/v7e-m/nofp/libg.a(lib_a-svfprintf.o)
 .rodata._dtoa_r.str1.4
                0x00000000080095b4       0x63 /usr/lib/gcc/arm-none-eabi/10.2.0/../../../../arm-none-eabi/lib/thumb/v7e-m/nofp/libg.a(lib_a-dtoa.o)
                                         0x67 (size before relaxing)
 *fill*         0x0000000008009617        0x1 
 .rodata._setlocale_r.str1.4
                0x0000000008009618        0xa /usr/lib/gcc/arm-none-eabi/10.2.0/../../../../arm-none-eabi/lib/thumb/v7e-m/nofp/libg.a(lib_a-locale.o)
                                          0xd (size before relaxing)
 *fill*         0x0000000008009622        0x2 
 .rodata.str1.4
                0x0000000008009624        0x2 /usr/lib/gcc/arm-none-eabi/10.2.0/../../../../arm-none-eabi/lib/thumb/v7e-m/nofp/libg.a(lib_a-locale.o)
 *fill*         0x0000000008009626        0x2 
 .rodata.__multadd.str1.4
                0x0000000008009628       0x40 /usr/lib/gcc/arm-none-eabi/10.2.0/../../../../arm-none-eabi/lib/thumb/v7e-m/nofp/libg.a(lib_a-mprec.o)
                                         0x54 (size before relaxing)
 .rodata.__mprec_bigtens
                0x0000000008009668       0x28 /usr/lib/gcc/arm-none-eabi/10.2.0/../../../../arm-none-eabi/lib/thumb/v7e-m/nofp/libg.a(lib_a-mprec.o)
                0x0000000008009668                __mprec_bigtens
 .rodata.__mprec_tens
                0x0000000008009690       0xc8 /usr/lib/gcc/arm-none-eabi/10.2.0/../../../../arm-none-eabi/lib/thumb/v7e-m/nofp/libg.a(lib_a-mprec.o)
                0x0000000008009690                __mprec_tens
 .rodata.p05.6122
                0x0000000008009758        0xc /usr/lib/gcc/arm-none-eabi/10.2.0/../../../../arm-none-eabi/lib/thumb/v7e-m/nofp/libg.a(lib_a-mprec.o)
 .rodata.__assert_func.str1.4
                0x0000000008009764       0x3f /usr/lib/gcc/arm-none-eabi/10.2.0/../../../../arm-none-eabi/lib/thumb/v7e-m/nofp/libg.a(lib_a-assert.o)
                                         0x43 (size before relaxing)
 *fill*         0x00000000080097a3        0x1 
 .rodata._ctype_
                0x00000000080097a4      0x101 /usr/lib/gcc/arm-none-eabi/10.2.0/../../../../arm-none-eabi/lib/thumb/v7e-m/nofp/libg.a(lib_a-ctype_.o)
                0x00000000080097a4                _ctype_
 .rodata._vfiprintf_r.str1.4
                0x00000000080098a5       0x2f /usr/lib/gcc/arm-none-eabi/10.2.0/../../../../arm-none-eabi/lib/thumb/v7e-m/nofp/libg.a(lib_a-vfiprintf.o)
 *fill*         0x00000000080098a5        0x3 
 .rodata.blanks.7328
                0x00000000080098a8       0x10 /usr/lib/gcc/arm-none-eabi/10.2.0/../../../../arm-none-eabi/lib/thumb/v7e-m/nofp/libg.a(lib_a-vfiprintf.o)
 .rodata.zeroes.7329
                0x00000000080098b8       0x10 /usr/lib/gcc/arm-none-eabi/10.2.0/../../../../arm-none-eabi/lib/thumb/v7e-m/nofp/libg.a(lib_a-vfiprintf.o)
                0x00000000080098c8                . = ALIGN (0x4)

.ARM.extab      0x00000000080098c8        0x0
                0x00000000080098c8                . = ALIGN (0x4)
 *(.ARM.extab* .gnu.linkonce.armextab.*)
                0x00000000080098c8                . = ALIGN (0x4)

.ARM            0x00000000080098c8        0x8
                0x00000000080098c8                . = ALIGN (0x4)
                0x00000000080098c8                __exidx_start = .
 *(.ARM.exidx*)
 .ARM.exidx.text.__udivmoddi4
                0x00000000080098c8        0x8 /usr/lib/gcc/arm-none-eabi/10.2.0/thumb/v7e-m/nofp/libgcc.a(_udivmoddi4.o)
                0x00000000080098d0                __exidx_end = .
                0x00000000080098d0                . = ALIGN (0x4)

.rel.dyn        0x00000000080098d0        0x0
 .rel.iplt      0x00000000080098d0        0x0 /usr/lib/gcc/arm-none-eabi/10.2.0/thumb/v7e-m/nofp/crtbegin.o

.preinit_array  0x00000000080098d0        0x0
                0x00000000080098d0                . = ALIGN (0x4)
                0x00000000080098d0                PROVIDE (__preinit_array_start = .)
 *(.preinit_array*)
                0x00000000080098d0                PROVIDE (__preinit_array_end = .)
                0x00000000080098d0                . = ALIGN (0x4)

.init_array     0x00000000080098d0        0x8
                0x00000000080098d0                . = ALIGN (0x4)
                0x00000000080098d0                PROVIDE (__init_array_start = .)
 *(SORT_BY_NAME(.init_array.*))
 .init_array.00000
                0x00000000080098d0        0x4 /usr/lib/gcc/arm-none-eabi/10.2.0/../../../../arm-none-eabi/lib/thumb/v7e-m/nofp/libg.a(lib_a-__call_atexit.o)
 *(.init_array*)
 .init_array    0x00000000080098d4        0x4 /usr/lib/gcc/arm-none-eabi/10.2.0/thumb/v7e-m/nofp/crtbegin.o
                0x00000000080098d8                PROVIDE (__init_array_end = .)
                0x00000000080098d8                . = ALIGN (0x4)

.fini_array     0x00000000080098d8        0x4
                0x00000000080098d8                . = ALIGN (0x4)
                0x00000000080098d8                PROVIDE (__fini_array_start = .)
 *(SORT_BY_NAME(.fini_array.*))
 *(.fini_array*)
 .fini_array    0x00000000080098d8        0x4 /usr/lib/gcc/arm-none-eabi/10.2.0/thumb/v7e-m/nofp/crtbegin.o
                0x00000000080098dc                PROVIDE (__fini_array_end = .)
                0x00000000080098dc                . = ALIGN (0x4)
                0x00000000080098dc                _sidata = LOADADDR (.data)

.data           0x0000000020000000      0xa10 load address 0x00000000080098dc
                0x0000000020000000                . = ALIGN (0x4)
                0x0000000020000000                _sdata = .
 *(.data)
 *(.data*)
 .data.system   0x0000000020000000       0x4c CMakeFiles/fsm-pump-controller-v1.elf.dir/Core/Src/bsp.c.obj
                0x0000000020000000                system
 .data.pumpfsm_context
                0x000000002000004c        0xc CMakeFiles/fsm-pump-controller-v1.elf.dir/Core/Src/fsm.c.obj
 .data.SystemCoreClock
                0x0000000020000058        0x4 CMakeFiles/fsm-pump-controller-v1.elf.dir/Core/Src/system_stm32f4xx.c.obj
                0x0000000020000058                SystemCoreClock
 .data.uwTickFreq
                0x000000002000005c        0x1 CMakeFiles/fsm-pump-controller-v1.elf.dir/Drivers/STM32F4xx_HAL_Driver/Src/stm32f4xx_hal.c.obj
                0x000000002000005c                uwTickFreq
 *fill*         0x000000002000005d        0x3 
 .data.uwTickPrio
                0x0000000020000060        0x4 CMakeFiles/fsm-pump-controller-v1.elf.dir/Drivers/STM32F4xx_HAL_Driver/Src/stm32f4xx_hal.c.obj
                0x0000000020000060                uwTickPrio
 .data._impure_ptr
                0x0000000020000064        0x4 /usr/lib/gcc/arm-none-eabi/10.2.0/../../../../arm-none-eabi/lib/thumb/v7e-m/nofp/libg.a(lib_a-impure.o)
                0x0000000020000064                _impure_ptr
 .data.impure_data
                0x0000000020000068      0x428 /usr/lib/gcc/arm-none-eabi/10.2.0/../../../../arm-none-eabi/lib/thumb/v7e-m/nofp/libg.a(lib_a-impure.o)
 .data.__atexit_recursive_mutex
                0x0000000020000490        0x4 /usr/lib/gcc/arm-none-eabi/10.2.0/../../../../arm-none-eabi/lib/thumb/v7e-m/nofp/libg.a(lib_a-__call_atexit.o)
                0x0000000020000490                __atexit_recursive_mutex
 .data.__global_locale
                0x0000000020000494      0x16c /usr/lib/gcc/arm-none-eabi/10.2.0/../../../../arm-none-eabi/lib/thumb/v7e-m/nofp/libg.a(lib_a-locale.o)
                0x0000000020000494                __global_locale
 .data.__malloc_av_
                0x0000000020000600      0x408 /usr/lib/gcc/arm-none-eabi/10.2.0/../../../../arm-none-eabi/lib/thumb/v7e-m/nofp/libg.a(lib_a-mallocr.o)
                0x0000000020000600                __malloc_av_
 .data.__malloc_sbrk_base
                0x0000000020000a08        0x4 /usr/lib/gcc/arm-none-eabi/10.2.0/../../../../arm-none-eabi/lib/thumb/v7e-m/nofp/libg.a(lib_a-mallocr.o)
                0x0000000020000a08                __malloc_sbrk_base
 .data.__malloc_trim_threshold
                0x0000000020000a0c        0x4 /usr/lib/gcc/arm-none-eabi/10.2.0/../../../../arm-none-eabi/lib/thumb/v7e-m/nofp/libg.a(lib_a-mallocr.o)
                0x0000000020000a0c                __malloc_trim_threshold
                0x0000000020000a10                . = ALIGN (0x4)
                0x0000000020000a10                _edata = .

.igot.plt       0x0000000020000a10        0x0 load address 0x000000000800a2ec
 .igot.plt      0x0000000020000a10        0x0 /usr/lib/gcc/arm-none-eabi/10.2.0/thumb/v7e-m/nofp/crtbegin.o
                0x0000000020000a10                . = ALIGN (0x4)

.bss            0x0000000020000a10      0x21c load address 0x000000000800a2ec
                0x0000000020000a10                _sbss = .
                0x0000000020000a10                __bss_start__ = _sbss
 *(.bss)
 *(.bss*)
 .bss.completed.1
                0x0000000020000a10        0x1 /usr/lib/gcc/arm-none-eabi/10.2.0/thumb/v7e-m/nofp/crtbegin.o
 *fill*         0x0000000020000a11        0x3 
 .bss.object.0  0x0000000020000a14       0x18 /usr/lib/gcc/arm-none-eabi/10.2.0/thumb/v7e-m/nofp/crtbegin.o
 .bss.hadc1     0x0000000020000a2c       0x48 CMakeFiles/fsm-pump-controller-v1.elf.dir/Core/Src/bsp.c.obj
                0x0000000020000a2c                hadc1
 .bss.hi2c1     0x0000000020000a74       0x54 CMakeFiles/fsm-pump-controller-v1.elf.dir/Core/Src/bsp.c.obj
                0x0000000020000a74                hi2c1
 .bss.hrtc      0x0000000020000ac8       0x20 CMakeFiles/fsm-pump-controller-v1.elf.dir/Core/Src/bsp.c.obj
                0x0000000020000ac8                hrtc
 .bss.hspi1     0x0000000020000ae8       0x58 CMakeFiles/fsm-pump-controller-v1.elf.dir/Core/Src/bsp.c.obj
                0x0000000020000ae8                hspi1
 .bss.huart2    0x0000000020000b40       0x40 CMakeFiles/fsm-pump-controller-v1.elf.dir/Core/Src/bsp.c.obj
                0x0000000020000b40                huart2
 .bss.tim4      0x0000000020000b80       0x40 CMakeFiles/fsm-pump-controller-v1.elf.dir/Core/Src/bsp.c.obj
                0x0000000020000b80                tim4
 .bss.LCDHandle
                0x0000000020000bc0        0x4 CMakeFiles/fsm-pump-controller-v1.elf.dir/Core/Src/lcdhitachi.c.obj
 .bss.LCD_I2C_SLAVE_ADDRESS
                0x0000000020000bc4        0x1 CMakeFiles/fsm-pump-controller-v1.elf.dir/Core/Src/lcdhitachi.c.obj
 *fill*         0x0000000020000bc5        0x3 
 .bss.__sbrk_heap_end
                0x0000000020000bc8        0x4 CMakeFiles/fsm-pump-controller-v1.elf.dir/Core/Src/sysmem.c.obj
 .bss.uwTick    0x0000000020000bcc        0x4 CMakeFiles/fsm-pump-controller-v1.elf.dir/Drivers/STM32F4xx_HAL_Driver/Src/stm32f4xx_hal.c.obj
                0x0000000020000bcc                uwTick
 .bss.__malloc_current_mallinfo
                0x0000000020000bd0       0x28 /usr/lib/gcc/arm-none-eabi/10.2.0/../../../../arm-none-eabi/lib/thumb/v7e-m/nofp/libg.a(lib_a-mallocr.o)
                0x0000000020000bd0                __malloc_current_mallinfo
 .bss.__malloc_max_sbrked_mem
                0x0000000020000bf8        0x4 /usr/lib/gcc/arm-none-eabi/10.2.0/../../../../arm-none-eabi/lib/thumb/v7e-m/nofp/libg.a(lib_a-mallocr.o)
                0x0000000020000bf8                __malloc_max_sbrked_mem
 .bss.__malloc_max_total_mem
                0x0000000020000bfc        0x4 /usr/lib/gcc/arm-none-eabi/10.2.0/../../../../arm-none-eabi/lib/thumb/v7e-m/nofp/libg.a(lib_a-mallocr.o)
                0x0000000020000bfc                __malloc_max_total_mem
 .bss.__malloc_top_pad
                0x0000000020000c00        0x4 /usr/lib/gcc/arm-none-eabi/10.2.0/../../../../arm-none-eabi/lib/thumb/v7e-m/nofp/libg.a(lib_a-mallocr.o)
                0x0000000020000c00                __malloc_top_pad
 *(COMMON)
 COMMON         0x0000000020000c04       0x21 /usr/lib/gcc/arm-none-eabi/10.2.0/../../../../arm-none-eabi/lib/thumb/v7e-m/nofp/libg.a(lib_a-lock.o)
                0x0000000020000c04                __lock___atexit_recursive_mutex
                0x0000000020000c08                __lock___arc4random_mutex
                0x0000000020000c0c                __lock___env_recursive_mutex
                0x0000000020000c10                __lock___sinit_recursive_mutex
                0x0000000020000c14                __lock___malloc_recursive_mutex
                0x0000000020000c18                __lock___at_quick_exit_mutex
                0x0000000020000c1c                __lock___dd_hash_mutex
                0x0000000020000c20                __lock___tz_mutex
                0x0000000020000c24                __lock___sfp_recursive_mutex
 *fill*         0x0000000020000c25        0x3 
 COMMON         0x0000000020000c28        0x4 /usr/lib/gcc/arm-none-eabi/10.2.0/../../../../arm-none-eabi/lib/thumb/v7e-m/nofp/libg.a(lib_a-reent.o)
                0x0000000020000c28                errno
                0x0000000020000c2c                . = ALIGN (0x4)
                0x0000000020000c2c                _ebss = .
                0x0000000020000c2c                __bss_end__ = _ebss

._user_heap_stack
                0x0000000020000c2c      0x604 load address 0x000000000800a2ec
                0x0000000020000c30                . = ALIGN (0x8)
 *fill*         0x0000000020000c2c        0x4 
                [!provide]                        PROVIDE (end = .)
                0x0000000020000c30                PROVIDE (_end = .)
                0x0000000020000e30                . = (. + _Min_Heap_Size)
 *fill*         0x0000000020000c30      0x200 
                0x0000000020001230                . = (. + _Min_Stack_Size)
 *fill*         0x0000000020000e30      0x400 
                0x0000000020001230                . = ALIGN (0x8)

/DISCARD/
 libc.a(*)
 libm.a(*)
 libgcc.a(*)

.ARM.attributes
                0x0000000000000000       0x2a
 *(.ARM.attributes)
 .ARM.attributes
                0x0000000000000000       0x1e /usr/lib/gcc/arm-none-eabi/10.2.0/thumb/v7e-m/nofp/crti.o
 .ARM.attributes
                0x000000000000001e       0x2e /usr/lib/gcc/arm-none-eabi/10.2.0/thumb/v7e-m/nofp/crtbegin.o
 .ARM.attributes
                0x000000000000004c       0x2e CMakeFiles/fsm-pump-controller-v1.elf.dir/Core/Src/bsp.c.obj
 .ARM.attributes
                0x000000000000007a       0x2e CMakeFiles/fsm-pump-controller-v1.elf.dir/Core/Src/fsm.c.obj
 .ARM.attributes
                0x00000000000000a8       0x2e CMakeFiles/fsm-pump-controller-v1.elf.dir/Core/Src/lcdhitachi.c.obj
 .ARM.attributes
                0x00000000000000d6       0x2e CMakeFiles/fsm-pump-controller-v1.elf.dir/Core/Src/main.c.obj
 .ARM.attributes
                0x0000000000000104       0x2e CMakeFiles/fsm-pump-controller-v1.elf.dir/Core/Src/stm32f4xx_hal_msp.c.obj
 .ARM.attributes
                0x0000000000000132       0x2e CMakeFiles/fsm-pump-controller-v1.elf.dir/Core/Src/stm32f4xx_it.c.obj
 .ARM.attributes
                0x0000000000000160       0x2e CMakeFiles/fsm-pump-controller-v1.elf.dir/Core/Src/syscalls.c.obj
 .ARM.attributes
                0x000000000000018e       0x2e CMakeFiles/fsm-pump-controller-v1.elf.dir/Core/Src/sysmem.c.obj
 .ARM.attributes
                0x00000000000001bc       0x2e CMakeFiles/fsm-pump-controller-v1.elf.dir/Core/Src/system_stm32f4xx.c.obj
 .ARM.attributes
                0x00000000000001ea       0x21 CMakeFiles/fsm-pump-controller-v1.elf.dir/Core/Startup/startup_stm32f407vgtx.s.obj
 .ARM.attributes
                0x000000000000020b       0x2e CMakeFiles/fsm-pump-controller-v1.elf.dir/Drivers/STM32F4xx_HAL_Driver/Src/stm32f4xx_hal.c.obj
 .ARM.attributes
                0x0000000000000239       0x2e CMakeFiles/fsm-pump-controller-v1.elf.dir/Drivers/STM32F4xx_HAL_Driver/Src/stm32f4xx_hal_adc.c.obj
 .ARM.attributes
                0x0000000000000267       0x2e CMakeFiles/fsm-pump-controller-v1.elf.dir/Drivers/STM32F4xx_HAL_Driver/Src/stm32f4xx_hal_adc_ex.c.obj
 .ARM.attributes
                0x0000000000000295       0x2e CMakeFiles/fsm-pump-controller-v1.elf.dir/Drivers/STM32F4xx_HAL_Driver/Src/stm32f4xx_hal_cortex.c.obj
 .ARM.attributes
                0x00000000000002c3       0x2e CMakeFiles/fsm-pump-controller-v1.elf.dir/Drivers/STM32F4xx_HAL_Driver/Src/stm32f4xx_hal_gpio.c.obj
 .ARM.attributes
                0x00000000000002f1       0x2e CMakeFiles/fsm-pump-controller-v1.elf.dir/Drivers/STM32F4xx_HAL_Driver/Src/stm32f4xx_hal_i2c.c.obj
 .ARM.attributes
                0x000000000000031f       0x2e CMakeFiles/fsm-pump-controller-v1.elf.dir/Drivers/STM32F4xx_HAL_Driver/Src/stm32f4xx_hal_rcc.c.obj
 .ARM.attributes
                0x000000000000034d       0x2e CMakeFiles/fsm-pump-controller-v1.elf.dir/Drivers/STM32F4xx_HAL_Driver/Src/stm32f4xx_hal_rcc_ex.c.obj
 .ARM.attributes
                0x000000000000037b       0x2e CMakeFiles/fsm-pump-controller-v1.elf.dir/Drivers/STM32F4xx_HAL_Driver/Src/stm32f4xx_hal_rtc.c.obj
 .ARM.attributes
                0x00000000000003a9       0x2e CMakeFiles/fsm-pump-controller-v1.elf.dir/Drivers/STM32F4xx_HAL_Driver/Src/stm32f4xx_hal_spi.c.obj
 .ARM.attributes
                0x00000000000003d7       0x2e CMakeFiles/fsm-pump-controller-v1.elf.dir/Drivers/STM32F4xx_HAL_Driver/Src/stm32f4xx_hal_tim.c.obj
 .ARM.attributes
                0x0000000000000405       0x2e CMakeFiles/fsm-pump-controller-v1.elf.dir/Drivers/STM32F4xx_HAL_Driver/Src/stm32f4xx_hal_uart.c.obj
 .ARM.attributes
                0x0000000000000433       0x1e /usr/lib/gcc/arm-none-eabi/10.2.0/thumb/v7e-m/nofp/libgcc.a(_aeabi_uldivmod.o)
 .ARM.attributes
                0x0000000000000451       0x2e /usr/lib/gcc/arm-none-eabi/10.2.0/thumb/v7e-m/nofp/libgcc.a(_udivmoddi4.o)
 .ARM.attributes
                0x000000000000047f       0x1e /usr/lib/gcc/arm-none-eabi/10.2.0/thumb/v7e-m/nofp/libgcc.a(_dvmd_tls.o)
 .ARM.attributes
                0x000000000000049d       0x2e /usr/lib/gcc/arm-none-eabi/10.2.0/../../../../arm-none-eabi/lib/thumb/v7e-m/nofp/libg.a(lib_a-atexit.o)
 .ARM.attributes
                0x00000000000004cb       0x2e /usr/lib/gcc/arm-none-eabi/10.2.0/../../../../arm-none-eabi/lib/thumb/v7e-m/nofp/libg.a(lib_a-errno.o)
 .ARM.attributes
                0x00000000000004f9       0x2e /usr/lib/gcc/arm-none-eabi/10.2.0/../../../../arm-none-eabi/lib/thumb/v7e-m/nofp/libg.a(lib_a-fini.o)
 .ARM.attributes
                0x0000000000000527       0x2e /usr/lib/gcc/arm-none-eabi/10.2.0/../../../../arm-none-eabi/lib/thumb/v7e-m/nofp/libg.a(lib_a-impure.o)
 .ARM.attributes
                0x0000000000000555       0x2e /usr/lib/gcc/arm-none-eabi/10.2.0/../../../../arm-none-eabi/lib/thumb/v7e-m/nofp/libg.a(lib_a-init.o)
 .ARM.attributes
                0x0000000000000583       0x2e /usr/lib/gcc/arm-none-eabi/10.2.0/../../../../arm-none-eabi/lib/thumb/v7e-m/nofp/libg.a(lib_a-memset.o)
 .ARM.attributes
                0x00000000000005b1       0x1c /usr/lib/gcc/arm-none-eabi/10.2.0/../../../../arm-none-eabi/lib/thumb/v7e-m/nofp/libg.a(lib_a-strlen.o)
 .ARM.attributes
                0x00000000000005cd       0x2e /usr/lib/gcc/arm-none-eabi/10.2.0/../../../../arm-none-eabi/lib/thumb/v7e-m/nofp/libg.a(lib_a-vsprintf.o)
 .ARM.attributes
                0x00000000000005fb       0x2e /usr/lib/gcc/arm-none-eabi/10.2.0/../../../../arm-none-eabi/lib/thumb/v7e-m/nofp/libg.a(lib_a-__atexit.o)
 .ARM.attributes
                0x0000000000000629       0x2e /usr/lib/gcc/arm-none-eabi/10.2.0/../../../../arm-none-eabi/lib/thumb/v7e-m/nofp/libg.a(lib_a-__call_atexit.o)
 .ARM.attributes
                0x0000000000000657       0x2e /usr/lib/gcc/arm-none-eabi/10.2.0/../../../../arm-none-eabi/lib/thumb/v7e-m/nofp/libg.a(lib_a-lock.o)
 .ARM.attributes
                0x0000000000000685       0x2e /usr/lib/gcc/arm-none-eabi/10.2.0/../../../../arm-none-eabi/lib/thumb/v7e-m/nofp/libg.a(lib_a-svfprintf.o)
 .ARM.attributes
                0x00000000000006b3       0x2e /usr/lib/gcc/arm-none-eabi/10.2.0/../../../../arm-none-eabi/lib/thumb/v7e-m/nofp/libg.a(lib_a-dtoa.o)
 .ARM.attributes
                0x00000000000006e1       0x2e /usr/lib/gcc/arm-none-eabi/10.2.0/../../../../arm-none-eabi/lib/thumb/v7e-m/nofp/libg.a(lib_a-freer.o)
 .ARM.attributes
                0x000000000000070f       0x2e /usr/lib/gcc/arm-none-eabi/10.2.0/../../../../arm-none-eabi/lib/thumb/v7e-m/nofp/libg.a(lib_a-localeconv.o)
 .ARM.attributes
                0x000000000000073d       0x2e /usr/lib/gcc/arm-none-eabi/10.2.0/../../../../arm-none-eabi/lib/thumb/v7e-m/nofp/libg.a(lib_a-locale.o)
 .ARM.attributes
                0x000000000000076b       0x2e /usr/lib/gcc/arm-none-eabi/10.2.0/../../../../arm-none-eabi/lib/thumb/v7e-m/nofp/libg.a(lib_a-mallocr.o)
 .ARM.attributes
                0x0000000000000799       0x2e /usr/lib/gcc/arm-none-eabi/10.2.0/../../../../arm-none-eabi/lib/thumb/v7e-m/nofp/libg.a(lib_a-mbtowc_r.o)
 .ARM.attributes
                0x00000000000007c7       0x1c /usr/lib/gcc/arm-none-eabi/10.2.0/../../../../arm-none-eabi/lib/thumb/v7e-m/nofp/libg.a(lib_a-memchr.o)
 .ARM.attributes
                0x00000000000007e3       0x1c /usr/lib/gcc/arm-none-eabi/10.2.0/../../../../arm-none-eabi/lib/thumb/v7e-m/nofp/libg.a(lib_a-memcpy.o)
 .ARM.attributes
                0x00000000000007ff       0x2e /usr/lib/gcc/arm-none-eabi/10.2.0/../../../../arm-none-eabi/lib/thumb/v7e-m/nofp/libg.a(lib_a-mlock.o)
 .ARM.attributes
                0x000000000000082d       0x2e /usr/lib/gcc/arm-none-eabi/10.2.0/../../../../arm-none-eabi/lib/thumb/v7e-m/nofp/libg.a(lib_a-mprec.o)
 .ARM.attributes
                0x000000000000085b       0x2e /usr/lib/gcc/arm-none-eabi/10.2.0/../../../../arm-none-eabi/lib/thumb/v7e-m/nofp/libg.a(lib_a-sbrkr.o)
 .ARM.attributes
                0x0000000000000889       0x2e /usr/lib/gcc/arm-none-eabi/10.2.0/../../../../arm-none-eabi/lib/thumb/v7e-m/nofp/libg.a(lib_a-s_frexp.o)
 .ARM.attributes
                0x00000000000008b7       0x2e /usr/lib/gcc/arm-none-eabi/10.2.0/../../../../arm-none-eabi/lib/thumb/v7e-m/nofp/libg.a(lib_a-strncpy.o)
 .ARM.attributes
                0x00000000000008e5       0x2e /usr/lib/gcc/arm-none-eabi/10.2.0/../../../../arm-none-eabi/lib/thumb/v7e-m/nofp/libg.a(lib_a-svfiprintf.o)
 .ARM.attributes
                0x0000000000000913       0x2e /usr/lib/gcc/arm-none-eabi/10.2.0/../../../../arm-none-eabi/lib/thumb/v7e-m/nofp/libg.a(lib_a-wctomb_r.o)
 .ARM.attributes
                0x0000000000000941       0x2e /usr/lib/gcc/arm-none-eabi/10.2.0/../../../../arm-none-eabi/lib/thumb/v7e-m/nofp/libg.a(lib_a-assert.o)
 .ARM.attributes
                0x000000000000096f       0x2e /usr/lib/gcc/arm-none-eabi/10.2.0/../../../../arm-none-eabi/lib/thumb/v7e-m/nofp/libg.a(lib_a-callocr.o)
 .ARM.attributes
                0x000000000000099d       0x2e /usr/lib/gcc/arm-none-eabi/10.2.0/../../../../arm-none-eabi/lib/thumb/v7e-m/nofp/libg.a(lib_a-ctype_.o)
 .ARM.attributes
                0x00000000000009cb       0x2e /usr/lib/gcc/arm-none-eabi/10.2.0/../../../../arm-none-eabi/lib/thumb/v7e-m/nofp/libg.a(lib_a-fiprintf.o)
 .ARM.attributes
                0x00000000000009f9       0x2e /usr/lib/gcc/arm-none-eabi/10.2.0/../../../../arm-none-eabi/lib/thumb/v7e-m/nofp/libg.a(lib_a-memmove.o)
 .ARM.attributes
                0x0000000000000a27       0x2e /usr/lib/gcc/arm-none-eabi/10.2.0/../../../../arm-none-eabi/lib/thumb/v7e-m/nofp/libg.a(lib_a-reallocr.o)
 .ARM.attributes
                0x0000000000000a55       0x2e /usr/lib/gcc/arm-none-eabi/10.2.0/../../../../arm-none-eabi/lib/thumb/v7e-m/nofp/libg.a(lib_a-reent.o)
 .ARM.attributes
                0x0000000000000a83       0x2e /usr/lib/gcc/arm-none-eabi/10.2.0/../../../../arm-none-eabi/lib/thumb/v7e-m/nofp/libg.a(lib_a-vfiprintf.o)
 .ARM.attributes
                0x0000000000000ab1       0x2e /usr/lib/gcc/arm-none-eabi/10.2.0/../../../../arm-none-eabi/lib/thumb/v7e-m/nofp/libg.a(lib_a-wsetup.o)
 .ARM.attributes
                0x0000000000000adf       0x2e /usr/lib/gcc/arm-none-eabi/10.2.0/../../../../arm-none-eabi/lib/thumb/v7e-m/nofp/libg.a(lib_a-abort.o)
 .ARM.attributes
                0x0000000000000b0d       0x2e /usr/lib/gcc/arm-none-eabi/10.2.0/../../../../arm-none-eabi/lib/thumb/v7e-m/nofp/libg.a(lib_a-fflush.o)
 .ARM.attributes
                0x0000000000000b3b       0x2e /usr/lib/gcc/arm-none-eabi/10.2.0/../../../../arm-none-eabi/lib/thumb/v7e-m/nofp/libg.a(lib_a-findfp.o)
 .ARM.attributes
                0x0000000000000b69       0x2e /usr/lib/gcc/arm-none-eabi/10.2.0/../../../../arm-none-eabi/lib/thumb/v7e-m/nofp/libg.a(lib_a-fputwc.o)
 .ARM.attributes
                0x0000000000000b97       0x2e /usr/lib/gcc/arm-none-eabi/10.2.0/../../../../arm-none-eabi/lib/thumb/v7e-m/nofp/libg.a(lib_a-fvwrite.o)
 .ARM.attributes
                0x0000000000000bc5       0x2e /usr/lib/gcc/arm-none-eabi/10.2.0/../../../../arm-none-eabi/lib/thumb/v7e-m/nofp/libg.a(lib_a-fwalk.o)
 .ARM.attributes
                0x0000000000000bf3       0x2e /usr/lib/gcc/arm-none-eabi/10.2.0/../../../../arm-none-eabi/lib/thumb/v7e-m/nofp/libg.a(lib_a-makebuf.o)
 .ARM.attributes
                0x0000000000000c21       0x2e /usr/lib/gcc/arm-none-eabi/10.2.0/../../../../arm-none-eabi/lib/thumb/v7e-m/nofp/libg.a(lib_a-signal.o)
 .ARM.attributes
                0x0000000000000c4f       0x2e /usr/lib/gcc/arm-none-eabi/10.2.0/../../../../arm-none-eabi/lib/thumb/v7e-m/nofp/libg.a(lib_a-signalr.o)
 .ARM.attributes
                0x0000000000000c7d       0x2e /usr/lib/gcc/arm-none-eabi/10.2.0/../../../../arm-none-eabi/lib/thumb/v7e-m/nofp/libg.a(lib_a-stdio.o)
 .ARM.attributes
                0x0000000000000cab       0x2e /usr/lib/gcc/arm-none-eabi/10.2.0/../../../../arm-none-eabi/lib/thumb/v7e-m/nofp/libg.a(lib_a-wbuf.o)
 .ARM.attributes
                0x0000000000000cd9       0x2e /usr/lib/gcc/arm-none-eabi/10.2.0/../../../../arm-none-eabi/lib/thumb/v7e-m/nofp/libg.a(lib_a-wcrtomb.o)
 .ARM.attributes
                0x0000000000000d07       0x2e /usr/lib/gcc/arm-none-eabi/10.2.0/../../../../arm-none-eabi/lib/thumb/v7e-m/nofp/libg.a(lib_a-writer.o)
 .ARM.attributes
                0x0000000000000d35       0x2e /usr/lib/gcc/arm-none-eabi/10.2.0/../../../../arm-none-eabi/lib/thumb/v7e-m/nofp/libg.a(lib_a-closer.o)
 .ARM.attributes
                0x0000000000000d63       0x2e /usr/lib/gcc/arm-none-eabi/10.2.0/../../../../arm-none-eabi/lib/thumb/v7e-m/nofp/libg.a(lib_a-fclose.o)
 .ARM.attributes
                0x0000000000000d91       0x2e /usr/lib/gcc/arm-none-eabi/10.2.0/../../../../arm-none-eabi/lib/thumb/v7e-m/nofp/libg.a(lib_a-fstatr.o)
 .ARM.attributes
                0x0000000000000dbf       0x2e /usr/lib/gcc/arm-none-eabi/10.2.0/../../../../arm-none-eabi/lib/thumb/v7e-m/nofp/libg.a(lib_a-isattyr.o)
 .ARM.attributes
                0x0000000000000ded       0x2e /usr/lib/gcc/arm-none-eabi/10.2.0/../../../../arm-none-eabi/lib/thumb/v7e-m/nofp/libg.a(lib_a-lseekr.o)
 .ARM.attributes
                0x0000000000000e1b       0x2e /usr/lib/gcc/arm-none-eabi/10.2.0/../../../../arm-none-eabi/lib/thumb/v7e-m/nofp/libg.a(lib_a-readr.o)
 .ARM.attributes
                0x0000000000000e49       0x1e /usr/lib/gcc/arm-none-eabi/10.2.0/thumb/v7e-m/nofp/libgcc.a(_arm_addsubdf3.o)
 .ARM.attributes
                0x0000000000000e67       0x1e /usr/lib/gcc/arm-none-eabi/10.2.0/thumb/v7e-m/nofp/libgcc.a(_arm_muldivdf3.o)
 .ARM.attributes
                0x0000000000000e85       0x1e /usr/lib/gcc/arm-none-eabi/10.2.0/thumb/v7e-m/nofp/libgcc.a(_arm_cmpdf2.o)
 .ARM.attributes
                0x0000000000000ea3       0x1e /usr/lib/gcc/arm-none-eabi/10.2.0/thumb/v7e-m/nofp/libgcc.a(_arm_unorddf2.o)
 .ARM.attributes
                0x0000000000000ec1       0x1e /usr/lib/gcc/arm-none-eabi/10.2.0/thumb/v7e-m/nofp/libgcc.a(_arm_fixdfsi.o)
 .ARM.attributes
                0x0000000000000edf       0x1e /usr/lib/gcc/arm-none-eabi/10.2.0/thumb/v7e-m/nofp/crtn.o
OUTPUT(fsm-pump-controller-v1.elf elf32-littlearm)
LOAD linker stubs
LOAD /usr/lib/gcc/arm-none-eabi/10.2.0/../../../../arm-none-eabi/lib/thumb/v7e-m/nofp/libc.a
LOAD /usr/lib/gcc/arm-none-eabi/10.2.0/../../../../arm-none-eabi/lib/thumb/v7e-m/nofp/libm.a
LOAD /usr/lib/gcc/arm-none-eabi/10.2.0/thumb/v7e-m/nofp/libgcc.a

.debug_info     0x0000000000000000    0x16aa8
 .debug_info    0x0000000000000000     0x241a CMakeFiles/fsm-pump-controller-v1.elf.dir/Core/Src/bsp.c.obj
 .debug_info    0x000000000000241a      0x340 CMakeFiles/fsm-pump-controller-v1.elf.dir/Core/Src/fsm.c.obj
 .debug_info    0x000000000000275a      0xcf7 CMakeFiles/fsm-pump-controller-v1.elf.dir/Core/Src/lcdhitachi.c.obj
 .debug_info    0x0000000000003451      0x27f CMakeFiles/fsm-pump-controller-v1.elf.dir/Core/Src/main.c.obj
 .debug_info    0x00000000000036d0     0x1a2a CMakeFiles/fsm-pump-controller-v1.elf.dir/Core/Src/stm32f4xx_hal_msp.c.obj
 .debug_info    0x00000000000050fa      0x6b4 CMakeFiles/fsm-pump-controller-v1.elf.dir/Core/Src/stm32f4xx_it.c.obj
 .debug_info    0x00000000000057ae      0x7bb CMakeFiles/fsm-pump-controller-v1.elf.dir/Core/Src/syscalls.c.obj
 .debug_info    0x0000000000005f69      0x174 CMakeFiles/fsm-pump-controller-v1.elf.dir/Core/Src/sysmem.c.obj
 .debug_info    0x00000000000060dd      0x538 CMakeFiles/fsm-pump-controller-v1.elf.dir/Core/Src/system_stm32f4xx.c.obj
 .debug_info    0x0000000000006615       0x22 CMakeFiles/fsm-pump-controller-v1.elf.dir/Core/Startup/startup_stm32f407vgtx.s.obj
 .debug_info    0x0000000000006637      0x9f0 CMakeFiles/fsm-pump-controller-v1.elf.dir/Drivers/STM32F4xx_HAL_Driver/Src/stm32f4xx_hal.c.obj
 .debug_info    0x0000000000007027      0xeb7 CMakeFiles/fsm-pump-controller-v1.elf.dir/Drivers/STM32F4xx_HAL_Driver/Src/stm32f4xx_hal_adc.c.obj
 .debug_info    0x0000000000007ede      0xcaa CMakeFiles/fsm-pump-controller-v1.elf.dir/Drivers/STM32F4xx_HAL_Driver/Src/stm32f4xx_hal_adc_ex.c.obj
 .debug_info    0x0000000000008b88     0x1098 CMakeFiles/fsm-pump-controller-v1.elf.dir/Drivers/STM32F4xx_HAL_Driver/Src/stm32f4xx_hal_cortex.c.obj
 .debug_info    0x0000000000009c20      0x79b CMakeFiles/fsm-pump-controller-v1.elf.dir/Drivers/STM32F4xx_HAL_Driver/Src/stm32f4xx_hal_gpio.c.obj
 .debug_info    0x000000000000a3bb     0x3911 CMakeFiles/fsm-pump-controller-v1.elf.dir/Drivers/STM32F4xx_HAL_Driver/Src/stm32f4xx_hal_i2c.c.obj
 .debug_info    0x000000000000dccc      0xb03 CMakeFiles/fsm-pump-controller-v1.elf.dir/Drivers/STM32F4xx_HAL_Driver/Src/stm32f4xx_hal_rcc.c.obj
 .debug_info    0x000000000000e7cf      0x684 CMakeFiles/fsm-pump-controller-v1.elf.dir/Drivers/STM32F4xx_HAL_Driver/Src/stm32f4xx_hal_rcc_ex.c.obj
 .debug_info    0x000000000000ee53      0xf41 CMakeFiles/fsm-pump-controller-v1.elf.dir/Drivers/STM32F4xx_HAL_Driver/Src/stm32f4xx_hal_rtc.c.obj
 .debug_info    0x000000000000fd94     0x1e35 CMakeFiles/fsm-pump-controller-v1.elf.dir/Drivers/STM32F4xx_HAL_Driver/Src/stm32f4xx_hal_spi.c.obj
 .debug_info    0x0000000000011bc9     0x35d9 CMakeFiles/fsm-pump-controller-v1.elf.dir/Drivers/STM32F4xx_HAL_Driver/Src/stm32f4xx_hal_tim.c.obj
 .debug_info    0x00000000000151a2     0x1906 CMakeFiles/fsm-pump-controller-v1.elf.dir/Drivers/STM32F4xx_HAL_Driver/Src/stm32f4xx_hal_uart.c.obj

.debug_abbrev   0x0000000000000000     0x2b09
 .debug_abbrev  0x0000000000000000      0x35b CMakeFiles/fsm-pump-controller-v1.elf.dir/Core/Src/bsp.c.obj
 .debug_abbrev  0x000000000000035b      0x163 CMakeFiles/fsm-pump-controller-v1.elf.dir/Core/Src/fsm.c.obj
 .debug_abbrev  0x00000000000004be      0x256 CMakeFiles/fsm-pump-controller-v1.elf.dir/Core/Src/lcdhitachi.c.obj
 .debug_abbrev  0x0000000000000714       0xfd CMakeFiles/fsm-pump-controller-v1.elf.dir/Core/Src/main.c.obj
 .debug_abbrev  0x0000000000000811      0x201 CMakeFiles/fsm-pump-controller-v1.elf.dir/Core/Src/stm32f4xx_hal_msp.c.obj
 .debug_abbrev  0x0000000000000a12      0x18f CMakeFiles/fsm-pump-controller-v1.elf.dir/Core/Src/stm32f4xx_it.c.obj
 .debug_abbrev  0x0000000000000ba1      0x1b4 CMakeFiles/fsm-pump-controller-v1.elf.dir/Core/Src/syscalls.c.obj
 .debug_abbrev  0x0000000000000d55       0xe7 CMakeFiles/fsm-pump-controller-v1.elf.dir/Core/Src/sysmem.c.obj
 .debug_abbrev  0x0000000000000e3c      0x119 CMakeFiles/fsm-pump-controller-v1.elf.dir/Core/Src/system_stm32f4xx.c.obj
 .debug_abbrev  0x0000000000000f55       0x12 CMakeFiles/fsm-pump-controller-v1.elf.dir/Core/Startup/startup_stm32f407vgtx.s.obj
 .debug_abbrev  0x0000000000000f67      0x206 CMakeFiles/fsm-pump-controller-v1.elf.dir/Drivers/STM32F4xx_HAL_Driver/Src/stm32f4xx_hal.c.obj
 .debug_abbrev  0x000000000000116d      0x23a CMakeFiles/fsm-pump-controller-v1.elf.dir/Drivers/STM32F4xx_HAL_Driver/Src/stm32f4xx_hal_adc.c.obj
 .debug_abbrev  0x00000000000013a7      0x293 CMakeFiles/fsm-pump-controller-v1.elf.dir/Drivers/STM32F4xx_HAL_Driver/Src/stm32f4xx_hal_adc_ex.c.obj
 .debug_abbrev  0x000000000000163a      0x36a CMakeFiles/fsm-pump-controller-v1.elf.dir/Drivers/STM32F4xx_HAL_Driver/Src/stm32f4xx_hal_cortex.c.obj
 .debug_abbrev  0x00000000000019a4      0x1ef CMakeFiles/fsm-pump-controller-v1.elf.dir/Drivers/STM32F4xx_HAL_Driver/Src/stm32f4xx_hal_gpio.c.obj
 .debug_abbrev  0x0000000000001b93      0x27f CMakeFiles/fsm-pump-controller-v1.elf.dir/Drivers/STM32F4xx_HAL_Driver/Src/stm32f4xx_hal_i2c.c.obj
 .debug_abbrev  0x0000000000001e12      0x28a CMakeFiles/fsm-pump-controller-v1.elf.dir/Drivers/STM32F4xx_HAL_Driver/Src/stm32f4xx_hal_rcc.c.obj
 .debug_abbrev  0x000000000000209c      0x180 CMakeFiles/fsm-pump-controller-v1.elf.dir/Drivers/STM32F4xx_HAL_Driver/Src/stm32f4xx_hal_rcc_ex.c.obj
 .debug_abbrev  0x000000000000221c      0x200 CMakeFiles/fsm-pump-controller-v1.elf.dir/Drivers/STM32F4xx_HAL_Driver/Src/stm32f4xx_hal_rtc.c.obj
 .debug_abbrev  0x000000000000241c      0x24e CMakeFiles/fsm-pump-controller-v1.elf.dir/Drivers/STM32F4xx_HAL_Driver/Src/stm32f4xx_hal_spi.c.obj
 .debug_abbrev  0x000000000000266a      0x22b CMakeFiles/fsm-pump-controller-v1.elf.dir/Drivers/STM32F4xx_HAL_Driver/Src/stm32f4xx_hal_tim.c.obj
 .debug_abbrev  0x0000000000002895      0x274 CMakeFiles/fsm-pump-controller-v1.elf.dir/Drivers/STM32F4xx_HAL_Driver/Src/stm32f4xx_hal_uart.c.obj

.debug_loc      0x0000000000000000     0xf619
 .debug_loc     0x0000000000000000       0xf8 CMakeFiles/fsm-pump-controller-v1.elf.dir/Core/Src/bsp.c.obj
 .debug_loc     0x00000000000000f8       0xde CMakeFiles/fsm-pump-controller-v1.elf.dir/Core/Src/fsm.c.obj
 .debug_loc     0x00000000000001d6      0x2cb CMakeFiles/fsm-pump-controller-v1.elf.dir/Core/Src/lcdhitachi.c.obj
 .debug_loc     0x00000000000004a1       0x6b CMakeFiles/fsm-pump-controller-v1.elf.dir/Core/Src/main.c.obj
 .debug_loc     0x000000000000050c      0x1f3 CMakeFiles/fsm-pump-controller-v1.elf.dir/Core/Src/stm32f4xx_hal_msp.c.obj
 .debug_loc     0x00000000000006ff      0x3c5 CMakeFiles/fsm-pump-controller-v1.elf.dir/Core/Src/syscalls.c.obj
 .debug_loc     0x0000000000000ac4       0x64 CMakeFiles/fsm-pump-controller-v1.elf.dir/Core/Src/sysmem.c.obj
 .debug_loc     0x0000000000000b28      0x158 CMakeFiles/fsm-pump-controller-v1.elf.dir/Core/Src/system_stm32f4xx.c.obj
 .debug_loc     0x0000000000000c80      0x141 CMakeFiles/fsm-pump-controller-v1.elf.dir/Drivers/STM32F4xx_HAL_Driver/Src/stm32f4xx_hal.c.obj
 .debug_loc     0x0000000000000dc1      0xb16 CMakeFiles/fsm-pump-controller-v1.elf.dir/Drivers/STM32F4xx_HAL_Driver/Src/stm32f4xx_hal_adc.c.obj
 .debug_loc     0x00000000000018d7      0xa1d CMakeFiles/fsm-pump-controller-v1.elf.dir/Drivers/STM32F4xx_HAL_Driver/Src/stm32f4xx_hal_adc_ex.c.obj
 .debug_loc     0x00000000000022f4      0x744 CMakeFiles/fsm-pump-controller-v1.elf.dir/Drivers/STM32F4xx_HAL_Driver/Src/stm32f4xx_hal_cortex.c.obj
 .debug_loc     0x0000000000002a38      0x4ff CMakeFiles/fsm-pump-controller-v1.elf.dir/Drivers/STM32F4xx_HAL_Driver/Src/stm32f4xx_hal_gpio.c.obj
 .debug_loc     0x0000000000002f37     0x3f8e CMakeFiles/fsm-pump-controller-v1.elf.dir/Drivers/STM32F4xx_HAL_Driver/Src/stm32f4xx_hal_i2c.c.obj
 .debug_loc     0x0000000000006ec5      0x58c CMakeFiles/fsm-pump-controller-v1.elf.dir/Drivers/STM32F4xx_HAL_Driver/Src/stm32f4xx_hal_rcc.c.obj
 .debug_loc     0x0000000000007451      0x3cf CMakeFiles/fsm-pump-controller-v1.elf.dir/Drivers/STM32F4xx_HAL_Driver/Src/stm32f4xx_hal_rcc_ex.c.obj
 .debug_loc     0x0000000000007820      0xcef CMakeFiles/fsm-pump-controller-v1.elf.dir/Drivers/STM32F4xx_HAL_Driver/Src/stm32f4xx_hal_rtc.c.obj
 .debug_loc     0x000000000000850f     0x1d48 CMakeFiles/fsm-pump-controller-v1.elf.dir/Drivers/STM32F4xx_HAL_Driver/Src/stm32f4xx_hal_spi.c.obj
 .debug_loc     0x000000000000a257     0x3b0c CMakeFiles/fsm-pump-controller-v1.elf.dir/Drivers/STM32F4xx_HAL_Driver/Src/stm32f4xx_hal_tim.c.obj
 .debug_loc     0x000000000000dd63     0x18b6 CMakeFiles/fsm-pump-controller-v1.elf.dir/Drivers/STM32F4xx_HAL_Driver/Src/stm32f4xx_hal_uart.c.obj

.debug_aranges  0x0000000000000000     0x1290
 .debug_aranges
                0x0000000000000000       0xc8 CMakeFiles/fsm-pump-controller-v1.elf.dir/Core/Src/bsp.c.obj
 .debug_aranges
                0x00000000000000c8       0x38 CMakeFiles/fsm-pump-controller-v1.elf.dir/Core/Src/fsm.c.obj
 .debug_aranges
                0x0000000000000100       0x88 CMakeFiles/fsm-pump-controller-v1.elf.dir/Core/Src/lcdhitachi.c.obj
 .debug_aranges
                0x0000000000000188       0x38 CMakeFiles/fsm-pump-controller-v1.elf.dir/Core/Src/main.c.obj
 .debug_aranges
                0x00000000000001c0       0x70 CMakeFiles/fsm-pump-controller-v1.elf.dir/Core/Src/stm32f4xx_hal_msp.c.obj
 .debug_aranges
                0x0000000000000230       0x70 CMakeFiles/fsm-pump-controller-v1.elf.dir/Core/Src/stm32f4xx_it.c.obj
 .debug_aranges