Archive member included to satisfy reference by file (symbol)

/usr/lib/gcc/arm-none-eabi/10.2.0/thumb/v7e-m/nofp/libgcc.a(_aeabi_uldivmod.o)
                              CMakeFiles/fsm-pump-controller-v1.elf.dir/Drivers/STM32F4xx_HAL_Driver/Src/stm32f4xx_hal_rcc.c.obj (__aeabi_uldivmod)
/usr/lib/gcc/arm-none-eabi/10.2.0/thumb/v7e-m/nofp/libgcc.a(_udivmoddi4.o)
                              /usr/lib/gcc/arm-none-eabi/10.2.0/thumb/v7e-m/nofp/libgcc.a(_aeabi_uldivmod.o) (__udivmoddi4)
/usr/lib/gcc/arm-none-eabi/10.2.0/thumb/v7e-m/nofp/libgcc.a(_dvmd_tls.o)
                              /usr/lib/gcc/arm-none-eabi/10.2.0/thumb/v7e-m/nofp/libgcc.a(_aeabi_uldivmod.o) (__aeabi_ldiv0)
/usr/lib/gcc/arm-none-eabi/10.2.0/../../../../arm-none-eabi/lib/thumb/v7e-m/nofp/libg.a(lib_a-atexit.o)
                              /usr/lib/gcc/arm-none-eabi/10.2.0/../../../../arm-none-eabi/lib/thumb/v7e-m/nofp/crt0.o (atexit)
/usr/lib/gcc/arm-none-eabi/10.2.0/../../../../arm-none-eabi/lib/thumb/v7e-m/nofp/libg.a(lib_a-errno.o)
                              CMakeFiles/fsm-pump-controller-v1.elf.dir/Core/Src/syscalls.c.obj (__errno)
/usr/lib/gcc/arm-none-eabi/10.2.0/../../../../arm-none-eabi/lib/thumb/v7e-m/nofp/libg.a(lib_a-exit.o)
                              /usr/lib/gcc/arm-none-eabi/10.2.0/../../../../arm-none-eabi/lib/thumb/v7e-m/nofp/crt0.o (exit)
/usr/lib/gcc/arm-none-eabi/10.2.0/../../../../arm-none-eabi/lib/thumb/v7e-m/nofp/libg.a(lib_a-fini.o)
                              /usr/lib/gcc/arm-none-eabi/10.2.0/../../../../arm-none-eabi/lib/thumb/v7e-m/nofp/crt0.o (__libc_fini_array)
/usr/lib/gcc/arm-none-eabi/10.2.0/../../../../arm-none-eabi/lib/thumb/v7e-m/nofp/libg.a(lib_a-impure.o)
                              /usr/lib/gcc/arm-none-eabi/10.2.0/../../../../arm-none-eabi/lib/thumb/v7e-m/nofp/libg.a(lib_a-exit.o) (_global_impure_ptr)
/usr/lib/gcc/arm-none-eabi/10.2.0/../../../../arm-none-eabi/lib/thumb/v7e-m/nofp/libg.a(lib_a-init.o)
                              /usr/lib/gcc/arm-none-eabi/10.2.0/../../../../arm-none-eabi/lib/thumb/v7e-m/nofp/crt0.o (__libc_init_array)
/usr/lib/gcc/arm-none-eabi/10.2.0/../../../../arm-none-eabi/lib/thumb/v7e-m/nofp/libg.a(lib_a-memset.o)
                              /usr/lib/gcc/arm-none-eabi/10.2.0/../../../../arm-none-eabi/lib/thumb/v7e-m/nofp/crt0.o (memset)
/usr/lib/gcc/arm-none-eabi/10.2.0/../../../../arm-none-eabi/lib/thumb/v7e-m/nofp/libg.a(lib_a-sprintf.o)
                              CMakeFiles/fsm-pump-controller-v1.elf.dir/Core/Src/main.c.obj (sprintf)
/usr/lib/gcc/arm-none-eabi/10.2.0/../../../../arm-none-eabi/lib/thumb/v7e-m/nofp/libg.a(lib_a-strlen.o)
                              CMakeFiles/fsm-pump-controller-v1.elf.dir/Core/Src/lcdhitachi.c.obj (strlen)
/usr/lib/gcc/arm-none-eabi/10.2.0/../../../../arm-none-eabi/lib/thumb/v7e-m/nofp/libg.a(lib_a-svfprintf.o)
                              /usr/lib/gcc/arm-none-eabi/10.2.0/../../../../arm-none-eabi/lib/thumb/v7e-m/nofp/libg.a(lib_a-sprintf.o) (_svfprintf_r)
/usr/lib/gcc/arm-none-eabi/10.2.0/../../../../arm-none-eabi/lib/thumb/v7e-m/nofp/libg.a(lib_a-vsprintf.o)
                              CMakeFiles/fsm-pump-controller-v1.elf.dir/Core/Src/lcdhitachi.c.obj (vsprintf)
/usr/lib/gcc/arm-none-eabi/10.2.0/../../../../arm-none-eabi/lib/thumb/v7e-m/nofp/libg.a(lib_a-__atexit.o)
                              /usr/lib/gcc/arm-none-eabi/10.2.0/../../../../arm-none-eabi/lib/thumb/v7e-m/nofp/libg.a(lib_a-atexit.o) (__register_exitproc)
/usr/lib/gcc/arm-none-eabi/10.2.0/../../../../arm-none-eabi/lib/thumb/v7e-m/nofp/libg.a(lib_a-__call_atexit.o)
                              /usr/lib/gcc/arm-none-eabi/10.2.0/../../../../arm-none-eabi/lib/thumb/v7e-m/nofp/libg.a(lib_a-exit.o) (__call_exitprocs)
/usr/lib/gcc/arm-none-eabi/10.2.0/../../../../arm-none-eabi/lib/thumb/v7e-m/nofp/libg.a(lib_a-dtoa.o)
                              /usr/lib/gcc/arm-none-eabi/10.2.0/../../../../arm-none-eabi/lib/thumb/v7e-m/nofp/libg.a(lib_a-svfprintf.o) (_dtoa_r)
/usr/lib/gcc/arm-none-eabi/10.2.0/../../../../arm-none-eabi/lib/thumb/v7e-m/nofp/libg.a(lib_a-freer.o)
                              /usr/lib/gcc/arm-none-eabi/10.2.0/../../../../arm-none-eabi/lib/thumb/v7e-m/nofp/libg.a(lib_a-svfprintf.o) (_free_r)
/usr/lib/gcc/arm-none-eabi/10.2.0/../../../../arm-none-eabi/lib/thumb/v7e-m/nofp/libg.a(lib_a-localeconv.o)
                              /usr/lib/gcc/arm-none-eabi/10.2.0/../../../../arm-none-eabi/lib/thumb/v7e-m/nofp/libg.a(lib_a-svfprintf.o) (_localeconv_r)
/usr/lib/gcc/arm-none-eabi/10.2.0/../../../../arm-none-eabi/lib/thumb/v7e-m/nofp/libg.a(lib_a-locale.o)
                              /usr/lib/gcc/arm-none-eabi/10.2.0/../../../../arm-none-eabi/lib/thumb/v7e-m/nofp/libg.a(lib_a-localeconv.o) (__global_locale)
/usr/lib/gcc/arm-none-eabi/10.2.0/../../../../arm-none-eabi/lib/thumb/v7e-m/nofp/libg.a(lib_a-lock.o)
[...]
Memory Configuration

Name             Origin             Length             Attributes
CCMRAM           0x0000000010000000 0x0000000000010000 xrw
RAM              0x0000000020000000 0x0000000000020000 xrw
FLASH            0x0000000008000000 0x0000000000100000 xr
*default*        0x0000000000000000 0xffffffffffffffff

Linker script and memory map

LOAD /usr/lib/gcc/arm-none-eabi/10.2.0/thumb/v7e-m/nofp/crti.o
LOAD /usr/lib/gcc/arm-none-eabi/10.2.0/thumb/v7e-m/nofp/crtbegin.o
LOAD /usr/lib/gcc/arm-none-eabi/10.2.0/../../../../arm-none-eabi/lib/thumb/v7e-m/nofp/crt0.o
LOAD CMakeFiles/fsm-pump-controller-v1.elf.dir/Core/Src/bsp.c.obj
LOAD CMakeFiles/fsm-pump-controller-v1.elf.dir/Core/Src/fsm.c.obj
LOAD CMakeFiles/fsm-pump-controller-v1.elf.dir/Core/Src/fsm_v2.c.obj
LOAD CMakeFiles/fsm-pump-controller-v1.elf.dir/Core/Src/lcdhitachi.c.obj
LOAD CMakeFiles/fsm-pump-controller-v1.elf.dir/Core/Src/main.c.obj
LOAD CMakeFiles/fsm-pump-controller-v1.elf.dir/Core/Src/stm32f4xx_hal_msp.c.obj
LOAD CMakeFiles/fsm-pump-controller-v1.elf.dir/Core/Src/stm32f4xx_it.c.obj
LOAD CMakeFiles/fsm-pump-controller-v1.elf.dir/Core/Src/syscalls.c.obj
LOAD CMakeFiles/fsm-pump-controller-v1.elf.dir/Core/Src/sysmem.c.obj
LOAD CMakeFiles/fsm-pump-controller-v1.elf.dir/Core/Src/system_stm32f4xx.c.obj
LOAD CMakeFiles/fsm-pump-controller-v1.elf.dir/Core/Startup/startup_stm32f407vgtx.s.obj
LOAD CMakeFiles/fsm-pump-controller-v1.elf.dir/Drivers/STM32F4xx_HAL_Driver/Src/stm32f4xx_hal.c.obj
LOAD CMakeFiles/fsm-pump-controller-v1.elf.dir/Drivers/STM32F4xx_HAL_Driver/Src/stm32f4xx_hal_adc.c.obj
LOAD CMakeFiles/fsm-pump-controller-v1.elf.dir/Drivers/STM32F4xx_HAL_Driver/Src/stm32f4xx_hal_adc_ex.c.obj
LOAD CMakeFiles/fsm-pump-controller-v1.elf.dir/Drivers/STM32F4xx_HAL_Driver/Src/stm32f4xx_hal_cortex.c.obj
LOAD CMakeFiles/fsm-pump-controller-v1.elf.dir/Drivers/STM32F4xx_HAL_Driver/Src/stm32f4xx_hal_dma.c.obj
LOAD CMakeFiles/fsm-pump-controller-v1.elf.dir/Drivers/STM32F4xx_HAL_Driver/Src/stm32f4xx_hal_dma_ex.c.obj
LOAD CMakeFiles/fsm-pump-controller-v1.elf.dir/Drivers/STM32F4xx_HAL_Driver/Src/stm32f4xx_hal_exti.c.obj
LOAD CMakeFiles/fsm-pump-controller-v1.elf.dir/Drivers/STM32F4xx_HAL_Driver/Src/stm32f4xx_hal_flash.c.obj
LOAD CMakeFiles/fsm-pump-controller-v1.elf.dir/Drivers/STM32F4xx_HAL_Driver/Src/stm32f4xx_hal_flash_ex.c.obj
LOAD CMakeFiles/fsm-pump-controller-v1.elf.dir/Drivers/STM32F4xx_HAL_Driver/Src/stm32f4xx_hal_flash_ramfunc.c.obj
LOAD CMakeFiles/fsm-pump-controller-v1.elf.dir/Drivers/STM32F4xx_HAL_Driver/Src/stm32f4xx_hal_gpio.c.obj
LOAD CMakeFiles/fsm-pump-controller-v1.elf.dir/Drivers/STM32F4xx_HAL_Driver/Src/stm32f4xx_hal_i2c.c.obj
LOAD CMakeFiles/fsm-pump-controller-v1.elf.dir/Drivers/STM32F4xx_HAL_Driver/Src/stm32f4xx_hal_i2c_ex.c.obj
LOAD CMakeFiles/fsm-pump-controller-v1.elf.dir/Drivers/STM32F4xx_HAL_Driver/Src/stm32f4xx_hal_pwr.c.obj
LOAD CMakeFiles/fsm-pump-controller-v1.elf.dir/Drivers/STM32F4xx_HAL_Driver/Src/stm32f4xx_hal_pwr_ex.c.obj
LOAD CMakeFiles/fsm-pump-controller-v1.elf.dir/Drivers/STM32F4xx_HAL_Driver/Src/stm32f4xx_hal_rcc.c.obj
LOAD CMakeFiles/fsm-pump-controller-v1.elf.dir/Drivers/STM32F4xx_HAL_Driver/Src/stm32f4xx_hal_rcc_ex.c.obj
LOAD CMakeFiles/fsm-pump-controller-v1.elf.dir/Drivers/STM32F4xx_HAL_Driver/Src/stm32f4xx_hal_rtc.c.obj
LOAD CMakeFiles/fsm-pump-controller-v1.elf.dir/Drivers/STM32F4xx_HAL_Driver/Src/stm32f4xx_hal_rtc_ex.c.obj
LOAD CMakeFiles/fsm-pump-controller-v1.elf.dir/Drivers/STM32F4xx_HAL_Driver/Src/stm32f4xx_hal_spi.c.obj
LOAD CMakeFiles/fsm-pump-controller-v1.elf.dir/Drivers/STM32F4xx_HAL_Driver/Src/stm32f4xx_hal_tim.c.obj
LOAD CMakeFiles/fsm-pump-controller-v1.elf.dir/Drivers/STM32F4xx_HAL_Driver/Src/stm32f4xx_hal_tim_ex.c.obj
LOAD CMakeFiles/fsm-pump-controller-v1.elf.dir/Drivers/STM32F4xx_HAL_Driver/Src/stm32f4xx_hal_uart.c.obj
START GROUP
LOAD /usr/lib/gcc/arm-none-eabi/10.2.0/thumb/v7e-m/nofp/libgcc.a
LOAD /usr/lib/gcc/arm-none-eabi/10.2.0/../../../../arm-none-eabi/lib/thumb/v7e-m/nofp/libg.a
LOAD /usr/lib/gcc/arm-none-eabi/10.2.0/../../../../arm-none-eabi/lib/thumb/v7e-m/nofp/libc.a
END GROUP
LOAD /usr/lib/gcc/arm-none-eabi/10.2.0/thumb/v7e-m/nofp/crtend.o
LOAD /usr/lib/gcc/arm-none-eabi/10.2.0/thumb/v7e-m/nofp/crtn.o
                0x0000000020020000                _estack = (ORIGIN (RAM) + LENGTH (RAM))
                0x0000000000000200                _Min_Heap_Size = 0x200
                0x0000000000000400                _Min_Stack_Size = 0x400

.isr_vector     0x0000000008000000      0x188
                0x0000000008000000                . = ALIGN (0x4)
 *(.isr_vector)
 .isr_vector    0x0000000008000000      0x188 CMakeFiles/fsm-pump-controller-v1.elf.dir/Core/Startup/startup_stm32f407vgtx.s.obj
                0x0000000008000000                g_pfnVectors
                0x0000000008000188                . = ALIGN (0x4)

.text           0x00000000080001c0     0x9418
                0x00000000080001c0                . = ALIGN (0x4)
 *(.text)
 .text          0x00000000080001c0       0x30 /usr/lib/gcc/arm-none-eabi/10.2.0/thumb/v7e-m/nofp/libgcc.a(_aeabi_uldivmod.o)
                0x00000000080001c0                __aeabi_uldivmod
 .text          0x00000000080001f0        0x4 /usr/lib/gcc/arm-none-eabi/10.2.0/thumb/v7e-m/nofp/libgcc.a(_dvmd_tls.o)
                0x00000000080001f0                __aeabi_ldiv0
                0x00000000080001f0                __aeabi_idiv0
 *fill*         0x00000000080001f4        0xc 
 .text          0x0000000008000200       0xdc /usr/lib/gcc/arm-none-eabi/10.2.0/../../../../arm-none-eabi/lib/thumb/v7e-m/nofp/libg.a(lib_a-strlen.o)
                0x0000000008000200                strlen
 *fill*         0x00000000080002dc        0x4 
 .text          0x00000000080002e0       0xa0 /usr/lib/gcc/arm-none-eabi/10.2.0/../../../../arm-none-eabi/lib/thumb/v7e-m/nofp/libg.a(lib_a-memchr.o)
                0x00000000080002e0                memchr
 .text          0x0000000008000380      0x134 /usr/lib/gcc/arm-none-eabi/10.2.0/../../../../arm-none-eabi/lib/thumb/v7e-m/nofp/libg.a(lib_a-memcpy.o)
                0x0000000008000380                memcpy
 .text          0x00000000080004b4      0x378 /usr/lib/gcc/arm-none-eabi/10.2.0/thumb/v7e-m/nofp/libgcc.a(_arm_addsubdf3.o)
                0x00000000080004b4                __aeabi_drsub
                0x00000000080004bc                __aeabi_dsub
                0x00000000080004bc                __subdf3
                0x00000000080004c0                __adddf3
                0x00000000080004c0                __aeabi_dadd
                0x0000000008000738                __aeabi_ui2d
                0x0000000008000738                __floatunsidf
                0x0000000008000758                __floatsidf
                0x0000000008000758                __aeabi_i2d
                0x000000000800077c                __extendsfdf2
                0x000000000800077c                __aeabi_f2d
                0x00000000080007c0                __aeabi_ul2d
                0x00000000080007c0                __floatundidf
                0x00000000080007d0                __floatdidf
                0x00000000080007d0                __aeabi_l2d
 .text          0x000000000800082c      0x424 /usr/lib/gcc/arm-none-eabi/10.2.0/thumb/v7e-m/nofp/libgcc.a(_arm_muldivdf3.o)
                0x000000000800082c                __aeabi_dmul
                0x000000000800082c                __muldf3
                0x0000000008000a80                __aeabi_ddiv
                0x0000000008000a80                __divdf3
 .text          0x0000000008000c50      0x110 /usr/lib/gcc/arm-none-eabi/10.2.0/thumb/v7e-m/nofp/libgcc.a(_arm_cmpdf2.o)
                0x0000000008000c50                __gtdf2
                0x0000000008000c50                __gedf2
                0x0000000008000c58                __ltdf2
                0x0000000008000c58                __ledf2
                0x0000000008000c60                __cmpdf2
                0x0000000008000c60                __eqdf2
                0x0000000008000c60                __nedf2
                0x0000000008000cdc                __aeabi_cdrcmple
                0x0000000008000cec                __aeabi_cdcmple
                0x0000000008000cec                __aeabi_cdcmpeq
                0x0000000008000cfc                __aeabi_dcmpeq
                0x0000000008000d10                __aeabi_dcmplt
                0x0000000008000d24                __aeabi_dcmple
                0x0000000008000d38                __aeabi_dcmpge
                0x0000000008000d4c                __aeabi_dcmpgt
 .text          0x0000000008000d60       0x2c /usr/lib/gcc/arm-none-eabi/10.2.0/thumb/v7e-m/nofp/libgcc.a(_arm_unorddf2.o)
                0x0000000008000d60                __aeabi_dcmpun
                0x0000000008000d60                __unorddf2
 .text          0x0000000008000d8c       0x50 /usr/lib/gcc/arm-none-eabi/10.2.0/thumb/v7e-m/nofp/libgcc.a(_arm_fixdfsi.o)
                0x0000000008000d8c                __fixdfsi
                0x0000000008000d8c                __aeabi_d2iz
 *(.text*)
 .text.__do_global_dtors_aux
                0x0000000008000ddc       0x24 /usr/lib/gcc/arm-none-eabi/10.2.0/thumb/v7e-m/nofp/crtbegin.o
 .text.frame_dummy
                0x0000000008000e00       0x1c /usr/lib/gcc/arm-none-eabi/10.2.0/thumb/v7e-m/nofp/crtbegin.o
 .text.SystemClock_Config
                0x0000000008000e1c       0xb0 CMakeFiles/fsm-pump-controller-v1.elf.dir/Core/Src/bsp.c.obj
 .text.MX_TIM4_Init
                0x0000000008000ecc       0x5c CMakeFiles/fsm-pump-controller-v1.elf.dir/Core/Src/bsp.c.obj
 .text.MX_GPIO_Init
                0x0000000008000f28       0x5c CMakeFiles/fsm-pump-controller-v1.elf.dir/Core/Src/bsp.c.obj
 .text.MX_I2C1_Init
                0x0000000008000f84       0x34 CMakeFiles/fsm-pump-controller-v1.elf.dir/Core/Src/bsp.c.obj
 .text.MX_ADC1_Init
                0x0000000008000fb8       0x5c CMakeFiles/fsm-pump-controller-v1.elf.dir/Core/Src/bsp.c.obj
 .text.MX_RTC_Init
                0x0000000008001014       0x28 CMakeFiles/fsm-pump-controller-v1.elf.dir/Core/Src/bsp.c.obj
 .text.MX_SPI1_Init
                0x000000000800103c       0x38 CMakeFiles/fsm-pump-controller-v1.elf.dir/Core/Src/bsp.c.obj
 .text.MX_USART2_UART_Init
                0x0000000008001074       0x2c CMakeFiles/fsm-pump-controller-v1.elf.dir/Core/Src/bsp.c.obj
 .text.LCD_writeLine1
                0x00000000080010a0       0x10 CMakeFiles/fsm-pump-controller-v1.elf.dir/Core/Src/bsp.c.obj
                0x00000000080010a0                LCD_writeLine1
 .text.LCD_writeLine2
                0x00000000080010b0       0x10 CMakeFiles/fsm-pump-controller-v1.elf.dir/Core/Src/bsp.c.obj
                0x00000000080010b0                LCD_writeLine2
 .text.SYSTEM_init
                0x00000000080010c0       0x34 CMakeFiles/fsm-pump-controller-v1.elf.dir/Core/Src/bsp.c.obj
                0x00000000080010c0                SYSTEM_init
 .text.SYSTEM_set_button_callback
                0x00000000080010f4        0xc CMakeFiles/fsm-pump-controller-v1.elf.dir/Core/Src/bsp.c.obj
                0x00000000080010f4                SYSTEM_set_button_callback
 .text.SYSTEM_set_tick_callback
                0x0000000008001100        0xc CMakeFiles/fsm-pump-controller-v1.elf.dir/Core/Src/bsp.c.obj
                0x0000000008001100                SYSTEM_set_tick_callback
 .text.SYSTEM_set_tank_millivolts_callback
                0x000000000800110c        0xc CMakeFiles/fsm-pump-controller-v1.elf.dir/Core/Src/bsp.c.obj
                0x000000000800110c                SYSTEM_set_tank_millivolts_callback
 .text.SYSTEM_getTimeDate
                0x0000000008001118       0x4c CMakeFiles/fsm-pump-controller-v1.elf.dir/Core/Src/bsp.c.obj
                0x0000000008001118                SYSTEM_getTimeDate
 .text.HAL_GPIO_EXTI_Callback
                0x0000000008001164       0x2c CMakeFiles/fsm-pump-controller-v1.elf.dir/Core/Src/bsp.c.obj
                0x0000000008001164                HAL_GPIO_EXTI_Callback
 .text.HAL_ADC_ConvCpltCallback
                0x0000000008001190       0x1c CMakeFiles/fsm-pump-controller-v1.elf.dir/Core/Src/bsp.c.obj
                0x0000000008001190                HAL_ADC_ConvCpltCallback
 .text.TIM3_IRQHandler
                0x00000000080011ac       0x30 CMakeFiles/fsm-pump-controller-v1.elf.dir/Core/Src/bsp.c.obj
                0x00000000080011ac                TIM3_IRQHandler
 .text.pumpfsm_handle_event
                0x00000000080011dc       0x20 CMakeFiles/fsm-pump-controller-v1.elf.dir/Core/Src/fsm.c.obj
                0x00000000080011dc                pumpfsm_handle_event
 .text.debug2   0x00000000080011fc        0x8 CMakeFiles/fsm-pump-controller-v1.elf.dir/Core/Src/fsm.c.obj
                0x00000000080011fc                debug2
 .text.no_action_handler
                0x0000000008001204        0xa CMakeFiles/fsm-pump-controller-v1.elf.dir/Core/Src/fsm.c.obj
 *fill*         0x000000000800120e        0x2 
 .text.LCD_sendCommand
                0x0000000008001210       0x50 CMakeFiles/fsm-pump-controller-v1.elf.dir/Core/Src/lcdhitachi.c.obj
 .text.LCD_sendData
                0x0000000008001260       0x50 CMakeFiles/fsm-pump-controller-v1.elf.dir/Core/Src/lcdhitachi.c.obj
 .text.LCD_init
                0x00000000080012b0       0xc0 CMakeFiles/fsm-pump-controller-v1.elf.dir/Core/Src/lcdhitachi.c.obj
                0x00000000080012b0                LCD_init
 .text.LCD_setCursor
                0x0000000008001370       0x1c CMakeFiles/fsm-pump-controller-v1.elf.dir/Core/Src/lcdhitachi.c.obj
                0x0000000008001370                LCD_setCursor
 .text.LCD_1stLine
                0x000000000800138c        0xc CMakeFiles/fsm-pump-controller-v1.elf.dir/Core/Src/lcdhitachi.c.obj
                0x000000000800138c                LCD_1stLine
 .text.LCD_2ndLine
                0x0000000008001398        0xc CMakeFiles/fsm-pump-controller-v1.elf.dir/Core/Src/lcdhitachi.c.obj
                0x0000000008001398                LCD_2ndLine
 .text.LCD_printf
                0x00000000080013a4       0x40 CMakeFiles/fsm-pump-controller-v1.elf.dir/Core/Src/lcdhitachi.c.obj
                0x00000000080013a4                LCD_printf
 .text.tank_callback
                0x00000000080013e4        0x2 CMakeFiles/fsm-pump-controller-v1.elf.dir/Core/Src/main.c.obj
                0x00000000080013e4                tank_callback
 *fill*         0x00000000080013e6        0x2 
 .text.callback_button
                0x00000000080013e8       0x20 CMakeFiles/fsm-pump-controller-v1.elf.dir/Core/Src/main.c.obj
                0x00000000080013e8                callback_button
 .text.tick_callback
                0x0000000008001408       0x44 CMakeFiles/fsm-pump-controller-v1.elf.dir/Core/Src/main.c.obj
                0x0000000008001408                tick_callback
 .text.main     0x000000000800144c       0x3c CMakeFiles/fsm-pump-controller-v1.elf.dir/Core/Src/main.c.obj
                0x000000000800144c                main
 .text.HAL_MspInit
                0x0000000008001488       0x40 CMakeFiles/fsm-pump-controller-v1.elf.dir/Core/Src/stm32f4xx_hal_msp.c.obj
                0x0000000008001488                HAL_MspInit
 .text.HAL_ADC_MspInit
                0x00000000080014c8       0x78 CMakeFiles/fsm-pump-controller-v1.elf.dir/Core/Src/stm32f4xx_hal_msp.c.obj
                0x00000000080014c8                HAL_ADC_MspInit
 .text.HAL_I2C_MspInit
                0x0000000008001540       0x70 CMakeFiles/fsm-pump-controller-v1.elf.dir/Core/Src/stm32f4xx_hal_msp.c.obj
                0x0000000008001540                HAL_I2C_MspInit
 .text.HAL_RTC_MspInit
                0x00000000080015b0       0x1c CMakeFiles/fsm-pump-controller-v1.elf.dir/Core/Src/stm32f4xx_hal_msp.c.obj
                0x00000000080015b0                HAL_RTC_MspInit
 .text.HAL_SPI_MspInit
                0x00000000080015cc       0x6c CMakeFiles/fsm-pump-controller-v1.elf.dir/Core/Src/stm32f4xx_hal_msp.c.obj
                0x00000000080015cc                HAL_SPI_MspInit
 .text.HAL_UART_MspInit
                0x0000000008001638       0x98 CMakeFiles/fsm-pump-controller-v1.elf.dir/Core/Src/stm32f4xx_hal_msp.c.obj
                0x0000000008001638                HAL_UART_MspInit
 .text.NMI_Handler
                0x00000000080016d0        0x2 CMakeFiles/fsm-pump-controller-v1.elf.dir/Core/Src/stm32f4xx_it.c.obj
                0x00000000080016d0                NMI_Handler
 .text.HardFault_Handler
                0x00000000080016d2        0x2 CMakeFiles/fsm-pump-controller-v1.elf.dir/Core/Src/stm32f4xx_it.c.obj
                0x00000000080016d2                HardFault_Handler
 .text.MemManage_Handler
                0x00000000080016d4        0x2 CMakeFiles/fsm-pump-controller-v1.elf.dir/Core/Src/stm32f4xx_it.c.obj
                0x00000000080016d4                MemManage_Handler
 .text.BusFault_Handler
                0x00000000080016d6        0x2 CMakeFiles/fsm-pump-controller-v1.elf.dir/Core/Src/stm32f4xx_it.c.obj
                0x00000000080016d6                BusFault_Handler
 .text.UsageFault_Handler
                0x00000000080016d8        0x2 CMakeFiles/fsm-pump-controller-v1.elf.dir/Core/Src/stm32f4xx_it.c.obj
                0x00000000080016d8                UsageFault_Handler
 .text.SVC_Handler
                0x00000000080016da        0x2 CMakeFiles/fsm-pump-controller-v1.elf.dir/Core/Src/stm32f4xx_it.c.obj
                0x00000000080016da                SVC_Handler
 .text.DebugMon_Handler
                0x00000000080016dc        0x2 CMakeFiles/fsm-pump-controller-v1.elf.dir/Core/Src/stm32f4xx_it.c.obj
                0x00000000080016dc                DebugMon_Handler
 .text.PendSV_Handler
                0x00000000080016de        0x2 CMakeFiles/fsm-pump-controller-v1.elf.dir/Core/Src/stm32f4xx_it.c.obj
                0x00000000080016de                PendSV_Handler
 .text.SysTick_Handler
                0x00000000080016e0        0x8 CMakeFiles/fsm-pump-controller-v1.elf.dir/Core/Src/stm32f4xx_it.c.obj
                0x00000000080016e0                SysTick_Handler
 .text.EXTI0_IRQHandler
                0x00000000080016e8        0xa CMakeFiles/fsm-pump-controller-v1.elf.dir/Core/Src/stm32f4xx_it.c.obj
                0x00000000080016e8                EXTI0_IRQHandler
 *fill*         0x00000000080016f2        0x2 
 .text.ADC_IRQHandler
                0x00000000080016f4       0x10 CMakeFiles/fsm-pump-controller-v1.elf.dir/Core/Src/stm32f4xx_it.c.obj
                0x00000000080016f4                ADC_IRQHandler
 .text._getpid  0x0000000008001704        0x4 CMakeFiles/fsm-pump-controller-v1.elf.dir/Core/Src/syscalls.c.obj
                0x0000000008001704                _getpid
 .text._kill    0x0000000008001708       0x10 CMakeFiles/fsm-pump-controller-v1.elf.dir/Core/Src/syscalls.c.obj
                0x0000000008001708                _kill
 .text._exit    0x0000000008001718        0xc CMakeFiles/fsm-pump-controller-v1.elf.dir/Core/Src/syscalls.c.obj
                0x0000000008001718                _exit
 .text._read    0x0000000008001724       0x20 CMakeFiles/fsm-pump-controller-v1.elf.dir/Core/Src/syscalls.c.obj
                0x0000000008001724                _read
 .text._write   0x0000000008001744       0x1c CMakeFiles/fsm-pump-controller-v1.elf.dir/Core/Src/syscalls.c.obj
                0x0000000008001744                _write
 .text._close   0x0000000008001760        0x6 CMakeFiles/fsm-pump-controller-v1.elf.dir/Core/Src/syscalls.c.obj
                0x0000000008001760                _close
 .text._fstat   0x0000000008001766        0xa CMakeFiles/fsm-pump-controller-v1.elf.dir/Core/Src/syscalls.c.obj
                0x0000000008001766                _fstat
 .text._isatty  0x0000000008001770        0x4 CMakeFiles/fsm-pump-controller-v1.elf.dir/Core/Src/syscalls.c.obj
                0x0000000008001770                _isatty
 .text._lseek   0x0000000008001774        0x4 CMakeFiles/fsm-pump-controller-v1.elf.dir/Core/Src/syscalls.c.obj
                0x0000000008001774                _lseek
 .text._sbrk    0x0000000008001778       0x48 CMakeFiles/fsm-pump-controller-v1.elf.dir/Core/Src/sysmem.c.obj
                0x0000000008001778                _sbrk
 .text.SystemInit
                0x00000000080017c0       0x10 CMakeFiles/fsm-pump-controller-v1.elf.dir/Core/Src/system_stm32f4xx.c.obj
                0x00000000080017c0                SystemInit
 .text.Reset_Handler
                0x00000000080017d0       0x50 CMakeFiles/fsm-pump-controller-v1.elf.dir/Core/Startup/startup_stm32f407vgtx.s.obj
                0x00000000080017d0                Reset_Handler
 .text.Default_Handler
                0x0000000008001820        0x2 CMakeFiles/fsm-pump-controller-v1.elf.dir/Core/Startup/startup_stm32f407vgtx.s.obj
                0x0000000008001820                RTC_Alarm_IRQHandler
                0x0000000008001820                HASH_RNG_IRQHandler
                0x0000000008001820                EXTI2_IRQHandler
                0x0000000008001820                TIM8_CC_IRQHandler
                0x0000000008001820                TIM1_CC_IRQHandler
                0x0000000008001820                DMA2_Stream5_IRQHandler
                0x0000000008001820                DMA1_Stream5_IRQHandler
                0x0000000008001820                PVD_IRQHandler
                0x0000000008001820                SDIO_IRQHandler
                0x0000000008001820                TAMP_STAMP_IRQHandler
                0x0000000008001820                CAN2_RX1_IRQHandler
                0x0000000008001820                EXTI3_IRQHandler
                0x0000000008001820                TIM8_TRG_COM_TIM14_IRQHandler
                0x0000000008001820                TIM1_UP_TIM10_IRQHandler
                0x0000000008001820                TIM8_UP_TIM13_IRQHandler
                0x0000000008001820                I2C3_ER_IRQHandler
                0x0000000008001820                I2C2_EV_IRQHandler
                0x0000000008001820                DMA1_Stream2_IRQHandler
                0x0000000008001820                CAN1_RX0_IRQHandler
                0x0000000008001820                FPU_IRQHandler
                0x0000000008001820                OTG_HS_WKUP_IRQHandler
                0x0000000008001820                CAN2_SCE_IRQHandler
                0x0000000008001820                DMA2_Stream2_IRQHandler
                0x0000000008001820                SPI1_IRQHandler
                0x0000000008001820                TIM6_DAC_IRQHandler
                0x0000000008001820                TIM1_BRK_TIM9_IRQHandler
                0x0000000008001820                DCMI_IRQHandler
                0x0000000008001820                CAN2_RX0_IRQHandler
                0x0000000008001820                DMA2_Stream3_IRQHandler
                0x0000000008001820                USART6_IRQHandler
                0x0000000008001820                USART3_IRQHandler
                0x0000000008001820                CAN1_RX1_IRQHandler
                0x0000000008001820                UART5_IRQHandler
                0x0000000008001820                DMA2_Stream0_IRQHandler
                0x0000000008001820                TIM4_IRQHandler
                0x0000000008001820                I2C1_EV_IRQHandler
                0x0000000008001820                DMA1_Stream6_IRQHandler
                0x0000000008001820                DMA1_Stream1_IRQHandler
                0x0000000008001820                UART4_IRQHandler
                0x0000000008001820                RCC_IRQHandler
                0x0000000008001820                TIM8_BRK_TIM12_IRQHandler
                0x0000000008001820                Default_Handler
                0x0000000008001820                EXTI15_10_IRQHandler
                0x0000000008001820                DMA1_Stream7_IRQHandler
                0x0000000008001820                TIM7_IRQHandler
                0x0000000008001820                CAN2_TX_IRQHandler
                0x0000000008001820                TIM5_IRQHandler
                0x0000000008001820                DMA2_Stream7_IRQHandler
                0x0000000008001820                I2C3_EV_IRQHandler
                0x0000000008001820                EXTI9_5_IRQHandler
                0x0000000008001820                RTC_WKUP_IRQHandler
                0x0000000008001820                ETH_WKUP_IRQHandler
                0x0000000008001820                SPI2_IRQHandler
                0x0000000008001820                OTG_HS_EP1_IN_IRQHandler
                0x0000000008001820                DMA1_Stream0_IRQHandler
                0x0000000008001820                CAN1_TX_IRQHandler
                0x0000000008001820                EXTI4_IRQHandler
                0x0000000008001820                FSMC_IRQHandler
                0x0000000008001820                ETH_IRQHandler
                0x0000000008001820                OTG_HS_EP1_OUT_IRQHandler
                0x0000000008001820                WWDG_IRQHandler
                0x0000000008001820                TIM2_IRQHandler
                0x0000000008001820                OTG_FS_WKUP_IRQHandler
                0x0000000008001820                TIM1_TRG_COM_TIM11_IRQHandler
                0x0000000008001820                OTG_HS_IRQHandler
                0x0000000008001820                EXTI1_IRQHandler
                0x0000000008001820                USART2_IRQHandler
                0x0000000008001820                I2C2_ER_IRQHandler
                0x0000000008001820                DMA2_Stream1_IRQHandler
                0x0000000008001820                CAN1_SCE_IRQHandler
                0x0000000008001820                FLASH_IRQHandler
                0x0000000008001820                DMA2_Stream4_IRQHandler
                0x0000000008001820                USART1_IRQHandler
                0x0000000008001820                OTG_FS_IRQHandler
                0x0000000008001820                SPI3_IRQHandler
                0x0000000008001820                DMA1_Stream4_IRQHandler
                0x0000000008001820                I2C1_ER_IRQHandler
                0x0000000008001820                DMA2_Stream6_IRQHandler
                0x0000000008001820                DMA1_Stream3_IRQHandler
 *fill*         0x0000000008001822        0x2 
 .text.HAL_InitTick
                0x0000000008001824       0x4c CMakeFiles/fsm-pump-controller-v1.elf.dir/Drivers/STM32F4xx_HAL_Driver/Src/stm32f4xx_hal.c.obj
                0x0000000008001824                HAL_InitTick
 .text.HAL_Init
                0x0000000008001870       0x34 CMakeFiles/fsm-pump-controller-v1.elf.dir/Drivers/STM32F4xx_HAL_Driver/Src/stm32f4xx_hal.c.obj
                0x0000000008001870                HAL_Init
 .text.HAL_IncTick
                0x00000000080018a4       0x18 CMakeFiles/fsm-pump-controller-v1.elf.dir/Drivers/STM32F4xx_HAL_Driver/Src/stm32f4xx_hal.c.obj
                0x00000000080018a4                HAL_IncTick
 .text.HAL_GetTick
                0x00000000080018bc        0xc CMakeFiles/fsm-pump-controller-v1.elf.dir/Drivers/STM32F4xx_HAL_Driver/Src/stm32f4xx_hal.c.obj
                0x00000000080018bc                HAL_GetTick
 .text.HAL_Delay
                0x00000000080018c8       0x28 CMakeFiles/fsm-pump-controller-v1.elf.dir/Drivers/STM32F4xx_HAL_Driver/Src/stm32f4xx_hal.c.obj
                0x00000000080018c8                HAL_Delay
 .text.ADC_Init
                0x00000000080018f0      0x134 CMakeFiles/fsm-pump-controller-v1.elf.dir/Drivers/STM32F4xx_HAL_Driver/Src/stm32f4xx_hal_adc.c.obj
 .text.HAL_ADC_Init
                0x0000000008001a24       0x56 CMakeFiles/fsm-pump-controller-v1.elf.dir/Drivers/STM32F4xx_HAL_Driver/Src/stm32f4xx_hal_adc.c.obj
                0x0000000008001a24                HAL_ADC_Init
 .text.HAL_ADC_GetValue
                0x0000000008001a7a        0x6 CMakeFiles/fsm-pump-controller-v1.elf.dir/Drivers/STM32F4xx_HAL_Driver/Src/stm32f4xx_hal_adc.c.obj
                0x0000000008001a7a                HAL_ADC_GetValue
 .text.HAL_ADC_LevelOutOfWindowCallback
                0x0000000008001a80        0x2 CMakeFiles/fsm-pump-controller-v1.elf.dir/Drivers/STM32F4xx_HAL_Driver/Src/stm32f4xx_hal_adc.c.obj
                0x0000000008001a80                HAL_ADC_LevelOutOfWindowCallback
 .text.HAL_ADC_ErrorCallback
                0x0000000008001a82        0x2 CMakeFiles/fsm-pump-controller-v1.elf.dir/Drivers/STM32F4xx_HAL_Driver/Src/stm32f4xx_hal_adc.c.obj
                0x0000000008001a82                HAL_ADC_ErrorCallback
 .text.HAL_ADC_IRQHandler
                0x0000000008001a84      0x14e CMakeFiles/fsm-pump-controller-v1.elf.dir/Drivers/STM32F4xx_HAL_Driver/Src/stm32f4xx_hal_adc.c.obj
                0x0000000008001a84                HAL_ADC_IRQHandler
 *fill*         0x0000000008001bd2        0x2 
 .text.HAL_ADC_ConfigChannel
                0x0000000008001bd4      0x198 CMakeFiles/fsm-pump-controller-v1.elf.dir/Drivers/STM32F4xx_HAL_Driver/Src/stm32f4xx_hal_adc.c.obj
                0x0000000008001bd4                HAL_ADC_ConfigChannel
 .text.HAL_ADCEx_InjectedConvCpltCallback
                0x0000000008001d6c        0x2 CMakeFiles/fsm-pump-controller-v1.elf.dir/Drivers/STM32F4xx_HAL_Driver/Src/stm32f4xx_hal_adc_ex.c.obj
                0x0000000008001d6c                HAL_ADCEx_InjectedConvCpltCallback
 *fill*         0x0000000008001d6e        0x2 
 .text.HAL_NVIC_SetPriorityGrouping
                0x0000000008001d70       0x24 CMakeFiles/fsm-pump-controller-v1.elf.dir/Drivers/STM32F4xx_HAL_Driver/Src/stm32f4xx_hal_cortex.c.obj
                0x0000000008001d70                HAL_NVIC_SetPriorityGrouping
 .text.HAL_NVIC_SetPriority
                0x0000000008001d94       0x70 CMakeFiles/fsm-pump-controller-v1.elf.dir/Drivers/STM32F4xx_HAL_Driver/Src/stm32f4xx_hal_cortex.c.obj
                0x0000000008001d94                HAL_NVIC_SetPriority
 .text.HAL_NVIC_EnableIRQ
                0x0000000008001e04       0x1c CMakeFiles/fsm-pump-controller-v1.elf.dir/Drivers/STM32F4xx_HAL_Driver/Src/stm32f4xx_hal_cortex.c.obj
                0x0000000008001e04                HAL_NVIC_EnableIRQ
 .text.HAL_SYSTICK_Config
                0x0000000008001e20       0x28 CMakeFiles/fsm-pump-controller-v1.elf.dir/Drivers/STM32F4xx_HAL_Driver/Src/stm32f4xx_hal_cortex.c.obj
                0x0000000008001e20                HAL_SYSTICK_Config
 .text.HAL_GPIO_Init
                0x0000000008001e48      0x1d0 CMakeFiles/fsm-pump-controller-v1.elf.dir/Drivers/STM32F4xx_HAL_Driver/Src/stm32f4xx_hal_gpio.c.obj
                0x0000000008001e48                HAL_GPIO_Init
 .text.HAL_GPIO_EXTI_IRQHandler
                0x0000000008002018       0x1c CMakeFiles/fsm-pump-controller-v1.elf.dir/Drivers/STM32F4xx_HAL_Driver/Src/stm32f4xx_hal_gpio.c.obj
                0x0000000008002018                HAL_GPIO_EXTI_IRQHandler
 .text.I2C_IsAcknowledgeFailed
                0x0000000008002034       0x32 CMakeFiles/fsm-pump-controller-v1.elf.dir/Drivers/STM32F4xx_HAL_Driver/Src/stm32f4xx_hal_i2c.c.obj
 .text.I2C_WaitOnFlagUntilTimeout
                0x0000000008002066       0x7c CMakeFiles/fsm-pump-controller-v1.elf.dir/Drivers/STM32F4xx_HAL_Driver/Src/stm32f4xx_hal_i2c.c.obj
 .text.I2C_WaitOnMasterAddressFlagUntilTimeout
                0x00000000080020e2       0xaa CMakeFiles/fsm-pump-controller-v1.elf.dir/Drivers/STM32F4xx_HAL_Driver/Src/stm32f4xx_hal_i2c.c.obj
 .text.I2C_MasterRequestWrite
                0x000000000800218c       0xb4 CMakeFiles/fsm-pump-controller-v1.elf.dir/Drivers/STM32F4xx_HAL_Driver/Src/stm32f4xx_hal_i2c.c.obj
 .text.I2C_WaitOnTXEFlagUntilTimeout
                0x0000000008002240       0x54 CMakeFiles/fsm-pump-controller-v1.elf.dir/Drivers/STM32F4xx_HAL_Driver/Src/stm32f4xx_hal_i2c.c.obj
 .text.I2C_WaitOnBTFFlagUntilTimeout
                0x0000000008002294       0x54 CMakeFiles/fsm-pump-controller-v1.elf.dir/Drivers/STM32F4xx_HAL_Driver/Src/stm32f4xx_hal_i2c.c.obj
 .text.HAL_I2C_Init
                0x00000000080022e8      0x1bc CMakeFiles/fsm-pump-controller-v1.elf.dir/Drivers/STM32F4xx_HAL_Driver/Src/stm32f4xx_hal_i2c.c.obj
                0x00000000080022e8                HAL_I2C_Init
 .text.HAL_I2C_Master_Transmit
                0x00000000080024a4      0x178 CMakeFiles/fsm-pump-controller-v1.elf.dir/Drivers/STM32F4xx_HAL_Driver/Src/stm32f4xx_hal_i2c.c.obj
                0x00000000080024a4                HAL_I2C_Master_Transmit
 .text.HAL_I2C_IsDeviceReady
                0x000000000800261c      0x194 CMakeFiles/fsm-pump-controller-v1.elf.dir/Drivers/STM32F4xx_HAL_Driver/Src/stm32f4xx_hal_i2c.c.obj
                0x000000000800261c                HAL_I2C_IsDeviceReady
 .text.HAL_RCC_OscConfig
                0x00000000080027b0      0x3ec CMakeFiles/fsm-pump-controller-v1.elf.dir/Drivers/STM32F4xx_HAL_Driver/Src/stm32f4xx_hal_rcc.c.obj
                0x00000000080027b0                HAL_RCC_OscConfig
 .text.HAL_RCC_GetSysClockFreq
                0x0000000008002b9c       0xd4 CMakeFiles/fsm-pump-controller-v1.elf.dir/Drivers/STM32F4xx_HAL_Driver/Src/stm32f4xx_hal_rcc.c.obj
                0x0000000008002b9c                HAL_RCC_GetSysClockFreq
 .text.HAL_RCC_ClockConfig
                0x0000000008002c70      0x160 CMakeFiles/fsm-pump-controller-v1.elf.dir/Drivers/STM32F4xx_HAL_Driver/Src/stm32f4xx_hal_rcc.c.obj
                0x0000000008002c70                HAL_RCC_ClockConfig
 .text.HAL_RCC_GetHCLKFreq
                0x0000000008002dd0        0xc CMakeFiles/fsm-pump-controller-v1.elf.dir/Drivers/STM32F4xx_HAL_Driver/Src/stm32f4xx_hal_rcc.c.obj
                0x0000000008002dd0                HAL_RCC_GetHCLKFreq
 .text.HAL_RCC_GetPCLK1Freq
                0x0000000008002ddc       0x20 CMakeFiles/fsm-pump-controller-v1.elf.dir/Drivers/STM32F4xx_HAL_Driver/Src/stm32f4xx_hal_rcc.c.obj
                0x0000000008002ddc                HAL_RCC_GetPCLK1Freq
 .text.HAL_RCC_GetPCLK2Freq
                0x0000000008002dfc       0x20 CMakeFiles/fsm-pump-controller-v1.elf.dir/Drivers/STM32F4xx_HAL_Driver/Src/stm32f4xx_hal_rcc.c.obj
                0x0000000008002dfc                HAL_RCC_GetPCLK2Freq
 .text.HAL_RCCEx_PeriphCLKConfig
                0x0000000008002e1c      0x154 CMakeFiles/fsm-pump-controller-v1.elf.dir/Drivers/STM32F4xx_HAL_Driver/Src/stm32f4xx_hal_rcc_ex.c.obj
                0x0000000008002e1c                HAL_RCCEx_PeriphCLKConfig
 .text.HAL_RTC_WaitForSynchro
                0x0000000008002f70       0x32 CMakeFiles/fsm-pump-controller-v1.elf.dir/Drivers/STM32F4xx_HAL_Driver/Src/stm32f4xx_hal_rtc.c.obj
                0x0000000008002f70                HAL_RTC_WaitForSynchro
 .text.RTC_EnterInitMode
                0x0000000008002fa2       0x3c CMakeFiles/fsm-pump-controller-v1.elf.dir/Drivers/STM32F4xx_HAL_Driver/Src/stm32f4xx_hal_rtc.c.obj
                0x0000000008002fa2                RTC_EnterInitMode
 .text.HAL_RTC_Init
                0x0000000008002fde       0xc4 CMakeFiles/fsm-pump-controller-v1.elf.dir/Drivers/STM32F4xx_HAL_Driver/Src/stm32f4xx_hal_rtc.c.obj
                0x0000000008002fde                HAL_RTC_Init
 .text.RTC_Bcd2ToByte
                0x00000000080030a2       0x12 CMakeFiles/fsm-pump-controller-v1.elf.dir/Drivers/STM32F4xx_HAL_Driver/Src/stm32f4xx_hal_rtc.c.obj
                0x00000000080030a2                RTC_Bcd2ToByte
 .text.HAL_RTC_GetTime
                0x00000000080030b4       0x50 CMakeFiles/fsm-pump-controller-v1.elf.dir/Drivers/STM32F4xx_HAL_Driver/Src/stm32f4xx_hal_rtc.c.obj
                0x00000000080030b4                HAL_RTC_GetTime
 .text.HAL_RTC_GetDate
                0x0000000008003104       0x3c CMakeFiles/fsm-pump-controller-v1.elf.dir/Drivers/STM32F4xx_HAL_Driver/Src/stm32f4xx_hal_rtc.c.obj
                0x0000000008003104                HAL_RTC_GetDate
 .text.HAL_SPI_Init
                0x0000000008003140       0x80 CMakeFiles/fsm-pump-controller-v1.elf.dir/Drivers/STM32F4xx_HAL_Driver/Src/stm32f4xx_hal_spi.c.obj
                0x0000000008003140                HAL_SPI_Init
 .text.HAL_TIM_Base_MspInit
                0x00000000080031c0        0x2 CMakeFiles/fsm-pump-controller-v1.elf.dir/Drivers/STM32F4xx_HAL_Driver/Src/stm32f4xx_hal_tim.c.obj
                0x00000000080031c0                HAL_TIM_Base_MspInit
 .text.HAL_TIM_Base_Start_IT
                0x00000000080031c2       0x22 CMakeFiles/fsm-pump-controller-v1.elf.dir/Drivers/STM32F4xx_HAL_Driver/Src/stm32f4xx_hal_tim.c.obj
                0x00000000080031c2                HAL_TIM_Base_Start_IT
 .text.TIM_Base_SetConfig
                0x00000000080031e4       0xc8 CMakeFiles/fsm-pump-controller-v1.elf.dir/Drivers/STM32F4xx_HAL_Driver/Src/stm32f4xx_hal_tim.c.obj
                0x00000000080031e4                TIM_Base_SetConfig
 .text.HAL_TIM_Base_Init
                0x00000000080032ac       0x34 CMakeFiles/fsm-pump-controller-v1.elf.dir/Drivers/STM32F4xx_HAL_Driver/Src/stm32f4xx_hal_tim.c.obj
                0x00000000080032ac                HAL_TIM_Base_Init
 .text.UART_SetConfig
                0x00000000080032e0      0x1d4 CMakeFiles/fsm-pump-controller-v1.elf.dir/Drivers/STM32F4xx_HAL_Driver/Src/stm32f4xx_hal_uart.c.obj
 .text.HAL_UART_Init
                0x00000000080034b4       0x5e CMakeFiles/fsm-pump-controller-v1.elf.dir/Drivers/STM32F4xx_HAL_Driver/Src/stm32f4xx_hal_uart.c.obj
                0x00000000080034b4                HAL_UART_Init
 .text.__udivmoddi4
                0x0000000008003512      0x2a6 /usr/lib/gcc/arm-none-eabi/10.2.0/thumb/v7e-m/nofp/libgcc.a(_udivmoddi4.o)
                0x0000000008003512                __udivmoddi4
 .text.atexit   0x00000000080037b8        0xc /usr/lib/gcc/arm-none-eabi/10.2.0/../../../../arm-none-eabi/lib/thumb/v7e-m/nofp/libg.a(lib_a-atexit.o)
                0x00000000080037b8                atexit
 .text.__errno  0x00000000080037c4        0xc /usr/lib/gcc/arm-none-eabi/10.2.0/../../../../arm-none-eabi/lib/thumb/v7e-m/nofp/libg.a(lib_a-errno.o)
                0x00000000080037c4                __errno
 .text.__libc_fini_array
                0x00000000080037d0       0x2c /usr/lib/gcc/arm-none-eabi/10.2.0/../../../../arm-none-eabi/lib/thumb/v7e-m/nofp/libg.a(lib_a-fini.o)
                0x00000000080037d0                __libc_fini_array
 .text.__libc_init_array
                0x00000000080037fc       0x48 /usr/lib/gcc/arm-none-eabi/10.2.0/../../../../arm-none-eabi/lib/thumb/v7e-m/nofp/libg.a(lib_a-init.o)
                0x00000000080037fc                __libc_init_array
 .text.memset   0x0000000008003844       0xa0 /usr/lib/gcc/arm-none-eabi/10.2.0/../../../../arm-none-eabi/lib/thumb/v7e-m/nofp/libg.a(lib_a-memset.o)
                0x0000000008003844                memset
 .text.sprintf  0x00000000080038e4       0x44 /usr/lib/gcc/arm-none-eabi/10.2.0/../../../../arm-none-eabi/lib/thumb/v7e-m/nofp/libg.a(lib_a-sprintf.o)
                0x00000000080038e4                sprintf
 .text._svfprintf_r
                0x0000000008003928     0x1a54 /usr/lib/gcc/arm-none-eabi/10.2.0/../../../../arm-none-eabi/lib/thumb/v7e-m/nofp/libg.a(lib_a-svfprintf.o)
                0x0000000008003928                _svfprintf_r
 .text._vsprintf_r
                0x000000000800537c       0x28 /usr/lib/gcc/arm-none-eabi/10.2.0/../../../../arm-none-eabi/lib/thumb/v7e-m/nofp/libg.a(lib_a-vsprintf.o)
                0x000000000800537c                _vsprintf_r
 .text.vsprintf
                0x00000000080053a4       0x18 /usr/lib/gcc/arm-none-eabi/10.2.0/../../../../arm-none-eabi/lib/thumb/v7e-m/nofp/libg.a(lib_a-vsprintf.o)
                0x00000000080053a4                vsprintf
 .text.__register_exitproc
                0x00000000080053bc       0x88 /usr/lib/gcc/arm-none-eabi/10.2.0/../../../../arm-none-eabi/lib/thumb/v7e-m/nofp/libg.a(lib_a-__atexit.o)
                0x00000000080053bc                __register_exitproc
 .text.startup.register_fini
                0x0000000008005444       0x14 /usr/lib/gcc/arm-none-eabi/10.2.0/../../../../arm-none-eabi/lib/thumb/v7e-m/nofp/libg.a(lib_a-__call_atexit.o)
 .text.quorem   0x0000000008005458      0x11c /usr/lib/gcc/arm-none-eabi/10.2.0/../../../../arm-none-eabi/lib/thumb/v7e-m/nofp/libg.a(lib_a-dtoa.o)
 *fill*         0x0000000008005574        0x4 
 .text._dtoa_r  0x0000000008005578      0xef0 /usr/lib/gcc/arm-none-eabi/10.2.0/../../../../arm-none-eabi/lib/thumb/v7e-m/nofp/libg.a(lib_a-dtoa.o)
                0x0000000008005578                _dtoa_r
 .text._malloc_trim_r
                0x0000000008006468       0xa0 /usr/lib/gcc/arm-none-eabi/10.2.0/../../../../arm-none-eabi/lib/thumb/v7e-m/nofp/libg.a(lib_a-freer.o)
                0x0000000008006468                _malloc_trim_r
 .text._free_r  0x0000000008006508      0x214 /usr/lib/gcc/arm-none-eabi/10.2.0/../../../../arm-none-eabi/lib/thumb/v7e-m/nofp/libg.a(lib_a-freer.o)
                0x0000000008006508                _free_r
 .text._localeconv_r
                0x000000000800671c        0x8 /usr/lib/gcc/arm-none-eabi/10.2.0/../../../../arm-none-eabi/lib/thumb/v7e-m/nofp/libg.a(lib_a-localeconv.o)
                0x000000000800671c                _localeconv_r
 .text.__locale_mb_cur_max
                0x0000000008006724        0xc /usr/lib/gcc/arm-none-eabi/10.2.0/../../../../arm-none-eabi/lib/thumb/v7e-m/nofp/libg.a(lib_a-locale.o)
                0x0000000008006724                __locale_mb_cur_max
 .text.__retarget_lock_init_recursive
                0x0000000008006730        0x4 /usr/lib/gcc/arm-none-eabi/10.2.0/../../../../arm-none-eabi/lib/thumb/v7e-m/nofp/libg.a(lib_a-lock.o)
                0x0000000008006730                __retarget_lock_init_recursive
 .text.__retarget_lock_close_recursive
                0x0000000008006734        0x4 /usr/lib/gcc/arm-none-eabi/10.2.0/../../../../arm-none-eabi/lib/thumb/v7e-m/nofp/libg.a(lib_a-lock.o)
                0x0000000008006734                __retarget_lock_close_recursive
 .text.__retarget_lock_acquire_recursive
                0x0000000008006738        0x4 /usr/lib/gcc/arm-none-eabi/10.2.0/../../../../arm-none-eabi/lib/thumb/v7e-m/nofp/libg.a(lib_a-lock.o)
                0x0000000008006738                __retarget_lock_acquire_recursive
 .text.__retarget_lock_release_recursive
                0x000000000800673c        0x4 /usr/lib/gcc/arm-none-eabi/10.2.0/../../../../arm-none-eabi/lib/thumb/v7e-m/nofp/libg.a(lib_a-lock.o)
                0x000000000800673c                __retarget_lock_release_recursive
 .text._malloc_r
                0x0000000008006740      0x578 /usr/lib/gcc/arm-none-eabi/10.2.0/../../../../arm-none-eabi/lib/thumb/v7e-m/nofp/libg.a(lib_a-mallocr.o)
                0x0000000008006740                _malloc_r
 .text.__ascii_mbtowc
                0x0000000008006cb8       0x2c /usr/lib/gcc/arm-none-eabi/10.2.0/../../../../arm-none-eabi/lib/thumb/v7e-m/nofp/libg.a(lib_a-mbtowc_r.o)
                0x0000000008006cb8                __ascii_mbtowc
 .text.__malloc_lock
                0x0000000008006ce4        0xc /usr/lib/gcc/arm-none-eabi/10.2.0/../../../../arm-none-eabi/lib/thumb/v7e-m/nofp/libg.a(lib_a-mlock.o)
                0x0000000008006ce4                __malloc_lock
 .text.__malloc_unlock
                0x0000000008006cf0        0xc /usr/lib/gcc/arm-none-eabi/10.2.0/../../../../arm-none-eabi/lib/thumb/v7e-m/nofp/libg.a(lib_a-mlock.o)
                0x0000000008006cf0                __malloc_unlock
 .text._Balloc  0x0000000008006cfc       0x4c /usr/lib/gcc/arm-none-eabi/10.2.0/../../../../arm-none-eabi/lib/thumb/v7e-m/nofp/libg.a(lib_a-mprec.o)
                0x0000000008006cfc                _Balloc
 .text._Bfree   0x0000000008006d48       0x14 /usr/lib/gcc/arm-none-eabi/10.2.0/../../../../arm-none-eabi/lib/thumb/v7e-m/nofp/libg.a(lib_a-mprec.o)
                0x0000000008006d48                _Bfree
 .text.__multadd
                0x0000000008006d5c       0xa0 /usr/lib/gcc/arm-none-eabi/10.2.0/../../../../arm-none-eabi/lib/thumb/v7e-m/nofp/libg.a(lib_a-mprec.o)
                0x0000000008006d5c                __multadd
 .text.__hi0bits
                0x0000000008006dfc       0x40 /usr/lib/gcc/arm-none-eabi/10.2.0/../../../../arm-none-eabi/lib/thumb/v7e-m/nofp/libg.a(lib_a-mprec.o)
                0x0000000008006dfc                __hi0bits
 .text.__lo0bits
                0x0000000008006e3c       0x60 /usr/lib/gcc/arm-none-eabi/10.2.0/../../../../arm-none-eabi/lib/thumb/v7e-m/nofp/libg.a(lib_a-mprec.o)
                0x0000000008006e3c                __lo0bits
 .text.__i2b    0x0000000008006e9c       0x2c /usr/lib/gcc/arm-none-eabi/10.2.0/../../../../arm-none-eabi/lib/thumb/v7e-m/nofp/libg.a(lib_a-mprec.o)
                0x0000000008006e9c                __i2b
 .text.__multiply
                0x0000000008006ec8      0x160 /usr/lib/gcc/arm-none-eabi/10.2.0/../../../../arm-none-eabi/lib/thumb/v7e-m/nofp/libg.a(lib_a-mprec.o)
                0x0000000008006ec8                __multiply
 .text.__pow5mult
                0x0000000008007028       0x98 /usr/lib/gcc/arm-none-eabi/10.2.0/../../../../arm-none-eabi/lib/thumb/v7e-m/nofp/libg.a(lib_a-mprec.o)
                0x0000000008007028                __pow5mult
 .text.__lshift
                0x00000000080070c0       0xe8 /usr/lib/gcc/arm-none-eabi/10.2.0/../../../../arm-none-eabi/lib/thumb/v7e-m/nofp/libg.a(lib_a-mprec.o)
                0x00000000080070c0                __lshift
 .text.__mcmp   0x00000000080071a8       0x3c /usr/lib/gcc/arm-none-eabi/10.2.0/../../../../arm-none-eabi/lib/thumb/v7e-m/nofp/libg.a(lib_a-mprec.o)
                0x00000000080071a8                __mcmp
 .text.__mdiff  0x00000000080071e4      0x148 /usr/lib/gcc/arm-none-eabi/10.2.0/../../../../arm-none-eabi/lib/thumb/v7e-m/nofp/libg.a(lib_a-mprec.o)
                0x00000000080071e4                __mdiff
 .text.__d2b    0x000000000800732c       0xc4 /usr/lib/gcc/arm-none-eabi/10.2.0/../../../../arm-none-eabi/lib/thumb/v7e-m/nofp/libg.a(lib_a-mprec.o)
                0x000000000800732c                __d2b
 .text._sbrk_r  0x00000000080073f0       0x24 /usr/lib/gcc/arm-none-eabi/10.2.0/../../../../arm-none-eabi/lib/thumb/v7e-m/nofp/libg.a(lib_a-sbrkr.o)
                0x00000000080073f0                _sbrk_r
 .text.frexp    0x0000000008007414       0x70 /usr/lib/gcc/arm-none-eabi/10.2.0/../../../../arm-none-eabi/lib/thumb/v7e-m/nofp/libg.a(lib_a-s_frexp.o)
                0x0000000008007414                frexp
 .text.strncpy  0x0000000008007484       0x68 /usr/lib/gcc/arm-none-eabi/10.2.0/../../../../arm-none-eabi/lib/thumb/v7e-m/nofp/libg.a(lib_a-strncpy.o)
                0x0000000008007484                strncpy
 .text.__ssprint_r
                0x00000000080074ec       0xf8 /usr/lib/gcc/arm-none-eabi/10.2.0/../../../../arm-none-eabi/lib/thumb/v7e-m/nofp/libg.a(lib_a-svfiprintf.o)
                0x00000000080074ec                __ssprint_r
 .text.__ascii_wctomb
                0x00000000080075e4       0x1c /usr/lib/gcc/arm-none-eabi/10.2.0/../../../../arm-none-eabi/lib/thumb/v7e-m/nofp/libg.a(lib_a-wctomb_r.o)
                0x00000000080075e4                __ascii_wctomb
 .text.__assert_func
                0x0000000008007600       0x3c /usr/lib/gcc/arm-none-eabi/10.2.0/../../../../arm-none-eabi/lib/thumb/v7e-m/nofp/libg.a(lib_a-assert.o)
                0x0000000008007600                __assert_func
 .text._calloc_r
                0x000000000800763c       0x60 /usr/lib/gcc/arm-none-eabi/10.2.0/../../../../arm-none-eabi/lib/thumb/v7e-m/nofp/libg.a(lib_a-callocr.o)
                0x000000000800763c                _calloc_r
 .text.fiprintf
                0x000000000800769c       0x28 /usr/lib/gcc/arm-none-eabi/10.2.0/../../../../arm-none-eabi/lib/thumb/v7e-m/nofp/libg.a(lib_a-fiprintf.o)
                0x000000000800769c                fiprintf
 .text.memmove  0x00000000080076c4       0xd8 /usr/lib/gcc/arm-none-eabi/10.2.0/../../../../arm-none-eabi/lib/thumb/v7e-m/nofp/libg.a(lib_a-memmove.o)
                0x00000000080076c4                memmove
 .text._realloc_r
                0x000000000800779c      0x37c /usr/lib/gcc/arm-none-eabi/10.2.0/../../../../arm-none-eabi/lib/thumb/v7e-m/nofp/libg.a(lib_a-reallocr.o)
                0x000000000800779c                _realloc_r
 .text.__sprint_r.part.0
                0x0000000008007b18       0x78 /usr/lib/gcc/arm-none-eabi/10.2.0/../../../../arm-none-eabi/lib/thumb/v7e-m/nofp/libg.a(lib_a-vfiprintf.o)
 .text._vfiprintf_r
                0x0000000008007b90      0xd50 /usr/lib/gcc/arm-none-eabi/10.2.0/../../../../arm-none-eabi/lib/thumb/v7e-m/nofp/libg.a(lib_a-vfiprintf.o)
                0x0000000008007b90                _vfiprintf_r
 .text.__sbprintf
                0x00000000080088e0       0x84 /usr/lib/gcc/arm-none-eabi/10.2.0/../../../../arm-none-eabi/lib/thumb/v7e-m/nofp/libg.a(lib_a-vfiprintf.o)
 .text.__swsetup_r
                0x0000000008008964       0xd0 /usr/lib/gcc/arm-none-eabi/10.2.0/../../../../arm-none-eabi/lib/thumb/v7e-m/nofp/libg.a(lib_a-wsetup.o)
                0x0000000008008964                __swsetup_r
 .text.abort    0x0000000008008a34       0x10 /usr/lib/gcc/arm-none-eabi/10.2.0/../../../../arm-none-eabi/lib/thumb/v7e-m/nofp/libg.a(lib_a-abort.o)
                0x0000000008008a34                abort
 .text.__sflush_r
                0x0000000008008a44      0x14c /usr/lib/gcc/arm-none-eabi/10.2.0/../../../../arm-none-eabi/lib/thumb/v7e-m/nofp/libg.a(lib_a-fflush.o)
                0x0000000008008a44                __sflush_r
 .text._fflush_r
                0x0000000008008b90       0x5c /usr/lib/gcc/arm-none-eabi/10.2.0/../../../../arm-none-eabi/lib/thumb/v7e-m/nofp/libg.a(lib_a-fflush.o)
                0x0000000008008b90                _fflush_r
 .text.std      0x0000000008008bec       0x50 /usr/lib/gcc/arm-none-eabi/10.2.0/../../../../arm-none-eabi/lib/thumb/v7e-m/nofp/libg.a(lib_a-findfp.o)
 .text._cleanup_r
                0x0000000008008c3c        0xc /usr/lib/gcc/arm-none-eabi/10.2.0/../../../../arm-none-eabi/lib/thumb/v7e-m/nofp/libg.a(lib_a-findfp.o)
                0x0000000008008c3c                _cleanup_r
 .text.__sinit  0x0000000008008c48       0x54 /usr/lib/gcc/arm-none-eabi/10.2.0/../../../../arm-none-eabi/lib/thumb/v7e-m/nofp/libg.a(lib_a-findfp.o)
                0x0000000008008c48                __sinit
 .text.__sfp_lock_acquire
                0x0000000008008c9c        0xc /usr/lib/gcc/arm-none-eabi/10.2.0/../../../../arm-none-eabi/lib/thumb/v7e-m/nofp/libg.a(lib_a-findfp.o)
                0x0000000008008c9c                __sfp_lock_acquire
 .text.__sfp_lock_release
                0x0000000008008ca8        0xc /usr/lib/gcc/arm-none-eabi/10.2.0/../../../../arm-none-eabi/lib/thumb/v7e-m/nofp/libg.a(lib_a-findfp.o)
                0x0000000008008ca8                __sfp_lock_release
 .text.__fputwc
                0x0000000008008cb4       0xa8 /usr/lib/gcc/arm-none-eabi/10.2.0/../../../../arm-none-eabi/lib/thumb/v7e-m/nofp/libg.a(lib_a-fputwc.o)
                0x0000000008008cb4                __fputwc
 .text._fputwc_r
                0x0000000008008d5c       0x64 /usr/lib/gcc/arm-none-eabi/10.2.0/../../../../arm-none-eabi/lib/thumb/v7e-m/nofp/libg.a(lib_a-fputwc.o)
                0x0000000008008d5c                _fputwc_r
 .text.__sfvwrite_r
                0x0000000008008dc0      0x2f4 /usr/lib/gcc/arm-none-eabi/10.2.0/../../../../arm-none-eabi/lib/thumb/v7e-m/nofp/libg.a(lib_a-fvwrite.o)
                0x0000000008008dc0                __sfvwrite_r
 .text._fwalk_reent
                0x00000000080090b4       0x48 /usr/lib/gcc/arm-none-eabi/10.2.0/../../../../arm-none-eabi/lib/thumb/v7e-m/nofp/libg.a(lib_a-fwalk.o)
                0x00000000080090b4                _fwalk_reent
 .text.__swhatbuf_r
                0x00000000080090fc       0x5c /usr/lib/gcc/arm-none-eabi/10.2.0/../../../../arm-none-eabi/lib/thumb/v7e-m/nofp/libg.a(lib_a-makebuf.o)
                0x00000000080090fc                __swhatbuf_r
 .text.__smakebuf_r
                0x0000000008009158       0x98 /usr/lib/gcc/arm-none-eabi/10.2.0/../../../../arm-none-eabi/lib/thumb/v7e-m/nofp/libg.a(lib_a-makebuf.o)
                0x0000000008009158                __smakebuf_r
 .text._raise_r
                0x00000000080091f0       0x58 /usr/lib/gcc/arm-none-eabi/10.2.0/../../../../arm-none-eabi/lib/thumb/v7e-m/nofp/libg.a(lib_a-signal.o)
                0x00000000080091f0                _raise_r
 .text.raise    0x0000000008009248       0x10 /usr/lib/gcc/arm-none-eabi/10.2.0/../../../../arm-none-eabi/lib/thumb/v7e-m/nofp/libg.a(lib_a-signal.o)
                0x0000000008009248                raise
 .text._kill_r  0x0000000008009258       0x2c /usr/lib/gcc/arm-none-eabi/10.2.0/../../../../arm-none-eabi/lib/thumb/v7e-m/nofp/libg.a(lib_a-signalr.o)
                0x0000000008009258                _kill_r
 .text._getpid_r
                0x0000000008009284        0x4 /usr/lib/gcc/arm-none-eabi/10.2.0/../../../../arm-none-eabi/lib/thumb/v7e-m/nofp/libg.a(lib_a-signalr.o)
                0x0000000008009284                _getpid_r
 .text.__sread  0x0000000008009288       0x24 /usr/lib/gcc/arm-none-eabi/10.2.0/../../../../arm-none-eabi/lib/thumb/v7e-m/nofp/libg.a(lib_a-stdio.o)
                0x0000000008009288                __sread
 .text.__swrite
                0x00000000080092ac       0x40 /usr/lib/gcc/arm-none-eabi/10.2.0/../../../../arm-none-eabi/lib/thumb/v7e-m/nofp/libg.a(lib_a-stdio.o)
                0x00000000080092ac                __swrite
 .text.__sseek  0x00000000080092ec       0x20 /usr/lib/gcc/arm-none-eabi/10.2.0/../../../../arm-none-eabi/lib/thumb/v7e-m/nofp/libg.a(lib_a-stdio.o)
                0x00000000080092ec                __sseek
 .text.__sclose
                0x000000000800930c        0x8 /usr/lib/gcc/arm-none-eabi/10.2.0/../../../../arm-none-eabi/lib/thumb/v7e-m/nofp/libg.a(lib_a-stdio.o)
                0x000000000800930c                __sclose
 .text.__swbuf_r
                0x0000000008009314       0xb0 /usr/lib/gcc/arm-none-eabi/10.2.0/../../../../arm-none-eabi/lib/thumb/v7e-m/nofp/libg.a(lib_a-wbuf.o)
                0x0000000008009314                __swbuf_r
 .text._wcrtomb_r
                0x00000000080093c4       0x34 /usr/lib/gcc/arm-none-eabi/10.2.0/../../../../arm-none-eabi/lib/thumb/v7e-m/nofp/libg.a(lib_a-wcrtomb.o)
                0x00000000080093c4                _wcrtomb_r
 .text._write_r
                0x00000000080093f8       0x2c /usr/lib/gcc/arm-none-eabi/10.2.0/../../../../arm-none-eabi/lib/thumb/v7e-m/nofp/libg.a(lib_a-writer.o)
                0x00000000080093f8                _write_r
 .text._close_r
                0x0000000008009424       0x24 /usr/lib/gcc/arm-none-eabi/10.2.0/../../../../arm-none-eabi/lib/thumb/v7e-m/nofp/libg.a(lib_a-closer.o)
                0x0000000008009424                _close_r
 .text._fclose_r
                0x0000000008009448       0xd0 /usr/lib/gcc/arm-none-eabi/10.2.0/../../../../arm-none-eabi/lib/thumb/v7e-m/nofp/libg.a(lib_a-fclose.o)
                0x0000000008009448                _fclose_r
 .text._fstat_r
                0x0000000008009518       0x2c /usr/lib/gcc/arm-none-eabi/10.2.0/../../../../arm-none-eabi/lib/thumb/v7e-m/nofp/libg.a(lib_a-fstatr.o)
                0x0000000008009518                _fstat_r
 .text._isatty_r
                0x0000000008009544       0x24 /usr/lib/gcc/arm-none-eabi/10.2.0/../../../../arm-none-eabi/lib/thumb/v7e-m/nofp/libg.a(lib_a-isattyr.o)
                0x0000000008009544                _isatty_r
 .text._lseek_r
                0x0000000008009568       0x2c /usr/lib/gcc/arm-none-eabi/10.2.0/../../../../arm-none-eabi/lib/thumb/v7e-m/nofp/libg.a(lib_a-lseekr.o)
                0x0000000008009568                _lseek_r
 .text._read_r  0x0000000008009594       0x2c /usr/lib/gcc/arm-none-eabi/10.2.0/../../../../arm-none-eabi/lib/thumb/v7e-m/nofp/libg.a(lib_a-readr.o)
                0x0000000008009594                _read_r
 *(.glue_7)
 .glue_7        0x00000000080095c0        0x0 linker stubs
 *(.glue_7t)
 .glue_7t       0x00000000080095c0        0x0 linker stubs
 *(.eh_frame)
 .eh_frame      0x00000000080095c0        0x0 /usr/lib/gcc/arm-none-eabi/10.2.0/thumb/v7e-m/nofp/crtbegin.o
 *(.init)
 .init          0x00000000080095c0        0x4 /usr/lib/gcc/arm-none-eabi/10.2.0/thumb/v7e-m/nofp/crti.o
                0x00000000080095c0                _init
 .init          0x00000000080095c4        0x8 /usr/lib/gcc/arm-none-eabi/10.2.0/thumb/v7e-m/nofp/crtn.o
 *(.fini)
 .fini          0x00000000080095cc        0x4 /usr/lib/gcc/arm-none-eabi/10.2.0/thumb/v7e-m/nofp/crti.o
                0x00000000080095cc                _fini
 .fini          0x00000000080095d0        0x8 /usr/lib/gcc/arm-none-eabi/10.2.0/thumb/v7e-m/nofp/crtn.o
                0x00000000080095d8                . = ALIGN (0x4)
                0x00000000080095d8                _etext = .

.vfp11_veneer   0x00000000080095d8        0x0
 .vfp11_veneer  0x00000000080095d8        0x0 linker stubs

.v4_bx          0x00000000080095d8        0x0
 .v4_bx         0x00000000080095d8        0x0 linker stubs

.iplt           0x00000000080095d8        0x0
 .iplt          0x00000000080095d8        0x0 /usr/lib/gcc/arm-none-eabi/10.2.0/thumb/v7e-m/nofp/crtbegin.o

.rodata         0x00000000080095d8      0x4a8
                0x00000000080095d8                . = ALIGN (0x4)
 *(.rodata)
 *(.rodata*)
 .rodata.pumpfsm_handler
                0x00000000080095d8       0xd8 CMakeFiles/fsm-pump-controller-v1.elf.dir/Core/Src/fsm.c.obj
 .rodata.callback_button.str1.4
                0x00000000080096b0       0x11 CMakeFiles/fsm-pump-controller-v1.elf.dir/Core/Src/main.c.obj
 *fill*         0x00000000080096c1        0x3 
 .rodata.tick_callback.str1.4
                0x00000000080096c4       0x1f CMakeFiles/fsm-pump-controller-v1.elf.dir/Core/Src/main.c.obj
 *fill*         0x00000000080096e3        0x1 
 .rodata.main.str1.4
                0x00000000080096e4        0x4 CMakeFiles/fsm-pump-controller-v1.elf.dir/Core/Src/main.c.obj
 .rodata.AHBPrescTable
                0x00000000080096e8       0x10 CMakeFiles/fsm-pump-controller-v1.elf.dir/Core/Src/system_stm32f4xx.c.obj
                0x00000000080096e8                AHBPrescTable
 .rodata.APBPrescTable
                0x00000000080096f8        0x8 CMakeFiles/fsm-pump-controller-v1.elf.dir/Core/Src/system_stm32f4xx.c.obj
                0x00000000080096f8                APBPrescTable
 .rodata._global_impure_ptr
                0x0000000008009700        0x4 /usr/lib/gcc/arm-none-eabi/10.2.0/../../../../arm-none-eabi/lib/thumb/v7e-m/nofp/libg.a(lib_a-impure.o)
                0x0000000008009700                _global_impure_ptr
 .rodata._svfprintf_r.str1.4
                0x0000000008009704       0x42 /usr/lib/gcc/arm-none-eabi/10.2.0/../../../../arm-none-eabi/lib/thumb/v7e-m/nofp/libg.a(lib_a-svfprintf.o)
 *fill*         0x0000000008009746        0x2 
 .rodata.blanks.7335
                0x0000000008009748       0x10 /usr/lib/gcc/arm-none-eabi/10.2.0/../../../../arm-none-eabi/lib/thumb/v7e-m/nofp/libg.a(lib_a-svfprintf.o)
 .rodata.zeroes.7336
                0x0000000008009758       0x10 /usr/lib/gcc/arm-none-eabi/10.2.0/../../../../arm-none-eabi/lib/thumb/v7e-m/nofp/libg.a(lib_a-svfprintf.o)
 .rodata._dtoa_r.str1.4
                0x0000000008009768       0x63 /usr/lib/gcc/arm-none-eabi/10.2.0/../../../../arm-none-eabi/lib/thumb/v7e-m/nofp/libg.a(lib_a-dtoa.o)
                                         0x67 (size before relaxing)
 *fill*         0x00000000080097cb        0x1 
 .rodata._setlocale_r.str1.4
                0x00000000080097cc        0xa /usr/lib/gcc/arm-none-eabi/10.2.0/../../../../arm-none-eabi/lib/thumb/v7e-m/nofp/libg.a(lib_a-locale.o)
                                          0xd (size before relaxing)
 *fill*         0x00000000080097d6        0x2 
 .rodata.str1.4
                0x00000000080097d8        0x2 /usr/lib/gcc/arm-none-eabi/10.2.0/../../../../arm-none-eabi/lib/thumb/v7e-m/nofp/libg.a(lib_a-locale.o)
 *fill*         0x00000000080097da        0x2 
 .rodata.__multadd.str1.4
                0x00000000080097dc       0x40 /usr/lib/gcc/arm-none-eabi/10.2.0/../../../../arm-none-eabi/lib/thumb/v7e-m/nofp/libg.a(lib_a-mprec.o)
                                         0x54 (size before relaxing)
 *fill*         0x000000000800981c        0x4 
 .rodata.__mprec_bigtens
                0x0000000008009820       0x28 /usr/lib/gcc/arm-none-eabi/10.2.0/../../../../arm-none-eabi/lib/thumb/v7e-m/nofp/libg.a(lib_a-mprec.o)
                0x0000000008009820                __mprec_bigtens
 .rodata.__mprec_tens
                0x0000000008009848       0xc8 /usr/lib/gcc/arm-none-eabi/10.2.0/../../../../arm-none-eabi/lib/thumb/v7e-m/nofp/libg.a(lib_a-mprec.o)
                0x0000000008009848                __mprec_tens
 .rodata.p05.6122
                0x0000000008009910        0xc /usr/lib/gcc/arm-none-eabi/10.2.0/../../../../arm-none-eabi/lib/thumb/v7e-m/nofp/libg.a(lib_a-mprec.o)
 .rodata.__assert_func.str1.4
                0x000000000800991c       0x3f /usr/lib/gcc/arm-none-eabi/10.2.0/../../../../arm-none-eabi/lib/thumb/v7e-m/nofp/libg.a(lib_a-assert.o)
                                         0x43 (size before relaxing)
 *fill*         0x000000000800995b        0x1 
 .rodata._ctype_
                0x000000000800995c      0x101 /usr/lib/gcc/arm-none-eabi/10.2.0/../../../../arm-none-eabi/lib/thumb/v7e-m/nofp/libg.a(lib_a-ctype_.o)
                0x000000000800995c                _ctype_
 .rodata._vfiprintf_r.str1.4
                0x0000000008009a5d       0x2f /usr/lib/gcc/arm-none-eabi/10.2.0/../../../../arm-none-eabi/lib/thumb/v7e-m/nofp/libg.a(lib_a-vfiprintf.o)
 *fill*         0x0000000008009a5d        0x3 
 .rodata.blanks.7328
                0x0000000008009a60       0x10 /usr/lib/gcc/arm-none-eabi/10.2.0/../../../../arm-none-eabi/lib/thumb/v7e-m/nofp/libg.a(lib_a-vfiprintf.o)
 .rodata.zeroes.7329
                0x0000000008009a70       0x10 /usr/lib/gcc/arm-none-eabi/10.2.0/../../../../arm-none-eabi/lib/thumb/v7e-m/nofp/libg.a(lib_a-vfiprintf.o)
                0x0000000008009a80                . = ALIGN (0x4)

.ARM.extab      0x0000000008009a80        0x0
                0x0000000008009a80                . = ALIGN (0x4)
 *(.ARM.extab* .gnu.linkonce.armextab.*)
                0x0000000008009a80                . = ALIGN (0x4)

.ARM            0x0000000008009a80        0x8
                0x0000000008009a80                . = ALIGN (0x4)
                0x0000000008009a80                __exidx_start = .
 *(.ARM.exidx*)
 .ARM.exidx.text.__udivmoddi4
                0x0000000008009a80        0x8 /usr/lib/gcc/arm-none-eabi/10.2.0/thumb/v7e-m/nofp/libgcc.a(_udivmoddi4.o)
                0x0000000008009a88                __exidx_end = .
                0x0000000008009a88                . = ALIGN (0x4)

.rel.dyn        0x0000000008009a88        0x0
 .rel.iplt      0x0000000008009a88        0x0 /usr/lib/gcc/arm-none-eabi/10.2.0/thumb/v7e-m/nofp/crtbegin.o

.preinit_array  0x0000000008009a88        0x0
                0x0000000008009a88                . = ALIGN (0x4)
                0x0000000008009a88                PROVIDE (__preinit_array_start = .)
 *(.preinit_array*)
                0x0000000008009a88                PROVIDE (__preinit_array_end = .)
                0x0000000008009a88                . = ALIGN (0x4)

.init_array     0x0000000008009a88        0x8
                0x0000000008009a88                . = ALIGN (0x4)
                0x0000000008009a88                PROVIDE (__init_array_start = .)
 *(SORT_BY_NAME(.init_array.*))
 .init_array.00000
                0x0000000008009a88        0x4 /usr/lib/gcc/arm-none-eabi/10.2.0/../../../../arm-none-eabi/lib/thumb/v7e-m/nofp/libg.a(lib_a-__call_atexit.o)
 *(.init_array*)
 .init_array    0x0000000008009a8c        0x4 /usr/lib/gcc/arm-none-eabi/10.2.0/thumb/v7e-m/nofp/crtbegin.o
                0x0000000008009a90                PROVIDE (__init_array_end = .)
                0x0000000008009a90                . = ALIGN (0x4)

.fini_array     0x0000000008009a90        0x4
                0x0000000008009a90                . = ALIGN (0x4)
                0x0000000008009a90                PROVIDE (__fini_array_start = .)
 *(SORT_BY_NAME(.fini_array.*))
 *(.fini_array*)
 .fini_array    0x0000000008009a90        0x4 /usr/lib/gcc/arm-none-eabi/10.2.0/thumb/v7e-m/nofp/crtbegin.o
                0x0000000008009a94                PROVIDE (__fini_array_end = .)
                0x0000000008009a94                . = ALIGN (0x4)
                0x0000000008009a94                _sidata = LOADADDR (.data)

.data           0x0000000020000000      0xa08 load address 0x0000000008009a94
                0x0000000020000000                . = ALIGN (0x4)
                0x0000000020000000                _sdata = .
 *(.data)
 *(.data*)
 .data.system   0x0000000020000000       0x44 CMakeFiles/fsm-pump-controller-v1.elf.dir/Core/Src/bsp.c.obj
                0x0000000020000000                system
 .data.pumpfsm_context
                0x0000000020000044        0xc CMakeFiles/fsm-pump-controller-v1.elf.dir/Core/Src/fsm.c.obj
 .data.SystemCoreClock
                0x0000000020000050        0x4 CMakeFiles/fsm-pump-controller-v1.elf.dir/Core/Src/system_stm32f4xx.c.obj
                0x0000000020000050                SystemCoreClock
 .data.uwTickFreq
                0x0000000020000054        0x1 CMakeFiles/fsm-pump-controller-v1.elf.dir/Drivers/STM32F4xx_HAL_Driver/Src/stm32f4xx_hal.c.obj
                0x0000000020000054                uwTickFreq
 *fill*         0x0000000020000055        0x3 
 .data.uwTickPrio
                0x0000000020000058        0x4 CMakeFiles/fsm-pump-controller-v1.elf.dir/Drivers/STM32F4xx_HAL_Driver/Src/stm32f4xx_hal.c.obj
                0x0000000020000058                uwTickPrio
 .data._impure_ptr
                0x000000002000005c        0x4 /usr/lib/gcc/arm-none-eabi/10.2.0/../../../../arm-none-eabi/lib/thumb/v7e-m/nofp/libg.a(lib_a-impure.o)
                0x000000002000005c                _impure_ptr
 .data.impure_data
                0x0000000020000060      0x428 /usr/lib/gcc/arm-none-eabi/10.2.0/../../../../arm-none-eabi/lib/thumb/v7e-m/nofp/libg.a(lib_a-impure.o)
 .data.__atexit_recursive_mutex
                0x0000000020000488        0x4 /usr/lib/gcc/arm-none-eabi/10.2.0/../../../../arm-none-eabi/lib/thumb/v7e-m/nofp/libg.a(lib_a-__call_atexit.o)
                0x0000000020000488                __atexit_recursive_mutex
 .data.__global_locale
                0x000000002000048c      0x16c /usr/lib/gcc/arm-none-eabi/10.2.0/../../../../arm-none-eabi/lib/thumb/v7e-m/nofp/libg.a(lib_a-locale.o)
                0x000000002000048c                __global_locale
 .data.__malloc_av_
                0x00000000200005f8      0x408 /usr/lib/gcc/arm-none-eabi/10.2.0/../../../../arm-none-eabi/lib/thumb/v7e-m/nofp/libg.a(lib_a-mallocr.o)
                0x00000000200005f8                __malloc_av_
 .data.__malloc_sbrk_base
                0x0000000020000a00        0x4 /usr/lib/gcc/arm-none-eabi/10.2.0/../../../../arm-none-eabi/lib/thumb/v7e-m/nofp/libg.a(lib_a-mallocr.o)
                0x0000000020000a00                __malloc_sbrk_base
 .data.__malloc_trim_threshold
                0x0000000020000a04        0x4 /usr/lib/gcc/arm-none-eabi/10.2.0/../../../../arm-none-eabi/lib/thumb/v7e-m/nofp/libg.a(lib_a-mallocr.o)
                0x0000000020000a04                __malloc_trim_threshold
                0x0000000020000a08                . = ALIGN (0x4)
                0x0000000020000a08                _edata = .

.igot.plt       0x0000000020000a08        0x0 load address 0x000000000800a49c
 .igot.plt      0x0000000020000a08        0x0 /usr/lib/gcc/arm-none-eabi/10.2.0/thumb/v7e-m/nofp/crtbegin.o
                0x0000000020000a08                . = ALIGN (0x4)

.bss            0x0000000020000a08      0x234 load address 0x000000000800a49c
                0x0000000020000a08                _sbss = .
                0x0000000020000a08                __bss_start__ = _sbss
 *(.bss)
 *(.bss*)
 .bss.completed.1
                0x0000000020000a08        0x1 /usr/lib/gcc/arm-none-eabi/10.2.0/thumb/v7e-m/nofp/crtbegin.o
 *fill*         0x0000000020000a09        0x3 
 .bss.object.0  0x0000000020000a0c       0x18 /usr/lib/gcc/arm-none-eabi/10.2.0/thumb/v7e-m/nofp/crtbegin.o
 .bss.currentDate
                0x0000000020000a24        0x4 CMakeFiles/fsm-pump-controller-v1.elf.dir/Core/Src/bsp.c.obj
                0x0000000020000a24                currentDate
 .bss.currentTime
                0x0000000020000a28       0x14 CMakeFiles/fsm-pump-controller-v1.elf.dir/Core/Src/bsp.c.obj
                0x0000000020000a28                currentTime
 .bss.hadc1     0x0000000020000a3c       0x48 CMakeFiles/fsm-pump-controller-v1.elf.dir/Core/Src/bsp.c.obj
                0x0000000020000a3c                hadc1
 .bss.hi2c1     0x0000000020000a84       0x54 CMakeFiles/fsm-pump-controller-v1.elf.dir/Core/Src/bsp.c.obj
                0x0000000020000a84                hi2c1
 .bss.hrtc      0x0000000020000ad8       0x20 CMakeFiles/fsm-pump-controller-v1.elf.dir/Core/Src/bsp.c.obj
                0x0000000020000ad8                hrtc
 .bss.hspi1     0x0000000020000af8       0x58 CMakeFiles/fsm-pump-controller-v1.elf.dir/Core/Src/bsp.c.obj
                0x0000000020000af8                hspi1
 .bss.huart2    0x0000000020000b50       0x40 CMakeFiles/fsm-pump-controller-v1.elf.dir/Core/Src/bsp.c.obj
                0x0000000020000b50                huart2
 .bss.tim4      0x0000000020000b90       0x40 CMakeFiles/fsm-pump-controller-v1.elf.dir/Core/Src/bsp.c.obj
                0x0000000020000b90                tim4
 .bss.LCDHandle
                0x0000000020000bd0        0x4 CMakeFiles/fsm-pump-controller-v1.elf.dir/Core/Src/lcdhitachi.c.obj
 .bss.LCD_I2C_SLAVE_ADDRESS
                0x0000000020000bd4        0x1 CMakeFiles/fsm-pump-controller-v1.elf.dir/Core/Src/lcdhitachi.c.obj
 *fill*         0x0000000020000bd5        0x3 
 .bss.__sbrk_heap_end
                0x0000000020000bd8        0x4 CMakeFiles/fsm-pump-controller-v1.elf.dir/Core/Src/sysmem.c.obj
 .bss.uwTick    0x0000000020000bdc        0x4 CMakeFiles/fsm-pump-controller-v1.elf.dir/Drivers/STM32F4xx_HAL_Driver/Src/stm32f4xx_hal.c.obj
                0x0000000020000bdc                uwTick
 .bss.__malloc_current_mallinfo
                0x0000000020000be0       0x28 /usr/lib/gcc/arm-none-eabi/10.2.0/../../../../arm-none-eabi/lib/thumb/v7e-m/nofp/libg.a(lib_a-mallocr.o)
                0x0000000020000be0                __malloc_current_mallinfo
 .bss.__malloc_max_sbrked_mem
                0x0000000020000c08        0x4 /usr/lib/gcc/arm-none-eabi/10.2.0/../../../../arm-none-eabi/lib/thumb/v7e-m/nofp/libg.a(lib_a-mallocr.o)
                0x0000000020000c08                __malloc_max_sbrked_mem
 .bss.__malloc_max_total_mem
                0x0000000020000c0c        0x4 /usr/lib/gcc/arm-none-eabi/10.2.0/../../../../arm-none-eabi/lib/thumb/v7e-m/nofp/libg.a(lib_a-mallocr.o)
                0x0000000020000c0c                __malloc_max_total_mem
 .bss.__malloc_top_pad
                0x0000000020000c10        0x4 /usr/lib/gcc/arm-none-eabi/10.2.0/../../../../arm-none-eabi/lib/thumb/v7e-m/nofp/libg.a(lib_a-mallocr.o)
                0x0000000020000c10                __malloc_top_pad
 *(COMMON)
 COMMON         0x0000000020000c14       0x21 /usr/lib/gcc/arm-none-eabi/10.2.0/../../../../arm-none-eabi/lib/thumb/v7e-m/nofp/libg.a(lib_a-lock.o)
                0x0000000020000c14                __lock___atexit_recursive_mutex
                0x0000000020000c18                __lock___arc4random_mutex
                0x0000000020000c1c                __lock___env_recursive_mutex
                0x0000000020000c20                __lock___sinit_recursive_mutex
                0x0000000020000c24                __lock___malloc_recursive_mutex
                0x0000000020000c28                __lock___at_quick_exit_mutex
                0x0000000020000c2c                __lock___dd_hash_mutex
                0x0000000020000c30                __lock___tz_mutex
                0x0000000020000c34                __lock___sfp_recursive_mutex
 *fill*         0x0000000020000c35        0x3 
 COMMON         0x0000000020000c38        0x4 /usr/lib/gcc/arm-none-eabi/10.2.0/../../../../arm-none-eabi/lib/thumb/v7e-m/nofp/libg.a(lib_a-reent.o)
                0x0000000020000c38                errno
                0x0000000020000c3c                . = ALIGN (0x4)
                0x0000000020000c3c                _ebss = .
                0x0000000020000c3c                __bss_end__ = _ebss

._user_heap_stack
                0x0000000020000c3c      0x604 load address 0x000000000800a49c
                0x0000000020000c40                . = ALIGN (0x8)
 *fill*         0x0000000020000c3c        0x4 
                [!provide]                        PROVIDE (end = .)
                0x0000000020000c40                PROVIDE (_end = .)
                0x0000000020000e40                . = (. + _Min_Heap_Size)
 *fill*         0x0000000020000c40      0x200 
                0x0000000020001240                . = (. + _Min_Stack_Size)
 *fill*         0x0000000020000e40      0x400 
                0x0000000020001240                . = ALIGN (0x8)

/DISCARD/
 libc.a(*)
 libm.a(*)
 libgcc.a(*)

.ARM.attributes
                0x0000000000000000       0x2a
 *(.ARM.attributes)
 .ARM.attributes
                0x0000000000000000       0x1e /usr/lib/gcc/arm-none-eabi/10.2.0/thumb/v7e-m/nofp/crti.o
 .ARM.attributes
                0x000000000000001e       0x2e /usr/lib/gcc/arm-none-eabi/10.2.0/thumb/v7e-m/nofp/crtbegin.o
 .ARM.attributes
                0x000000000000004c       0x2e CMakeFiles/fsm-pump-controller-v1.elf.dir/Core/Src/bsp.c.obj
 .ARM.attributes
                0x000000000000007a       0x2e CMakeFiles/fsm-pump-controller-v1.elf.dir/Core/Src/fsm.c.obj
 .ARM.attributes
                0x00000000000000a8       0x2e CMakeFiles/fsm-pump-controller-v1.elf.dir/Core/Src/lcdhitachi.c.obj
 .ARM.attributes
                0x00000000000000d6       0x2e CMakeFiles/fsm-pump-controller-v1.elf.dir/Core/Src/main.c.obj
 .ARM.attributes
                0x0000000000000104       0x2e CMakeFiles/fsm-pump-controller-v1.elf.dir/Core/Src/stm32f4xx_hal_msp.c.obj
 .ARM.attributes
                0x0000000000000132       0x2e CMakeFiles/fsm-pump-controller-v1.elf.dir/Core/Src/stm32f4xx_it.c.obj
 .ARM.attributes
                0x0000000000000160       0x2e CMakeFiles/fsm-pump-controller-v1.elf.dir/Core/Src/syscalls.c.obj
 .ARM.attributes
                0x000000000000018e       0x2e CMakeFiles/fsm-pump-controller-v1.elf.dir/Core/Src/sysmem.c.obj
 .ARM.attributes
                0x00000000000001bc       0x2e CMakeFiles/fsm-pump-controller-v1.elf.dir/Core/Src/system_stm32f4xx.c.obj
 .ARM.attributes
                0x00000000000001ea       0x21 CMakeFiles/fsm-pump-controller-v1.elf.dir/Core/Startup/startup_stm32f407vgtx.s.obj
 .ARM.attributes
                0x000000000000020b       0x2e CMakeFiles/fsm-pump-controller-v1.elf.dir/Drivers/STM32F4xx_HAL_Driver/Src/stm32f4xx_hal.c.obj
 .ARM.attributes
                0x0000000000000239       0x2e CMakeFiles/fsm-pump-controller-v1.elf.dir/Drivers/STM32F4xx_HAL_Driver/Src/stm32f4xx_hal_adc.c.obj
 .ARM.attributes
                0x0000000000000267       0x2e CMakeFiles/fsm-pump-controller-v1.elf.dir/Drivers/STM32F4xx_HAL_Driver/Src/stm32f4xx_hal_adc_ex.c.obj
 .ARM.attributes
                0x0000000000000295       0x2e CMakeFiles/fsm-pump-controller-v1.elf.dir/Drivers/STM32F4xx_HAL_Driver/Src/stm32f4xx_hal_cortex.c.obj
 .ARM.attributes
                0x00000000000002c3       0x2e CMakeFiles/fsm-pump-controller-v1.elf.dir/Drivers/STM32F4xx_HAL_Driver/Src/stm32f4xx_hal_gpio.c.obj
 .ARM.attributes
                0x00000000000002f1       0x2e CMakeFiles/fsm-pump-controller-v1.elf.dir/Drivers/STM32F4xx_HAL_Driver/Src/stm32f4xx_hal_i2c.c.obj
 .ARM.attributes
                0x000000000000031f       0x2e CMakeFiles/fsm-pump-controller-v1.elf.dir/Drivers/STM32F4xx_HAL_Driver/Src/stm32f4xx_hal_rcc.c.obj
 .ARM.attributes
                0x000000000000034d       0x2e CMakeFiles/fsm-pump-controller-v1.elf.dir/Drivers/STM32F4xx_HAL_Driver/Src/stm32f4xx_hal_rcc_ex.c.obj
 .ARM.attributes
                0x000000000000037b       0x2e CMakeFiles/fsm-pump-controller-v1.elf.dir/Drivers/STM32F4xx_HAL_Driver/Src/stm32f4xx_hal_rtc.c.obj
 .ARM.attributes
                0x00000000000003a9       0x2e CMakeFiles/fsm-pump-controller-v1.elf.dir/Drivers/STM32F4xx_HAL_Driver/Src/stm32f4xx_hal_spi.c.obj
 .ARM.attributes
                0x00000000000003d7       0x2e CMakeFiles/fsm-pump-controller-v1.elf.dir/Drivers/STM32F4xx_HAL_Driver/Src/stm32f4xx_hal_tim.c.obj
 .ARM.attributes
                0x0000000000000405       0x2e CMakeFiles/fsm-pump-controller-v1.elf.dir/Drivers/STM32F4xx_HAL_Driver/Src/stm32f4xx_hal_uart.c.obj
 .ARM.attributes
                0x0000000000000433       0x1e /usr/lib/gcc/arm-none-eabi/10.2.0/thumb/v7e-m/nofp/libgcc.a(_aeabi_uldivmod.o)
 .ARM.attributes
                0x0000000000000451       0x2e /usr/lib/gcc/arm-none-eabi/10.2.0/thumb/v7e-m/nofp/libgcc.a(_udivmoddi4.o)
 .ARM.attributes
                0x000000000000047f       0x1e /usr/lib/gcc/arm-none-eabi/10.2.0/thumb/v7e-m/nofp/libgcc.a(_dvmd_tls.o)
 .ARM.attributes
                0x000000000000049d       0x2e /usr/lib/gcc/arm-none-eabi/10.2.0/../../../../arm-none-eabi/lib/thumb/v7e-m/nofp/libg.a(lib_a-atexit.o)
 .ARM.attributes
                0x00000000000004cb       0x2e /usr/lib/gcc/arm-none-eabi/10.2.0/../../../../arm-none-eabi/lib/thumb/v7e-m/nofp/libg.a(lib_a-errno.o)
 .ARM.attributes
                0x00000000000004f9       0x2e /usr/lib/gcc/arm-none-eabi/10.2.0/../../../../arm-none-eabi/lib/thumb/v7e-m/nofp/libg.a(lib_a-fini.o)
 .ARM.attributes
                0x0000000000000527       0x2e /usr/lib/gcc/arm-none-eabi/10.2.0/../../../../arm-none-eabi/lib/thumb/v7e-m/nofp/libg.a(lib_a-impure.o)
 .ARM.attributes
                0x0000000000000555       0x2e /usr/lib/gcc/arm-none-eabi/10.2.0/../../../../arm-none-eabi/lib/thumb/v7e-m/nofp/libg.a(lib_a-init.o)
 .ARM.attributes
                0x0000000000000583       0x2e /usr/lib/gcc/arm-none-eabi/10.2.0/../../../../arm-none-eabi/lib/thumb/v7e-m/nofp/libg.a(lib_a-memset.o)
 .ARM.attributes
                0x00000000000005b1       0x2e /usr/lib/gcc/arm-none-eabi/10.2.0/../../../../arm-none-eabi/lib/thumb/v7e-m/nofp/libg.a(lib_a-sprintf.o)
 .ARM.attributes
                0x00000000000005df       0x1c /usr/lib/gcc/arm-none-eabi/10.2.0/../../../../arm-none-eabi/lib/thumb/v7e-m/nofp/libg.a(lib_a-strlen.o)
 .ARM.attributes
                0x00000000000005fb       0x2e /usr/lib/gcc/arm-none-eabi/10.2.0/../../../../arm-none-eabi/lib/thumb/v7e-m/nofp/libg.a(lib_a-svfprintf.o)
 .ARM.attributes
                0x0000000000000629       0x2e /usr/lib/gcc/arm-none-eabi/10.2.0/../../../../arm-none-eabi/lib/thumb/v7e-m/nofp/libg.a(lib_a-vsprintf.o)
 .ARM.attributes
                0x0000000000000657       0x2e /usr/lib/gcc/arm-none-eabi/10.2.0/../../../../arm-none-eabi/lib/thumb/v7e-m/nofp/libg.a(lib_a-__atexit.o)
 .ARM.attributes
                0x0000000000000685       0x2e /usr/lib/gcc/arm-none-eabi/10.2.0/../../../../arm-none-eabi/lib/thumb/v7e-m/nofp/libg.a(lib_a-__call_atexit.o)
 .ARM.attributes
                0x00000000000006b3       0x2e /usr/lib/gcc/arm-none-eabi/10.2.0/../../../../arm-none-eabi/lib/thumb/v7e-m/nofp/libg.a(lib_a-dtoa.o)
 .ARM.attributes
                0x00000000000006e1       0x2e /usr/lib/gcc/arm-none-eabi/10.2.0/../../../../arm-none-eabi/lib/thumb/v7e-m/nofp/libg.a(lib_a-freer.o)
 .ARM.attributes
                0x000000000000070f       0x2e /usr/lib/gcc/arm-none-eabi/10.2.0/../../../../arm-none-eabi/lib/thumb/v7e-m/nofp/libg.a(lib_a-localeconv.o)
 .ARM.attributes
                0x000000000000073d       0x2e /usr/lib/gcc/arm-none-eabi/10.2.0/../../../../arm-none-eabi/lib/thumb/v7e-m/nofp/libg.a(lib_a-locale.o)
 .ARM.attributes
                0x000000000000076b       0x2e /usr/lib/gcc/arm-none-eabi/10.2.0/../../../../arm-none-eabi/lib/thumb/v7e-m/nofp/libg.a(lib_a-lock.o)
 .ARM.attributes
                0x0000000000000799       0x2e /usr/lib/gcc/arm-none-eabi/10.2.0/../../../../arm-none-eabi/lib/thumb/v7e-m/nofp/libg.a(lib_a-mallocr.o)
 .ARM.attributes
                0x00000000000007c7       0x2e /usr/lib/gcc/arm-none-eabi/10.2.0/../../../../arm-none-eabi/lib/thumb/v7e-m/nofp/libg.a(lib_a-mbtowc_r.o)
 .ARM.attributes
                0x00000000000007f5       0x1c /usr/lib/gcc/arm-none-eabi/10.2.0/../../../../arm-none-eabi/lib/thumb/v7e-m/nofp/libg.a(lib_a-memchr.o)
 .ARM.attributes
                0x0000000000000811       0x1c /usr/lib/gcc/arm-none-eabi/10.2.0/../../../../arm-none-eabi/lib/thumb/v7e-m/nofp/libg.a(lib_a-memcpy.o)
 .ARM.attributes
                0x000000000000082d       0x2e /usr/lib/gcc/arm-none-eabi/10.2.0/../../../../arm-none-eabi/lib/thumb/v7e-m/nofp/libg.a(lib_a-mlock.o)
 .ARM.attributes
                0x000000000000085b       0x2e /usr/lib/gcc/arm-none-eabi/10.2.0/../../../../arm-none-eabi/lib/thumb/v7e-m/nofp/libg.a(lib_a-mprec.o)
 .ARM.attributes
                0x0000000000000889       0x2e /usr/lib/gcc/arm-none-eabi/10.2.0/../../../../arm-none-eabi/lib/thumb/v7e-m/nofp/libg.a(lib_a-sbrkr.o)
 .ARM.attributes
                0x00000000000008b7       0x2e /usr/lib/gcc/arm-none-eabi/10.2.0/../../../../arm-none-eabi/lib/thumb/v7e-m/nofp/libg.a(lib_a-s_frexp.o)
 .ARM.attributes
                0x00000000000008e5       0x2e /usr/lib/gcc/arm-none-eabi/10.2.0/../../../../arm-none-eabi/lib/thumb/v7e-m/nofp/libg.a(lib_a-strncpy.o)
 .ARM.attributes
                0x0000000000000913       0x2e /usr/lib/gcc/arm-none-eabi/10.2.0/../../../../arm-none-eabi/lib/thumb/v7e-m/nofp/libg.a(lib_a-svfiprintf.o)
 .ARM.attributes
                0x0000000000000941       0x2e /usr/lib/gcc/arm-none-eabi/10.2.0/../../../../arm-none-eabi/lib/thumb/v7e-m/nofp/libg.a(lib_a-wctomb_r.o)
 .ARM.attributes
                0x000000000000096f       0x2e /usr/lib/gcc/arm-none-eabi/10.2.0/../../../../arm-none-eabi/lib/thumb/v7e-m/nofp/libg.a(lib_a-assert.o)
 .ARM.attributes
                0x000000000000099d       0x2e /usr/lib/gcc/arm-none-eabi/10.2.0/../../../../arm-none-eabi/lib/thumb/v7e-m/nofp/libg.a(lib_a-callocr.o)
 .ARM.attributes
                0x00000000000009cb       0x2e /usr/lib/gcc/arm-none-eabi/10.2.0/../../../../arm-none-eabi/lib/thumb/v7e-m/nofp/libg.a(lib_a-ctype_.o)
 .ARM.attributes
                0x00000000000009f9       0x2e /usr/lib/gcc/arm-none-eabi/10.2.0/../../../../arm-none-eabi/lib/thumb/v7e-m/nofp/libg.a(lib_a-fiprintf.o)
 .ARM.attributes
                0x0000000000000a27       0x2e /usr/lib/gcc/arm-none-eabi/10.2.0/../../../../arm-none-eabi/lib/thumb/v7e-m/nofp/libg.a(lib_a-memmove.o)
 .ARM.attributes
                0x0000000000000a55       0x2e /usr/lib/gcc/arm-none-eabi/10.2.0/../../../../arm-none-eabi/lib/thumb/v7e-m/nofp/libg.a(lib_a-reallocr.o)
 .ARM.attributes
                0x0000000000000a83       0x2e /usr/lib/gcc/arm-none-eabi/10.2.0/../../../../arm-none-eabi/lib/thumb/v7e-m/nofp/libg.a(lib_a-reent.o)
 .ARM.attributes
                0x0000000000000ab1       0x2e /usr/lib/gcc/arm-none-eabi/10.2.0/../../../../arm-none-eabi/lib/thumb/v7e-m/nofp/libg.a(lib_a-vfiprintf.o)
 .ARM.attributes
                0x0000000000000adf       0x2e /usr/lib/gcc/arm-none-eabi/10.2.0/../../../../arm-none-eabi/lib/thumb/v7e-m/nofp/libg.a(lib_a-wsetup.o)
 .ARM.attributes
                0x0000000000000b0d       0x2e /usr/lib/gcc/arm-none-eabi/10.2.0/../../../../arm-none-eabi/lib/thumb/v7e-m/nofp/libg.a(lib_a-abort.o)
 .ARM.attributes
                0x0000000000000b3b       0x2e /usr/lib/gcc/arm-none-eabi/10.2.0/../../../../arm-none-eabi/lib/thumb/v7e-m/nofp/libg.a(lib_a-fflush.o)
 .ARM.attributes
                0x0000000000000b69       0x2e /usr/lib/gcc/arm-none-eabi/10.2.0/../../../../arm-none-eabi/lib/thumb/v7e-m/nofp/libg.a(lib_a-findfp.o)
 .ARM.attributes
                0x0000000000000b97       0x2e /usr/lib/gcc/arm-none-eabi/10.2.0/../../../../arm-none-eabi/lib/thumb/v7e-m/nofp/libg.a(lib_a-fputwc.o)
 .ARM.attributes
                0x0000000000000bc5       0x2e /usr/lib/gcc/arm-none-eabi/10.2.0/../../../../arm-none-eabi/lib/thumb/v7e-m/nofp/libg.a(lib_a-fvwrite.o)
 .ARM.attributes
                0x0000000000000bf3       0x2e /usr/lib/gcc/arm-none-eabi/10.2.0/../../../../arm-none-eabi/lib/thumb/v7e-m/nofp/libg.a(lib_a-fwalk.o)
 .ARM.attributes
                0x0000000000000c21       0x2e /usr/lib/gcc/arm-none-eabi/10.2.0/../../../../arm-none-eabi/lib/thumb/v7e-m/nofp/libg.a(lib_a-makebuf.o)
 .ARM.attributes
                0x0000000000000c4f       0x2e /usr/lib/gcc/arm-none-eabi/10.2.0/../../../../arm-none-eabi/lib/thumb/v7e-m/nofp/libg.a(lib_a-signal.o)
 .ARM.attributes
                0x0000000000000c7d       0x2e /usr/lib/gcc/arm-none-eabi/10.2.0/../../../../arm-none-eabi/lib/thumb/v7e-m/nofp/libg.a(lib_a-signalr.o)
 .ARM.attributes
                0x0000000000000cab       0x2e /usr/lib/gcc/arm-none-eabi/10.2.0/../../../../arm-none-eabi/lib/thumb/v7e-m/nofp/libg.a(lib_a-stdio.o)
 .ARM.attributes
                0x0000000000000cd9       0x2e /usr/lib/gcc/arm-none-eabi/10.2.0/../../../../arm-none-eabi/lib/thumb/v7e-m/nofp/libg.a(lib_a-wbuf.o)
 .ARM.attributes
                0x0000000000000d07       0x2e /usr/lib/gcc/arm-none-eabi/10.2.0/../../../../arm-none-eabi/lib/thumb/v7e-m/nofp/libg.a(lib_a-wcrtomb.o)
 .ARM.attributes
                0x0000000000000d35       0x2e /usr/lib/gcc/arm-none-eabi/10.2.0/../../../../arm-none-eabi/lib/thumb/v7e-m/nofp/libg.a(lib_a-writer.o)
 .ARM.attributes
                0x0000000000000d63       0x2e /usr/lib/gcc/arm-none-eabi/10.2.0/../../../../arm-none-eabi/lib/thumb/v7e-m/nofp/libg.a(lib_a-closer.o)
 .ARM.attributes
                0x0000000000000d91       0x2e /usr/lib/gcc/arm-none-eabi/10.2.0/../../../../arm-none-eabi/lib/thumb/v7e-m/nofp/libg.a(lib_a-fclose.o)
 .ARM.attributes
                0x0000000000000dbf       0x2e /usr/lib/gcc/arm-none-eabi/10.2.0/../../../../arm-none-eabi/lib/thumb/v7e-m/nofp/libg.a(lib_a-fstatr.o)
 .ARM.attributes
                0x0000000000000ded       0x2e /usr/lib/gcc/arm-none-eabi/10.2.0/../../../../arm-none-eabi/lib/thumb/v7e-m/nofp/libg.a(lib_a-isattyr.o)
 .ARM.attributes
                0x0000000000000e1b       0x2e /usr/lib/gcc/arm-none-eabi/10.2.0/../../../../arm-none-eabi/lib/thumb/v7e-m/nofp/libg.a(lib_a-lseekr.o)
 .ARM.attributes
                0x0000000000000e49       0x2e /usr/lib/gcc/arm-none-eabi/10.2.0/../../../../arm-none-eabi/lib/thumb/v7e-m/nofp/libg.a(lib_a-readr.o)
 .ARM.attributes
                0x0000000000000e77       0x1e /usr/lib/gcc/arm-none-eabi/10.2.0/thumb/v7e-m/nofp/libgcc.a(_arm_addsubdf3.o)
 .ARM.attributes
                0x0000000000000e95       0x1e /usr/lib/gcc/arm-none-eabi/10.2.0/thumb/v7e-m/nofp/libgcc.a(_arm_muldivdf3.o)
 .ARM.attributes
                0x0000000000000eb3       0x1e /usr/lib/gcc/arm-none-eabi/10.2.0/thumb/v7e-m/nofp/libgcc.a(_arm_cmpdf2.o)
 .ARM.attributes
                0x0000000000000ed1       0x1e /usr/lib/gcc/arm-none-eabi/10.2.0/thumb/v7e-m/nofp/libgcc.a(_arm_unorddf2.o)
 .ARM.attributes
                0x0000000000000eef       0x1e /usr/lib/gcc/arm-none-eabi/10.2.0/thumb/v7e-m/nofp/libgcc.a(_arm_fixdfsi.o)
 .ARM.attributes
                0x0000000000000f0d       0x1e /usr/lib/gcc/arm-none-eabi/10.2.0/thumb/v7e-m/nofp/crtn.o
OUTPUT(fsm-pump-controller-v1.elf elf32-littlearm)
LOAD linker stubs
LOAD /usr/lib/gcc/arm-none-eabi/10.2.0/../../../../arm-none-eabi/lib/thumb/v7e-m/nofp/libc.a
LOAD /usr/lib/gcc/arm-none-eabi/10.2.0/../../../../arm-none-eabi/lib/thumb/v7e-m/nofp/libm.a
LOAD /usr/lib/gcc/arm-none-eabi/10.2.0/thumb/v7e-m/nofp/libgcc.a

.debug_info     0x0000000000000000    0x16bf2
 .debug_info    0x0000000000000000     0x23e9 CMakeFiles/fsm-pump-controller-v1.elf.dir/Core/Src/bsp.c.obj
 .debug_info    0x00000000000023e9      0x334 CMakeFiles/fsm-pump-controller-v1.elf.dir/Core/Src/fsm.c.obj
 .debug_info    0x000000000000271d      0xcf7 CMakeFiles/fsm-pump-controller-v1.elf.dir/Core/Src/lcdhitachi.c.obj
 .debug_info    0x0000000000003414      0x406 CMakeFiles/fsm-pump-controller-v1.elf.dir/Core/Src/main.c.obj
 .debug_info    0x000000000000381a     0x1a2a CMakeFiles/fsm-pump-controller-v1.elf.dir/Core/Src/stm32f4xx_hal_msp.c.obj
 .debug_info    0x0000000000005244      0x6b4 CMakeFiles/fsm-pump-controller-v1.elf.dir/Core/Src/stm32f4xx_it.c.obj
 .debug_info    0x00000000000058f8      0x7bb CMakeFiles/fsm-pump-controller-v1.elf.dir/Core/Src/syscalls.c.obj
 .debug_info    0x00000000000060b3      0x174 CMakeFiles/fsm-pump-controller-v1.elf.dir/Core/Src/sysmem.c.obj
 .debug_info    0x0000000000006227      0x538 CMakeFiles/fsm-pump-controller-v1.elf.dir/Core/Src/system_stm32f4xx.c.obj
 .debug_info    0x000000000000675f       0x22 CMakeFiles/fsm-pump-controller-v1.elf.dir/Core/Startup/startup_stm32f407vgtx.s.obj
 .debug_info    0x0000000000006781      0x9f0 CMakeFiles/fsm-pump-controller-v1.elf.dir/Drivers/STM32F4xx_HAL_Driver/Src/stm32f4xx_hal.c.obj
 .debug_info    0x0000000000007171      0xeb7 CMakeFiles/fsm-pump-controller-v1.elf.dir/Drivers/STM32F4xx_HAL_Driver/Src/stm32f4xx_hal_adc.c.obj
 .debug_info    0x0000000000008028      0xcaa CMakeFiles/fsm-pump-controller-v1.elf.dir/Drivers/STM32F4xx_HAL_Driver/Src/stm32f4xx_hal_adc_ex.c.obj
 .debug_info    0x0000000000008cd2     0x1098 CMakeFiles/fsm-pump-controller-v1.elf.dir/Drivers/STM32F4xx_HAL_Driver/Src/stm32f4xx_hal_cortex.c.obj
 .debug_info    0x0000000000009d6a      0x79b CMakeFiles/fsm-pump-controller-v1.elf.dir/Drivers/STM32F4xx_HAL_Driver/Src/stm32f4xx_hal_gpio.c.obj
 .debug_info    0x000000000000a505     0x3911 CMakeFiles/fsm-pump-controller-v1.elf.dir/Drivers/STM32F4xx_HAL_Driver/Src/stm32f4xx_hal_i2c.c.obj
 .debug_info    0x000000000000de16      0xb03 CMakeFiles/fsm-pump-controller-v1.elf.dir/Drivers/STM32F4xx_HAL_Driver/Src/stm32f4xx_hal_rcc.c.obj
 .debug_info    0x000000000000e919      0x684 CMakeFiles/fsm-pump-controller-v1.elf.dir/Drivers/STM32F4xx_HAL_Driver/Src/stm32f4xx_hal_rcc_ex.c.obj
 .debug_info    0x000000000000ef9d      0xf41 CMakeFiles/fsm-pump-controller-v1.elf.dir/Drivers/STM32F4xx_HAL_Driver/Src/stm32f4xx_hal_rtc.c.obj
 .debug_info    0x000000000000fede     0x1e35 CMakeFiles/fsm-pump-controller-v1.elf.dir/Drivers/STM32F4xx_HAL_Driver/Src/stm32f4xx_hal_spi.c.obj
 .debug_info    0x0000000000011d13     0x35d9 CMakeFiles/fsm-pump-controller-v1.elf.dir/Drivers/STM32F4xx_HAL_Driver/Src/stm32f4xx_hal_tim.c.obj
 .debug_info    0x00000000000152ec     0x1906 CMakeFiles/fsm-pump-controller-v1.elf.dir/Drivers/STM32F4xx_HAL_Driver/Src/stm32f4xx_hal_uart.c.obj

.debug_abbrev   0x0000000000000000     0x2b49
 .debug_abbrev  0x0000000000000000      0x343 CMakeFiles/fsm-pump-controller-v1.elf.dir/Core/Src/bsp.c.obj
 .debug_abbrev  0x0000000000000343      0x163 CMakeFiles/fsm-pump-controller-v1.elf.dir/Core/Src/fsm.c.obj
 .debug_abbrev  0x00000000000004a6      0x256 CMakeFiles/fsm-pump-controller-v1.elf.dir/Core/Src/lcdhitachi.c.obj
 .debug_abbrev  0x00000000000006fc      0x155 CMakeFiles/fsm-pump-controller-v1.elf.dir/Core/Src/main.c.obj
 .debug_abbrev  0x0000000000000851      0x201 CMakeFiles/fsm-pump-controller-v1.elf.dir/Core/Src/stm32f4xx_hal_msp.c.obj
 .debug_abbrev  0x0000000000000a52      0x18f CMakeFiles/fsm-pump-controller-v1.elf.dir/Core/Src/stm32f4xx_it.c.obj
 .debug_abbrev  0x0000000000000be1      0x1b4 CMakeFiles/fsm-pump-controller-v1.elf.dir/Core/Src/syscalls.c.obj
 .debug_abbrev  0x0000000000000d95       0xe7 CMakeFiles/fsm-pump-controller-v1.elf.dir/Core/Src/sysmem.c.obj
 .debug_abbrev  0x0000000000000e7c      0x119 CMakeFiles/fsm-pump-controller-v1.elf.dir/Core/Src/system_stm32f4xx.c.obj
 .debug_abbrev  0x0000000000000f95       0x12 CMakeFiles/fsm-pump-controller-v1.elf.dir/Core/Startup/startup_stm32f407vgtx.s.obj
 .debug_abbrev  0x0000000000000fa7      0x206 CMakeFiles/fsm-pump-controller-v1.elf.dir/Drivers/STM32F4xx_HAL_Driver/Src/stm32f4xx_hal.c.obj
 .debug_abbrev  0x00000000000011ad      0x23a CMakeFiles/fsm-pump-controller-v1.elf.dir/Drivers/STM32F4xx_HAL_Driver/Src/stm32f4xx_hal_adc.c.obj
 .debug_abbrev  0x00000000000013e7      0x293 CMakeFiles/fsm-pump-controller-v1.elf.dir/Drivers/STM32F4xx_HAL_Driver/Src/stm32f4xx_hal_adc_ex.c.obj
 .debug_abbrev  0x000000000000167a      0x36a CMakeFiles/fsm-pump-controller-v1.elf.dir/Drivers/STM32F4xx_HAL_Driver/Src/stm32f4xx_hal_cortex.c.obj
 .debug_abbrev  0x00000000000019e4      0x1ef CMakeFiles/fsm-pump-controller-v1.elf.dir/Drivers/STM32F4xx_HAL_Driver/Src/stm32f4xx_hal_gpio.c.obj
 .debug_abbrev  0x0000000000001bd3      0x27f CMakeFiles/fsm-pump-controller-v1.elf.dir/Drivers/STM32F4xx_HAL_Driver/Src/stm32f4xx_hal_i2c.c.obj
 .debug_abbrev  0x0000000000001e52      0x28a CMakeFiles/fsm-pump-controller-v1.elf.dir/Drivers/STM32F4xx_HAL_Driver/Src/stm32f4xx_hal_rcc.c.obj
 .debug_abbrev  0x00000000000020dc      0x180 CMakeFiles/fsm-pump-controller-v1.elf.dir/Drivers/STM32F4xx_HAL_Driver/Src/stm32f4xx_hal_rcc_ex.c.obj
 .debug_abbrev  0x000000000000225c      0x200 CMakeFiles/fsm-pump-controller-v1.elf.dir/Drivers/STM32F4xx_HAL_Driver/Src/stm32f4xx_hal_rtc.c.obj
 .debug_abbrev  0x000000000000245c      0x24e CMakeFiles/fsm-pump-controller-v1.elf.dir/Drivers/STM32F4xx_HAL_Driver/Src/stm32f4xx_hal_spi.c.obj
 .debug_abbrev  0x00000000000026aa      0x22b CMakeFiles/fsm-pump-controller-v1.elf.dir/Drivers/STM32F4xx_HAL_Driver/Src/stm32f4xx_hal_tim.c.obj
 .debug_abbrev  0x00000000000028d5      0x274 CMakeFiles/fsm-pump-controller-v1.elf.dir/Drivers/STM32F4xx_HAL_Driver/Src/stm32f4xx_hal_uart.c.obj

.debug_loc      0x0000000000000000     0xf60d
 .debug_loc     0x0000000000000000       0xf8 CMakeFiles/fsm-pump-controller-v1.elf.dir/Core/Src/bsp.c.obj
 .debug_loc     0x00000000000000f8       0xde CMakeFiles/fsm-pump-controller-v1.elf.dir/Core/Src/fsm.c.obj
 .debug_loc     0x00000000000001d6      0x2cb CMakeFiles/fsm-pump-controller-v1.elf.dir/Core/Src/lcdhitachi.c.obj
 .debug_loc     0x00000000000004a1       0x5f CMakeFiles/fsm-pump-controller-v1.elf.dir/Core/Src/main.c.obj
 .debug_loc     0x0000000000000500      0x1f3 CMakeFiles/fsm-pump-controller-v1.elf.dir/Core/Src/stm32f4xx_hal_msp.c.obj
 .debug_loc     0x00000000000006f3      0x3c5 CMakeFiles/fsm-pump-controller-v1.elf.dir/Core/Src/syscalls.c.obj
 .debug_loc     0x0000000000000ab8       0x64 CMakeFiles/fsm-pump-controller-v1.elf.dir/Core/Src/sysmem.c.obj
 .debug_loc     0x0000000000000b1c      0x158 CMakeFiles/fsm-pump-controller-v1.elf.dir/Core/Src/system_stm32f4xx.c.obj
 .debug_loc     0x0000000000000c74      0x141 CMakeFiles/fsm-pump-controller-v1.elf.dir/Drivers/STM32F4xx_HAL_Driver/Src/stm32f4xx_hal.c.obj